MPLINK 5.00, LINKER
Linker Map File - Created Mon Oct 26 00:17:11 2020

                                 Section Info
                  Section       Type    Address   Location Size(Bytes)
                ---------  ---------  ---------  ---------  ---------
               _entry_scn       code   0x000000    program   0x000006
    HIGH_INTERRUPT_VECTOR       code   0x000008    program   0x000006
     LOW_INTERRUPT_VECTOR       code   0x000018    program   0x000006
    REMAPPED_RESET_VECTOR       code   0x001000    program   0x000006
           .code___init.o       code   0x001006    program   0x000002
REMAPPED_HIGH_INTERRUPT_VECTOR       code   0x001008    program   0x000006
REMAPPED_LOW_INTERRUPT_VECTOR       code   0x001018    program   0x000006
                   .cinit    romdata   0x00101e    program   0x00000e
             .code_main.o       code   0x00102c    program   0x0011fc
       .code_usb_device.o       code   0x002228    program   0x000cf4
.romdata_usb_descriptors.o    romdata   0x002f1c    program   0x0001af
    .idata_usb_device.o_i    romdata   0x0030cb    program   0x000000
    .romdata_usb_device.o    romdata   0x0030cb    program   0x000000
.idata_usb_function_hid.o_i    romdata   0x0030cb    program   0x000000
.romdata_usb_function_hid.o    romdata   0x0030cb    program   0x000000
        .idata_eeprom.o_i    romdata   0x0030cb    program   0x000000
        .romdata_eeprom.o    romdata   0x0030cb    program   0x000000
      .idata_fxd1616u.o_i    romdata   0x0030cb    program   0x000000
      .romdata_fxd1616u.o    romdata   0x0030cb    program   0x000000
        .idata___init.o_i    romdata   0x0030cb    program   0x000000
        .romdata___init.o    romdata   0x0030cb    program   0x000000
         .idata_c018i.o_i    romdata   0x0030cb    program   0x000000
         .romdata_c018i.o    romdata   0x0030cb    program   0x000000
.idata_usb_descriptors.o_i    romdata   0x0030cb    program   0x000000
          .romdata_main.o    romdata   0x0030cb    program   0x000000
             .stringtable    romdata   0x0030cb    program   0x000000
            .code_c018i.o       code   0x0030cc    program   0x000000
           .code_eeprom.o       code   0x0030cc    program   0x000178
  .code_usb_descriptors.o       code   0x0030cc    program   0x000000
 .code_usb_function_hid.o       code   0x003244    program   0x000122
                     PROG       code   0x003366    program   0x0000a6
               _cinit_scn       code   0x00340c    program   0x00009e
                   STRING       code   0x0034aa    program   0x000050
         .code_fxd1616u.o       code   0x0034fa    program   0x00002c
                    .code       code   0x003526    program   0x000020
             _startup_scn       code   0x003546    program   0x00001c
          .idata_main.o_i    romdata   0x003562    program   0x000040
    .config_300000_main.o    romdata   0x300000    program   0x000001
    .config_300001_main.o    romdata   0x300001    program   0x000001
    .config_300002_main.o    romdata   0x300002    program   0x000001
    .config_300003_main.o    romdata   0x300003    program   0x000001
    .config_300005_main.o    romdata   0x300005    program   0x000001
    .config_300006_main.o    romdata   0x300006    program   0x000001
    .config_300008_main.o    romdata   0x300008    program   0x000001
    .config_300009_main.o    romdata   0x300009    program   0x000001
    .config_30000a_main.o    romdata   0x30000a    program   0x000001
    .config_30000b_main.o    romdata   0x30000b    program   0x000001
    .config_30000c_main.o    romdata   0x30000c    program   0x000001
    .config_30000d_main.o    romdata   0x30000d    program   0x000001
                MATH_DATA      udata   0x000000       data   0x000014
YourLowPriorityISRCode_tmp      udata   0x000014       data   0x00000b
                 .tmpdata      udata   0x00001f       data   0x00000b
      .udata_usb_device.o      udata   0x000060       data   0x000040
            .idata_main.o      idata   0x0000a0       data   0x000040
           .udata_c018i.o      udata   0x0000e0       data   0x00000a
.udata_usb_function_hid.o      udata   0x0000ea       data   0x000002
 .idata_usb_descriptors.o      idata   0x0000ec       data   0x000000
 .udata_usb_descriptors.o      udata   0x0000ec       data   0x000000
          .idata___init.o      idata   0x0000ec       data   0x000000
           .idata_c018i.o      idata   0x0000ec       data   0x000000
      .idata_usb_device.o      idata   0x0000ec       data   0x000000
          .udata___init.o      udata   0x0000ec       data   0x000000
.idata_usb_function_hid.o      idata   0x0000ec       data   0x000000
          .udata_eeprom.o      udata   0x0000ec       data   0x000000
          .idata_eeprom.o      idata   0x0000ec       data   0x000000
        .idata_fxd1616u.o      idata   0x0000ec       data   0x000000
        .udata_fxd1616u.o      udata   0x0000ec       data   0x000000
                   .stack      udata   0x000100       data   0x000040
            .udata_main.o      udata   0x000140       data   0x00003e
                  USB_BDT      udata   0x000200       data   0x000069
                  usbram2      udata   0x000269       data   0x000090
              SFR_BANKED0      udata   0x000f53       data   0x00000d
            SFR_UNBANKED0      udata   0x000f60       data   0x0000a0



                              Program Memory Usage 
                               Start         End      
                           ---------   ---------      
                            0x000000    0x000005      
                            0x000008    0x00000d      
                            0x000018    0x00001d      
                            0x001000    0x00100d      
                            0x001018    0x0030ca      
                            0x0030cc    0x0035a1      
                            0x300000    0x300003      
                            0x300005    0x300006      
                            0x300008    0x30000d      
            9653 out of 16408 program addresses used, program memory utilization is 58%



                              Symbols - Sorted by Name
                     Name    Address   Location    Storage File                     
                ---------  ---------  ---------  --------- ---------                
                   D1616S   0x003388    program     static E:\3.46\pic18-lt\cxx-framework\src\traditional\math\fxd1616s.asm
                D1616SNEG   0x003396    program     static E:\3.46\pic18-lt\cxx-framework\src\traditional\math\fxd1616s.asm
                 D1616SOK   0x003392    program     static E:\3.46\pic18-lt\cxx-framework\src\traditional\math\fxd1616s.asm
                  D1616SX   0x0033a8    program     static E:\3.46\pic18-lt\cxx-framework\src\traditional\math\fxd1616s.asm
                  DA1616S   0x003378    program     static E:\3.46\pic18-lt\cxx-framework\src\traditional\math\fxd1616s.asm
                 FXD1616S   0x003366    program     extern E:\3.46\pic18-lt\cxx-framework\src\traditional\math\fxd1616s.asm
                 FXD1616U   0x0034fa    program     extern E:\3.46\pic18-lt\cxx-framework\src\traditional\math\fxd1616u.c
                 FXM1616S   0x0033b2    program     extern E:\3.46\pic18-lt\cxx-framework\src\traditional\math\fxm1616s.asm
                 High_ISR   0x000008    program     extern C:\Users\guroc\Desktop\REVIVE_USB_Debounce\REVIVE_USB_Debounce_FW\main.c
         InitializeSystem   0x00140a    program     static C:\Users\guroc\Desktop\REVIVE_USB_Debounce\REVIVE_USB_Debounce_FW\main.c
                  Low_ISR   0x000018    program     extern C:\Users\guroc\Desktop\REVIVE_USB_Debounce\REVIVE_USB_Debounce_FW\main.c
                ProcessIO   0x0016cc    program     extern C:\Users\guroc\Desktop\REVIVE_USB_Debounce\REVIVE_USB_Debounce_FW\main.c
               ReadEEPROM   0x0030cc    program     extern C:\Users\guroc\Desktop\REVIVE_USB_Debounce\REVIVE_USB_Debounce_FW\eeprom.c
         ReadEEPROM_Agree   0x003110    program     extern C:\Users\guroc\Desktop\REVIVE_USB_Debounce\REVIVE_USB_Debounce_FW\eeprom.c
        Remapped_High_ISR   0x001008    program     extern C:\Users\guroc\Desktop\REVIVE_USB_Debounce\REVIVE_USB_Debounce_FW\main.c
         Remapped_Low_ISR   0x001018    program     extern C:\Users\guroc\Desktop\REVIVE_USB_Debounce\REVIVE_USB_Debounce_FW\main.c
               TSIGN1616A   0x0033fe    program     static E:\3.46\pic18-lt\cxx-framework\src\traditional\math\fxm1616s.asm
       USBCBCheckOtherReq   0x001f84    program     extern C:\Users\guroc\Desktop\REVIVE_USB_Debounce\REVIVE_USB_Debounce_FW\main.c
        USBCBErrorHandler   0x001f82    program     extern C:\Users\guroc\Desktop\REVIVE_USB_Debounce\REVIVE_USB_Debounce_FW\main.c
              USBCBInitEP   0x001f8a    program     extern C:\Users\guroc\Desktop\REVIVE_USB_Debounce\REVIVE_USB_Debounce_FW\main.c
          USBCBSendResume   0x001fa8    program     extern C:\Users\guroc\Desktop\REVIVE_USB_Debounce\REVIVE_USB_Debounce_FW\main.c
    USBCBStdSetDscHandler   0x001f88    program     extern C:\Users\guroc\Desktop\REVIVE_USB_Debounce\REVIVE_USB_Debounce_FW\main.c
             USBCBSuspend   0x001f7c    program     extern C:\Users\guroc\Desktop\REVIVE_USB_Debounce\REVIVE_USB_Debounce_FW\main.c
     USBCBWakeFromSuspend   0x001f7e    program     extern C:\Users\guroc\Desktop\REVIVE_USB_Debounce\REVIVE_USB_Debounce_FW\main.c
        USBCB_SOF_Handler   0x001f80    program     extern C:\Users\guroc\Desktop\REVIVE_USB_Debounce\REVIVE_USB_Debounce_FW\main.c
              USBCancelIO   0x002520    program     extern C:\Users\guroc\Desktop\REVIVE_USB_Debounce\REVIVE_USB_Debounce_FW\Microchip\USB\usb_device.c
       USBCheckHIDRequest   0x003244    program     extern C:\Users\guroc\Desktop\REVIVE_USB_Debounce\REVIVE_USB_Debounce_FW\Microchip\USB\HID Device Driver\usb_function_hid.c
       USBCheckStdRequest   0x002aea    program     static C:\Users\guroc\Desktop\REVIVE_USB_Debounce\REVIVE_USB_Debounce_FW\Microchip\USB\usb_device.c
     USBConfigureEndpoint   0x0025de    program     static C:\Users\guroc\Desktop\REVIVE_USB_Debounce\REVIVE_USB_Debounce_FW\Microchip\USB\usb_device.c
  USBCtrlEPAllowDataStage   0x0025a0    program     extern C:\Users\guroc\Desktop\REVIVE_USB_Debounce\REVIVE_USB_Debounce_FW\Microchip\USB\usb_device.c
USBCtrlEPAllowStatusStage   0x002554    program     extern C:\Users\guroc\Desktop\REVIVE_USB_Debounce\REVIVE_USB_Debounce_FW\Microchip\USB\usb_device.c
         USBCtrlEPService   0x002992    program     static C:\Users\guroc\Desktop\REVIVE_USB_Debounce\REVIVE_USB_Debounce_FW\Microchip\USB\usb_device.c
 USBCtrlEPServiceComplete   0x00263a    program     static C:\Users\guroc\Desktop\REVIVE_USB_Debounce\REVIVE_USB_Debounce_FW\Microchip\USB\usb_device.c
      USBCtrlTrfInHandler   0x002a70    program     static C:\Users\guroc\Desktop\REVIVE_USB_Debounce\REVIVE_USB_Debounce_FW\Microchip\USB\usb_device.c
     USBCtrlTrfOutHandler   0x002a52    program     static C:\Users\guroc\Desktop\REVIVE_USB_Debounce\REVIVE_USB_Debounce_FW\Microchip\USB\usb_device.c
      USBCtrlTrfRxService   0x002714    program     static C:\Users\guroc\Desktop\REVIVE_USB_Debounce\REVIVE_USB_Debounce_FW\Microchip\USB\usb_device.c
   USBCtrlTrfSetupHandler   0x002a1c    program     static C:\Users\guroc\Desktop\REVIVE_USB_Debounce\REVIVE_USB_Debounce_FW\Microchip\USB\usb_device.c
      USBCtrlTrfTxService   0x002694    program     static C:\Users\guroc\Desktop\REVIVE_USB_Debounce\REVIVE_USB_Debounce_FW\Microchip\USB\usb_device.c
            USBDeviceInit   0x002228    program     extern C:\Users\guroc\Desktop\REVIVE_USB_Debounce\REVIVE_USB_Debounce_FW\Microchip\USB\usb_device.c
           USBDeviceTasks   0x0022f2    program     extern C:\Users\guroc\Desktop\REVIVE_USB_Debounce\REVIVE_USB_Debounce_FW\Microchip\USB\usb_device.c
        USBEnableEndpoint   0x00241c    program     extern C:\Users\guroc\Desktop\REVIVE_USB_Debounce\REVIVE_USB_Debounce_FW\Microchip\USB\usb_device.c
         USBStallEndpoint   0x0024f0    program     extern C:\Users\guroc\Desktop\REVIVE_USB_Debounce\REVIVE_USB_Debounce_FW\Microchip\USB\usb_device.c
          USBStallHandler   0x002944    program     static C:\Users\guroc\Desktop\REVIVE_USB_Debounce\REVIVE_USB_Debounce_FW\Microchip\USB\usb_device.c
  USBStdFeatureReqHandler   0x002b92    program     static C:\Users\guroc\Desktop\REVIVE_USB_Debounce\REVIVE_USB_Debounce_FW\Microchip\USB\usb_device.c
      USBStdGetDscHandler   0x002854    program     static C:\Users\guroc\Desktop\REVIVE_USB_Debounce\REVIVE_USB_Debounce_FW\Microchip\USB\usb_device.c
   USBStdGetStatusHandler   0x0028ce    program     static C:\Users\guroc\Desktop\REVIVE_USB_Debounce\REVIVE_USB_Debounce_FW\Microchip\USB\usb_device.c
      USBStdSetCfgHandler   0x0027dc    program     static C:\Users\guroc\Desktop\REVIVE_USB_Debounce\REVIVE_USB_Debounce_FW\Microchip\USB\usb_device.c
               USBSuspend   0x002966    program     static C:\Users\guroc\Desktop\REVIVE_USB_Debounce\REVIVE_USB_Debounce_FW\Microchip\USB\usb_device.c
     USBTransferOnePacket   0x002464    program     extern C:\Users\guroc\Desktop\REVIVE_USB_Debounce\REVIVE_USB_Debounce_FW\Microchip\USB\usb_device.c
       USBWakeFromSuspend   0x00297a    program     static C:\Users\guroc\Desktop\REVIVE_USB_Debounce\REVIVE_USB_Debounce_FW\Microchip\USB\usb_device.c
               USB_CD_Ptr   0x0030c3    program     extern C:\Users\guroc\Desktop\REVIVE_USB_Debounce\REVIVE_USB_Debounce_FW\usb_descriptors.c
               USB_SD_Ptr   0x0030c5    program     extern C:\Users\guroc\Desktop\REVIVE_USB_Debounce\REVIVE_USB_Debounce_FW\usb_descriptors.c
USER_USB_CALLBACK_EVENT_HANDLER   0x001fc4    program     extern C:\Users\guroc\Desktop\REVIVE_USB_Debounce\REVIVE_USB_Debounce_FW\main.c
                 UserInit   0x001414    program     extern C:\Users\guroc\Desktop\REVIVE_USB_Debounce\REVIVE_USB_Debounce_FW\main.c
              WriteEEPROM   0x0030dc    program     extern C:\Users\guroc\Desktop\REVIVE_USB_Debounce\REVIVE_USB_Debounce_FW\eeprom.c
        WriteEEPROM_Agree   0x0031a2    program     extern C:\Users\guroc\Desktop\REVIVE_USB_Debounce\REVIVE_USB_Debounce_FW\eeprom.c
  YourHighPriorityISRCode   0x00102c    program     extern C:\Users\guroc\Desktop\REVIVE_USB_Debounce\REVIVE_USB_Debounce_FW\main.c
   YourLowPriorityISRCode   0x00103a    program     extern C:\Users\guroc\Desktop\REVIVE_USB_Debounce\REVIVE_USB_Debounce_FW\main.c
              _2jContinue   0x0034ca    program     static E:\3.46\pic18-lt\cxx-framework\src\traditional\stdclib\memset.asm
                   _3jEnd   0x0034d4    program     static E:\3.46\pic18-lt\cxx-framework\src\traditional\stdclib\memset.asm
           ___?:_lbl00009   0x001256    program     static                          
           ___?:_lbl00010   0x001254    program     static                          
           ___?:_lbl00011   0x001282    program     static                          
           ___?:_lbl00012   0x001280    program     static                          
     ___case_114_lbl00172   0x002048    program     static                          
     ___case_115_lbl00168   0x002038    program     static                          
     ___case_116_lbl00170   0x002040    program     static                          
     ___case_117_lbl00169   0x00203c    program     static                          
       ___case_1_lbl00165   0x00202c    program     static                          
       ___case_2_lbl00166   0x002030    program     static                          
   ___case_32767_lbl00171   0x002044    program     static                          
       ___case_3_lbl00167   0x002034    program     static                          
      ___default_lbl00173   0x00204c    program     static                          
         ___else_lbl00014   0x001260    program     static                          
         ___else_lbl00020   0x00132c    program     static                          
          ___for_lbl00007   0x0013aa    program     static                          
          ___for_lbl00008   0x0013b0    program     static                          
          ___for_lbl00021   0x001200    program     static                          
           ___if_lbl00013   0x00128a    program     static                          
           ___if_lbl00015   0x0012e2    program     static                          
           ___if_lbl00016   0x00132a    program     static                          
           ___if_lbl00017   0x001368    program     static                          
           ___if_lbl00018   0x0013aa    program     static                          
           ___if_lbl00019   0x0013aa    program     static                          
           ___if_lbl00022   0x0013b0    program     static                          
       ___return_lbl00000   0x003524    program     static                          
       ___return_lbl00000   0x000004    program     static                          
       ___return_lbl00000   0x001004    program     static                          
       ___return_lbl00001   0x00100c    program     static                          
       ___return_lbl00001   0x003560    program     static                          
       ___return_lbl00002   0x00101c    program     static                          
       ___return_lbl00002   0x0034a8    program     static                          
       ___return_lbl00003   0x00000c    program     static                          
       ___return_lbl00004   0x00001c    program     static                          
       ___return_lbl00006   0x0013b0    program     static                          
       ___return_lbl00163   0x002052    program     static                          
   ___switchexit_lbl00164   0x00204e    program     static                          
               __config_0   0x300000    program     static C:\Users\guroc\Desktop\REVIVE_USB_Debounce\REVIVE_USB_Debounce_FW\main.c
               __config_1   0x300001    program     static C:\Users\guroc\Desktop\REVIVE_USB_Debounce\REVIVE_USB_Debounce_FW\main.c
              __config_10   0x30000c    program     static C:\Users\guroc\Desktop\REVIVE_USB_Debounce\REVIVE_USB_Debounce_FW\main.c
              __config_11   0x30000d    program     static C:\Users\guroc\Desktop\REVIVE_USB_Debounce\REVIVE_USB_Debounce_FW\main.c
               __config_2   0x300002    program     static C:\Users\guroc\Desktop\REVIVE_USB_Debounce\REVIVE_USB_Debounce_FW\main.c
               __config_3   0x300003    program     static C:\Users\guroc\Desktop\REVIVE_USB_Debounce\REVIVE_USB_Debounce_FW\main.c
               __config_4   0x300005    program     static C:\Users\guroc\Desktop\REVIVE_USB_Debounce\REVIVE_USB_Debounce_FW\main.c
               __config_5   0x300006    program     static C:\Users\guroc\Desktop\REVIVE_USB_Debounce\REVIVE_USB_Debounce_FW\main.c
               __config_6   0x300008    program     static C:\Users\guroc\Desktop\REVIVE_USB_Debounce\REVIVE_USB_Debounce_FW\main.c
               __config_7   0x300009    program     static C:\Users\guroc\Desktop\REVIVE_USB_Debounce\REVIVE_USB_Debounce_FW\main.c
               __config_8   0x30000a    program     static C:\Users\guroc\Desktop\REVIVE_USB_Debounce\REVIVE_USB_Debounce_FW\main.c
               __config_9   0x30000b    program     static C:\Users\guroc\Desktop\REVIVE_USB_Debounce\REVIVE_USB_Debounce_FW\main.c
                   __init   0x001006    program     extern E:\3.46\pic18-lt\cxx-framework\src\traditional\stdclib\__init.c
                   __pa_0   0x0031ee    program     static C:\Users\guroc\Desktop\REVIVE_USB_Debounce\REVIVE_USB_Debounce_FW\eeprom.c
                   __pa_0   0x002cbc    program     static C:\Users\guroc\Desktop\REVIVE_USB_Debounce\REVIVE_USB_Debounce_FW\Microchip\USB\usb_device.c
                   __pa_0   0x00205a    program     static C:\Users\guroc\Desktop\REVIVE_USB_Debounce\REVIVE_USB_Debounce_FW\main.c
                   __pa_1   0x002cc4    program     static C:\Users\guroc\Desktop\REVIVE_USB_Debounce\REVIVE_USB_Debounce_FW\Microchip\USB\usb_device.c
                   __pa_1   0x003210    program     static C:\Users\guroc\Desktop\REVIVE_USB_Debounce\REVIVE_USB_Debounce_FW\eeprom.c
                   __pa_1   0x002076    program     static C:\Users\guroc\Desktop\REVIVE_USB_Debounce\REVIVE_USB_Debounce_FW\main.c
                  __pa_10   0x002d22    program     static C:\Users\guroc\Desktop\REVIVE_USB_Debounce\REVIVE_USB_Debounce_FW\Microchip\USB\usb_device.c
                  __pa_10   0x002104    program     static C:\Users\guroc\Desktop\REVIVE_USB_Debounce\REVIVE_USB_Debounce_FW\main.c
                  __pa_11   0x002d32    program     static C:\Users\guroc\Desktop\REVIVE_USB_Debounce\REVIVE_USB_Debounce_FW\Microchip\USB\usb_device.c
                  __pa_11   0x002112    program     static C:\Users\guroc\Desktop\REVIVE_USB_Debounce\REVIVE_USB_Debounce_FW\main.c
                  __pa_12   0x002d3c    program     static C:\Users\guroc\Desktop\REVIVE_USB_Debounce\REVIVE_USB_Debounce_FW\Microchip\USB\usb_device.c
                  __pa_12   0x00211e    program     static C:\Users\guroc\Desktop\REVIVE_USB_Debounce\REVIVE_USB_Debounce_FW\main.c
                  __pa_13   0x002d50    program     static C:\Users\guroc\Desktop\REVIVE_USB_Debounce\REVIVE_USB_Debounce_FW\Microchip\USB\usb_device.c
                  __pa_13   0x002138    program     static C:\Users\guroc\Desktop\REVIVE_USB_Debounce\REVIVE_USB_Debounce_FW\main.c
                  __pa_14   0x002148    program     static C:\Users\guroc\Desktop\REVIVE_USB_Debounce\REVIVE_USB_Debounce_FW\main.c
                  __pa_14   0x002d64    program     static C:\Users\guroc\Desktop\REVIVE_USB_Debounce\REVIVE_USB_Debounce_FW\Microchip\USB\usb_device.c
                  __pa_15   0x002d70    program     static C:\Users\guroc\Desktop\REVIVE_USB_Debounce\REVIVE_USB_Debounce_FW\Microchip\USB\usb_device.c
                  __pa_15   0x002158    program     static C:\Users\guroc\Desktop\REVIVE_USB_Debounce\REVIVE_USB_Debounce_FW\main.c
                  __pa_16   0x002170    program     static C:\Users\guroc\Desktop\REVIVE_USB_Debounce\REVIVE_USB_Debounce_FW\main.c
                  __pa_16   0x002d8a    program     static C:\Users\guroc\Desktop\REVIVE_USB_Debounce\REVIVE_USB_Debounce_FW\Microchip\USB\usb_device.c
                  __pa_17   0x002d96    program     static C:\Users\guroc\Desktop\REVIVE_USB_Debounce\REVIVE_USB_Debounce_FW\Microchip\USB\usb_device.c
                  __pa_17   0x00217c    program     static C:\Users\guroc\Desktop\REVIVE_USB_Debounce\REVIVE_USB_Debounce_FW\main.c
                  __pa_18   0x002da2    program     static C:\Users\guroc\Desktop\REVIVE_USB_Debounce\REVIVE_USB_Debounce_FW\Microchip\USB\usb_device.c
                  __pa_18   0x002188    program     static C:\Users\guroc\Desktop\REVIVE_USB_Debounce\REVIVE_USB_Debounce_FW\main.c
                  __pa_19   0x002198    program     static C:\Users\guroc\Desktop\REVIVE_USB_Debounce\REVIVE_USB_Debounce_FW\main.c
                  __pa_19   0x002daa    program     static C:\Users\guroc\Desktop\REVIVE_USB_Debounce\REVIVE_USB_Debounce_FW\Microchip\USB\usb_device.c
                   __pa_2   0x00321a    program     static C:\Users\guroc\Desktop\REVIVE_USB_Debounce\REVIVE_USB_Debounce_FW\eeprom.c
                   __pa_2   0x002cce    program     static C:\Users\guroc\Desktop\REVIVE_USB_Debounce\REVIVE_USB_Debounce_FW\Microchip\USB\usb_device.c
                   __pa_2   0x00209a    program     static C:\Users\guroc\Desktop\REVIVE_USB_Debounce\REVIVE_USB_Debounce_FW\main.c
                  __pa_20   0x0021a0    program     static C:\Users\guroc\Desktop\REVIVE_USB_Debounce\REVIVE_USB_Debounce_FW\main.c
                  __pa_20   0x002db2    program     static C:\Users\guroc\Desktop\REVIVE_USB_Debounce\REVIVE_USB_Debounce_FW\Microchip\USB\usb_device.c
                  __pa_21   0x0021a8    program     static C:\Users\guroc\Desktop\REVIVE_USB_Debounce\REVIVE_USB_Debounce_FW\main.c
                  __pa_21   0x002dbe    program     static C:\Users\guroc\Desktop\REVIVE_USB_Debounce\REVIVE_USB_Debounce_FW\Microchip\USB\usb_device.c
                  __pa_22   0x0021b2    program     static C:\Users\guroc\Desktop\REVIVE_USB_Debounce\REVIVE_USB_Debounce_FW\main.c
                  __pa_22   0x002dce    program     static C:\Users\guroc\Desktop\REVIVE_USB_Debounce\REVIVE_USB_Debounce_FW\Microchip\USB\usb_device.c
                  __pa_23   0x0021bc    program     static C:\Users\guroc\Desktop\REVIVE_USB_Debounce\REVIVE_USB_Debounce_FW\main.c
                  __pa_23   0x002dde    program     static C:\Users\guroc\Desktop\REVIVE_USB_Debounce\REVIVE_USB_Debounce_FW\Microchip\USB\usb_device.c
                  __pa_24   0x0021c2    program     static C:\Users\guroc\Desktop\REVIVE_USB_Debounce\REVIVE_USB_Debounce_FW\main.c
                  __pa_24   0x002dee    program     static C:\Users\guroc\Desktop\REVIVE_USB_Debounce\REVIVE_USB_Debounce_FW\Microchip\USB\usb_device.c
                  __pa_25   0x002dfc    program     static C:\Users\guroc\Desktop\REVIVE_USB_Debounce\REVIVE_USB_Debounce_FW\Microchip\USB\usb_device.c
                  __pa_25   0x0021c8    program     static C:\Users\guroc\Desktop\REVIVE_USB_Debounce\REVIVE_USB_Debounce_FW\main.c
                  __pa_26   0x002e0a    program     static C:\Users\guroc\Desktop\REVIVE_USB_Debounce\REVIVE_USB_Debounce_FW\Microchip\USB\usb_device.c
                  __pa_26   0x0021da    program     static C:\Users\guroc\Desktop\REVIVE_USB_Debounce\REVIVE_USB_Debounce_FW\main.c
                  __pa_27   0x002e18    program     static C:\Users\guroc\Desktop\REVIVE_USB_Debounce\REVIVE_USB_Debounce_FW\Microchip\USB\usb_device.c
                  __pa_27   0x0021e6    program     static C:\Users\guroc\Desktop\REVIVE_USB_Debounce\REVIVE_USB_Debounce_FW\main.c
                  __pa_28   0x002e26    program     static C:\Users\guroc\Desktop\REVIVE_USB_Debounce\REVIVE_USB_Debounce_FW\Microchip\USB\usb_device.c
                  __pa_28   0x0021f2    program     static C:\Users\guroc\Desktop\REVIVE_USB_Debounce\REVIVE_USB_Debounce_FW\main.c
                  __pa_29   0x002e30    program     static C:\Users\guroc\Desktop\REVIVE_USB_Debounce\REVIVE_USB_Debounce_FW\Microchip\USB\usb_device.c
                  __pa_29   0x0021fe    program     static C:\Users\guroc\Desktop\REVIVE_USB_Debounce\REVIVE_USB_Debounce_FW\main.c
                   __pa_3   0x0020aa    program     static C:\Users\guroc\Desktop\REVIVE_USB_Debounce\REVIVE_USB_Debounce_FW\main.c
                   __pa_3   0x002cd6    program     static C:\Users\guroc\Desktop\REVIVE_USB_Debounce\REVIVE_USB_Debounce_FW\Microchip\USB\usb_device.c
                   __pa_3   0x003222    program     static C:\Users\guroc\Desktop\REVIVE_USB_Debounce\REVIVE_USB_Debounce_FW\eeprom.c
                  __pa_30   0x002e48    program     static C:\Users\guroc\Desktop\REVIVE_USB_Debounce\REVIVE_USB_Debounce_FW\Microchip\USB\usb_device.c
                  __pa_30   0x00220c    program     static C:\Users\guroc\Desktop\REVIVE_USB_Debounce\REVIVE_USB_Debounce_FW\main.c
                  __pa_31   0x002e54    program     static C:\Users\guroc\Desktop\REVIVE_USB_Debounce\REVIVE_USB_Debounce_FW\Microchip\USB\usb_device.c
                  __pa_31   0x002216    program     static C:\Users\guroc\Desktop\REVIVE_USB_Debounce\REVIVE_USB_Debounce_FW\main.c
                  __pa_32   0x002e5c    program     static C:\Users\guroc\Desktop\REVIVE_USB_Debounce\REVIVE_USB_Debounce_FW\Microchip\USB\usb_device.c
                  __pa_32   0x002220    program     static C:\Users\guroc\Desktop\REVIVE_USB_Debounce\REVIVE_USB_Debounce_FW\main.c
                  __pa_33   0x002e70    program     static C:\Users\guroc\Desktop\REVIVE_USB_Debounce\REVIVE_USB_Debounce_FW\Microchip\USB\usb_device.c
                  __pa_34   0x002e82    program     static C:\Users\guroc\Desktop\REVIVE_USB_Debounce\REVIVE_USB_Debounce_FW\Microchip\USB\usb_device.c
                  __pa_35   0x002e90    program     static C:\Users\guroc\Desktop\REVIVE_USB_Debounce\REVIVE_USB_Debounce_FW\Microchip\USB\usb_device.c
                  __pa_36   0x002e9a    program     static C:\Users\guroc\Desktop\REVIVE_USB_Debounce\REVIVE_USB_Debounce_FW\Microchip\USB\usb_device.c
                  __pa_37   0x002ea4    program     static C:\Users\guroc\Desktop\REVIVE_USB_Debounce\REVIVE_USB_Debounce_FW\Microchip\USB\usb_device.c
                  __pa_38   0x002eaa    program     static C:\Users\guroc\Desktop\REVIVE_USB_Debounce\REVIVE_USB_Debounce_FW\Microchip\USB\usb_device.c
                  __pa_39   0x002eb2    program     static C:\Users\guroc\Desktop\REVIVE_USB_Debounce\REVIVE_USB_Debounce_FW\Microchip\USB\usb_device.c
                   __pa_4   0x002ce0    program     static C:\Users\guroc\Desktop\REVIVE_USB_Debounce\REVIVE_USB_Debounce_FW\Microchip\USB\usb_device.c
                   __pa_4   0x0020ba    program     static C:\Users\guroc\Desktop\REVIVE_USB_Debounce\REVIVE_USB_Debounce_FW\main.c
                   __pa_4   0x00322c    program     static C:\Users\guroc\Desktop\REVIVE_USB_Debounce\REVIVE_USB_Debounce_FW\eeprom.c
                  __pa_40   0x002eb8    program     static C:\Users\guroc\Desktop\REVIVE_USB_Debounce\REVIVE_USB_Debounce_FW\Microchip\USB\usb_device.c
                  __pa_41   0x002ec6    program     static C:\Users\guroc\Desktop\REVIVE_USB_Debounce\REVIVE_USB_Debounce_FW\Microchip\USB\usb_device.c
                  __pa_42   0x002ed4    program     static C:\Users\guroc\Desktop\REVIVE_USB_Debounce\REVIVE_USB_Debounce_FW\Microchip\USB\usb_device.c
                  __pa_43   0x002ee2    program     static C:\Users\guroc\Desktop\REVIVE_USB_Debounce\REVIVE_USB_Debounce_FW\Microchip\USB\usb_device.c
                  __pa_44   0x002eec    program     static C:\Users\guroc\Desktop\REVIVE_USB_Debounce\REVIVE_USB_Debounce_FW\Microchip\USB\usb_device.c
                  __pa_45   0x002ef6    program     static C:\Users\guroc\Desktop\REVIVE_USB_Debounce\REVIVE_USB_Debounce_FW\Microchip\USB\usb_device.c
                  __pa_46   0x002efe    program     static C:\Users\guroc\Desktop\REVIVE_USB_Debounce\REVIVE_USB_Debounce_FW\Microchip\USB\usb_device.c
                  __pa_47   0x002f0a    program     static C:\Users\guroc\Desktop\REVIVE_USB_Debounce\REVIVE_USB_Debounce_FW\Microchip\USB\usb_device.c
                  __pa_48   0x002f14    program     static C:\Users\guroc\Desktop\REVIVE_USB_Debounce\REVIVE_USB_Debounce_FW\Microchip\USB\usb_device.c
                   __pa_5   0x00323a    program     static C:\Users\guroc\Desktop\REVIVE_USB_Debounce\REVIVE_USB_Debounce_FW\eeprom.c
                   __pa_5   0x002cea    program     static C:\Users\guroc\Desktop\REVIVE_USB_Debounce\REVIVE_USB_Debounce_FW\Microchip\USB\usb_device.c
                   __pa_5   0x0020d6    program     static C:\Users\guroc\Desktop\REVIVE_USB_Debounce\REVIVE_USB_Debounce_FW\main.c
                   __pa_6   0x002cf4    program     static C:\Users\guroc\Desktop\REVIVE_USB_Debounce\REVIVE_USB_Debounce_FW\Microchip\USB\usb_device.c
                   __pa_6   0x0020de    program     static C:\Users\guroc\Desktop\REVIVE_USB_Debounce\REVIVE_USB_Debounce_FW\main.c
                   __pa_7   0x002cfc    program     static C:\Users\guroc\Desktop\REVIVE_USB_Debounce\REVIVE_USB_Debounce_FW\Microchip\USB\usb_device.c
                   __pa_7   0x0020e8    program     static C:\Users\guroc\Desktop\REVIVE_USB_Debounce\REVIVE_USB_Debounce_FW\main.c
                   __pa_8   0x002d0c    program     static C:\Users\guroc\Desktop\REVIVE_USB_Debounce\REVIVE_USB_Debounce_FW\Microchip\USB\usb_device.c
                   __pa_8   0x0020f0    program     static C:\Users\guroc\Desktop\REVIVE_USB_Debounce\REVIVE_USB_Debounce_FW\main.c
                   __pa_9   0x0020f6    program     static C:\Users\guroc\Desktop\REVIVE_USB_Debounce\REVIVE_USB_Debounce_FW\main.c
                   __pa_9   0x002d16    program     static C:\Users\guroc\Desktop\REVIVE_USB_Debounce\REVIVE_USB_Debounce_FW\Microchip\USB\usb_device.c
              __tmplbl_13   0x001fe0    program     static                          
              __tmplbl_14   0x001fec    program     static                          
              __tmplbl_15   0x001ff6    program     static                          
              __tmplbl_16   0x002000    program     static                          
              __tmplbl_17   0x00200a    program     static                          
              __tmplbl_18   0x002014    program     static                          
              __tmplbl_19   0x00201e    program     static                          
              __tmplbl_20   0x002028    program     static                          
              __tmplbl_21   0x001214    program     static                          
              __tmplbl_22   0x001230    program     static                          
              __tmplbl_24   0x002cf4    program     static                          
              __tmplbl_28   0x001f68    program     static                          
              __tmplbl_29   0x001f68    program     static                          
              __tmplbl_34   0x002cf4    program     static                          
              __tmplbl_37   0x002cf4    program     static                          
              __tmplbl_38   0x002cf4    program     static                          
            __zero_memory   0x003526    program     extern E:\3.46\pic18-lt\cxx-framework\src\traditional\proc\p18f14k50.asm
                _do_cinit   0x00340c    program     extern E:\3.46\pic18-lt\cxx-framework\src\traditional\startup\c018i.c
                   _entry   0x000000    program     extern E:\3.46\pic18-lt\cxx-framework\src\traditional\startup\c018i.c
                   _reset   0x001000    program     extern C:\Users\guroc\Desktop\REVIVE_USB_Debounce\REVIVE_USB_Debounce_FW\main.c
                 _startup   0x003546    program     extern E:\3.46\pic18-lt\cxx-framework\src\traditional\startup\c018i.c
                compare_l   0x00353c    program     static E:\3.46\pic18-lt\cxx-framework\src\traditional\proc\p18f14k50.asm
        configDescriptor1   0x002f2e    program     extern C:\Users\guroc\Desktop\REVIVE_USB_Debounce\REVIVE_USB_Debounce_FW\usb_descriptors.c
                copy_loop   0x00347e    program     static                          
            copy_one_byte   0x003484    program     static                          
               device_dsc   0x002f1c    program     extern C:\Users\guroc\Desktop\REVIVE_USB_Debounce\REVIVE_USB_Debounce_FW\usb_descriptors.c
                     done   0x0034a8    program     static                          
             done_copying   0x003492    program     static                          
                  endloop   0x003520    program     static                          
                hid_rpt01   0x002fb0    program     extern C:\Users\guroc\Desktop\REVIVE_USB_Debounce\REVIVE_USB_Debounce_FW\usb_descriptors.c
                hid_rpt02   0x002fe4    program     extern C:\Users\guroc\Desktop\REVIVE_USB_Debounce\REVIVE_USB_Debounce_FW\usb_descriptors.c
                hid_rpt03   0x003015    program     extern C:\Users\guroc\Desktop\REVIVE_USB_Debounce\REVIVE_USB_Debounce_FW\usb_descriptors.c
                hid_rpt04   0x003054    program     extern C:\Users\guroc\Desktop\REVIVE_USB_Debounce\REVIVE_USB_Debounce_FW\usb_descriptors.c
                     jEnd   0x0034dc    program     static E:\3.46\pic18-lt\cxx-framework\src\traditional\stdclib\memset.asm
                     jEnd   0x0034f8    program     static E:\3.46\pic18-lt\cxx-framework\src\traditional\stdclib\strlen.asm
                    jLoop   0x0034be    program     static E:\3.46\pic18-lt\cxx-framework\src\traditional\stdclib\memset.asm
                    jLoop   0x0034ee    program     static E:\3.46\pic18-lt\cxx-framework\src\traditional\stdclib\strlen.asm
                     loop   0x003504    program     static                          
                     loop   0x003556    program     static                          
                   loop_h   0x003534    program     static E:\3.46\pic18-lt\cxx-framework\src\traditional\proc\p18f14k50.asm
                   loop_l   0x00353e    program     static E:\3.46\pic18-lt\cxx-framework\src\traditional\proc\p18f14k50.asm
                     main   0x001400    program     extern C:\Users\guroc\Desktop\REVIVE_USB_Debounce\REVIVE_USB_Debounce_FW\main.c
                   memset   0x0034aa    program     extern E:\3.46\pic18-lt\cxx-framework\src\traditional\stdclib\memset.asm
                    sd000   0x003071    program     extern C:\Users\guroc\Desktop\REVIVE_USB_Debounce\REVIVE_USB_Debounce_FW\usb_descriptors.c
                    sd001   0x003075    program     extern C:\Users\guroc\Desktop\REVIVE_USB_Debounce\REVIVE_USB_Debounce_FW\usb_descriptors.c
                    sd002   0x00309b    program     extern C:\Users\guroc\Desktop\REVIVE_USB_Debounce\REVIVE_USB_Debounce_FW\usb_descriptors.c
                   strlen   0x0034de    program     extern E:\3.46\pic18-lt\cxx-framework\src\traditional\stdclib\strlen.asm
                     test   0x003426    program     static                          
               zero_block   0x003534    program     static E:\3.46\pic18-lt\cxx-framework\src\traditional\proc\p18f14k50.asm
                   ADCON0   0x000fc2       data     extern E:\3.46\pic18-lt\cxx-framework\src\traditional\proc\p18f14k50.asm
               ADCON0bits   0x000fc2       data     extern E:\3.46\pic18-lt\cxx-framework\src\traditional\proc\p18f14k50.asm
                   ADCON1   0x000fc1       data     extern E:\3.46\pic18-lt\cxx-framework\src\traditional\proc\p18f14k50.asm
               ADCON1bits   0x000fc1       data     extern E:\3.46\pic18-lt\cxx-framework\src\traditional\proc\p18f14k50.asm
                   ADCON2   0x000fc0       data     extern E:\3.46\pic18-lt\cxx-framework\src\traditional\proc\p18f14k50.asm
               ADCON2bits   0x000fc0       data     extern E:\3.46\pic18-lt\cxx-framework\src\traditional\proc\p18f14k50.asm
                    ADRES   0x000fc3       data     extern E:\3.46\pic18-lt\cxx-framework\src\traditional\proc\p18f14k50.asm
                   ADRESH   0x000fc4       data     extern E:\3.46\pic18-lt\cxx-framework\src\traditional\proc\p18f14k50.asm
                   ADRESL   0x000fc3       data     extern E:\3.46\pic18-lt\cxx-framework\src\traditional\proc\p18f14k50.asm
                    ANSEL   0x000f7e       data     extern E:\3.46\pic18-lt\cxx-framework\src\traditional\proc\p18f14k50.asm
                   ANSELH   0x000f7f       data     extern E:\3.46\pic18-lt\cxx-framework\src\traditional\proc\p18f14k50.asm
               ANSELHbits   0x000f7f       data     extern E:\3.46\pic18-lt\cxx-framework\src\traditional\proc\p18f14k50.asm
                ANSELbits   0x000f7e       data     extern E:\3.46\pic18-lt\cxx-framework\src\traditional\proc\p18f14k50.asm
                  BAUDCON   0x000fb8       data     extern E:\3.46\pic18-lt\cxx-framework\src\traditional\proc\p18f14k50.asm
              BAUDCONbits   0x000fb8       data     extern E:\3.46\pic18-lt\cxx-framework\src\traditional\proc\p18f14k50.asm
                  BAUDCTL   0x000fb8       data     extern E:\3.46\pic18-lt\cxx-framework\src\traditional\proc\p18f14k50.asm
              BAUDCTLbits   0x000fb8       data     extern E:\3.46\pic18-lt\cxx-framework\src\traditional\proc\p18f14k50.asm
                      BDT   0x000200       data     extern C:\Users\guroc\Desktop\REVIVE_USB_Debounce\REVIVE_USB_Debounce_FW\Microchip\USB\usb_device.c
                      BSR   0x000fe0       data     extern E:\3.46\pic18-lt\cxx-framework\src\traditional\proc\p18f14k50.asm
       BothEP0OutUOWNsSet   0x00008f       data     extern C:\Users\guroc\Desktop\REVIVE_USB_Debounce\REVIVE_USB_Debounce_FW\Microchip\USB\usb_device.c
                  CCP1CON   0x000fbd       data     extern E:\3.46\pic18-lt\cxx-framework\src\traditional\proc\p18f14k50.asm
              CCP1CONbits   0x000fbd       data     extern E:\3.46\pic18-lt\cxx-framework\src\traditional\proc\p18f14k50.asm
                    CCPR1   0x000fbe       data     extern E:\3.46\pic18-lt\cxx-framework\src\traditional\proc\p18f14k50.asm
                   CCPR1H   0x000fbf       data     extern E:\3.46\pic18-lt\cxx-framework\src\traditional\proc\p18f14k50.asm
                   CCPR1L   0x000fbe       data     extern E:\3.46\pic18-lt\cxx-framework\src\traditional\proc\p18f14k50.asm
                  CM1CON0   0x000f6d       data     extern E:\3.46\pic18-lt\cxx-framework\src\traditional\proc\p18f14k50.asm
              CM1CON0bits   0x000f6d       data     extern E:\3.46\pic18-lt\cxx-framework\src\traditional\proc\p18f14k50.asm
                  CM2CON0   0x000f6b       data     extern E:\3.46\pic18-lt\cxx-framework\src\traditional\proc\p18f14k50.asm
              CM2CON0bits   0x000f6b       data     extern E:\3.46\pic18-lt\cxx-framework\src\traditional\proc\p18f14k50.asm
                  CM2CON1   0x000f6c       data     extern E:\3.46\pic18-lt\cxx-framework\src\traditional\proc\p18f14k50.asm
              CM2CON1bits   0x000f6c       data     extern E:\3.46\pic18-lt\cxx-framework\src\traditional\proc\p18f14k50.asm
              CtrlTrfData   0x000258       data     extern C:\Users\guroc\Desktop\REVIVE_USB_Debounce\REVIVE_USB_Debounce_FW\Microchip\USB\usb_device.c
                     DDRA   0x000f92       data     extern E:\3.46\pic18-lt\cxx-framework\src\traditional\proc\p18f14k50.asm
                 DDRAbits   0x000f92       data     extern E:\3.46\pic18-lt\cxx-framework\src\traditional\proc\p18f14k50.asm
                     DDRB   0x000f93       data     extern E:\3.46\pic18-lt\cxx-framework\src\traditional\proc\p18f14k50.asm
                 DDRBbits   0x000f93       data     extern E:\3.46\pic18-lt\cxx-framework\src\traditional\proc\p18f14k50.asm
                     DDRC   0x000f94       data     extern E:\3.46\pic18-lt\cxx-framework\src\traditional\proc\p18f14k50.asm
                 DDRCbits   0x000f94       data     extern E:\3.46\pic18-lt\cxx-framework\src\traditional\proc\p18f14k50.asm
                  ECCP1AS   0x000fb6       data     extern E:\3.46\pic18-lt\cxx-framework\src\traditional\proc\p18f14k50.asm
              ECCP1ASbits   0x000fb6       data     extern E:\3.46\pic18-lt\cxx-framework\src\traditional\proc\p18f14k50.asm
                    EEADR   0x000fa9       data     extern E:\3.46\pic18-lt\cxx-framework\src\traditional\proc\p18f14k50.asm
                EEADRbits   0x000fa9       data     extern E:\3.46\pic18-lt\cxx-framework\src\traditional\proc\p18f14k50.asm
                   EECON1   0x000fa6       data     extern E:\3.46\pic18-lt\cxx-framework\src\traditional\proc\p18f14k50.asm
               EECON1bits   0x000fa6       data     extern E:\3.46\pic18-lt\cxx-framework\src\traditional\proc\p18f14k50.asm
                   EECON2   0x000fa7       data     extern E:\3.46\pic18-lt\cxx-framework\src\traditional\proc\p18f14k50.asm
                   EEDATA   0x000fa8       data     extern E:\3.46\pic18-lt\cxx-framework\src\traditional\proc\p18f14k50.asm
                     FSR0   0x000fe9       data     extern E:\3.46\pic18-lt\cxx-framework\src\traditional\proc\p18f14k50.asm
                    FSR0H   0x000fea       data     extern E:\3.46\pic18-lt\cxx-framework\src\traditional\proc\p18f14k50.asm
                    FSR0L   0x000fe9       data     extern E:\3.46\pic18-lt\cxx-framework\src\traditional\proc\p18f14k50.asm
                     FSR1   0x000fe1       data     extern E:\3.46\pic18-lt\cxx-framework\src\traditional\proc\p18f14k50.asm
                    FSR1H   0x000fe2       data     extern E:\3.46\pic18-lt\cxx-framework\src\traditional\proc\p18f14k50.asm
                    FSR1L   0x000fe1       data     extern E:\3.46\pic18-lt\cxx-framework\src\traditional\proc\p18f14k50.asm
                     FSR2   0x000fd9       data     extern E:\3.46\pic18-lt\cxx-framework\src\traditional\proc\p18f14k50.asm
                    FSR2H   0x000fda       data     extern E:\3.46\pic18-lt\cxx-framework\src\traditional\proc\p18f14k50.asm
                    FSR2L   0x000fd9       data     extern E:\3.46\pic18-lt\cxx-framework\src\traditional\proc\p18f14k50.asm
                    INDF0   0x000fef       data     extern E:\3.46\pic18-lt\cxx-framework\src\traditional\proc\p18f14k50.asm
                    INDF1   0x000fe7       data     extern E:\3.46\pic18-lt\cxx-framework\src\traditional\proc\p18f14k50.asm
                    INDF2   0x000fdf       data     extern E:\3.46\pic18-lt\cxx-framework\src\traditional\proc\p18f14k50.asm
                   INTCON   0x000ff2       data     extern E:\3.46\pic18-lt\cxx-framework\src\traditional\proc\p18f14k50.asm
                  INTCON2   0x000ff1       data     extern E:\3.46\pic18-lt\cxx-framework\src\traditional\proc\p18f14k50.asm
              INTCON2bits   0x000ff1       data     extern E:\3.46\pic18-lt\cxx-framework\src\traditional\proc\p18f14k50.asm
                  INTCON3   0x000ff0       data     extern E:\3.46\pic18-lt\cxx-framework\src\traditional\proc\p18f14k50.asm
              INTCON3bits   0x000ff0       data     extern E:\3.46\pic18-lt\cxx-framework\src\traditional\proc\p18f14k50.asm
               INTCONbits   0x000ff2       data     extern E:\3.46\pic18-lt\cxx-framework\src\traditional\proc\p18f14k50.asm
                     IOCA   0x000f79       data     extern E:\3.46\pic18-lt\cxx-framework\src\traditional\proc\p18f14k50.asm
                 IOCAbits   0x000f79       data     extern E:\3.46\pic18-lt\cxx-framework\src\traditional\proc\p18f14k50.asm
                     IOCB   0x000f7a       data     extern E:\3.46\pic18-lt\cxx-framework\src\traditional\proc\p18f14k50.asm
                 IOCBbits   0x000f7a       data     extern E:\3.46\pic18-lt\cxx-framework\src\traditional\proc\p18f14k50.asm
                     IPR1   0x000f9f       data     extern E:\3.46\pic18-lt\cxx-framework\src\traditional\proc\p18f14k50.asm
                 IPR1bits   0x000f9f       data     extern E:\3.46\pic18-lt\cxx-framework\src\traditional\proc\p18f14k50.asm
                     IPR2   0x000fa2       data     extern E:\3.46\pic18-lt\cxx-framework\src\traditional\proc\p18f14k50.asm
                 IPR2bits   0x000fa2       data     extern E:\3.46\pic18-lt\cxx-framework\src\traditional\proc\p18f14k50.asm
                     LATA   0x000f89       data     extern E:\3.46\pic18-lt\cxx-framework\src\traditional\proc\p18f14k50.asm
                 LATAbits   0x000f89       data     extern E:\3.46\pic18-lt\cxx-framework\src\traditional\proc\p18f14k50.asm
                     LATB   0x000f8a       data     extern E:\3.46\pic18-lt\cxx-framework\src\traditional\proc\p18f14k50.asm
                 LATBbits   0x000f8a       data     extern E:\3.46\pic18-lt\cxx-framework\src\traditional\proc\p18f14k50.asm
                     LATC   0x000f8b       data     extern E:\3.46\pic18-lt\cxx-framework\src\traditional\proc\p18f14k50.asm
                 LATCbits   0x000f8b       data     extern E:\3.46\pic18-lt\cxx-framework\src\traditional\proc\p18f14k50.asm
                   OSCCON   0x000fd3       data     extern E:\3.46\pic18-lt\cxx-framework\src\traditional\proc\p18f14k50.asm
                  OSCCON2   0x000fd2       data     extern E:\3.46\pic18-lt\cxx-framework\src\traditional\proc\p18f14k50.asm
              OSCCON2bits   0x000fd2       data     extern E:\3.46\pic18-lt\cxx-framework\src\traditional\proc\p18f14k50.asm
               OSCCONbits   0x000fd3       data     extern E:\3.46\pic18-lt\cxx-framework\src\traditional\proc\p18f14k50.asm
                  OSCTUNE   0x000f9b       data     extern E:\3.46\pic18-lt\cxx-framework\src\traditional\proc\p18f14k50.asm
              OSCTUNEbits   0x000f9b       data     extern E:\3.46\pic18-lt\cxx-framework\src\traditional\proc\p18f14k50.asm
                       PC   0x000ff9       data     extern E:\3.46\pic18-lt\cxx-framework\src\traditional\proc\p18f14k50.asm
                      PCL   0x000ff9       data     extern E:\3.46\pic18-lt\cxx-framework\src\traditional\proc\p18f14k50.asm
                   PCLATH   0x000ffa       data     extern E:\3.46\pic18-lt\cxx-framework\src\traditional\proc\p18f14k50.asm
                   PCLATU   0x000ffb       data     extern E:\3.46\pic18-lt\cxx-framework\src\traditional\proc\p18f14k50.asm
                     PIE1   0x000f9d       data     extern E:\3.46\pic18-lt\cxx-framework\src\traditional\proc\p18f14k50.asm
                 PIE1bits   0x000f9d       data     extern E:\3.46\pic18-lt\cxx-framework\src\traditional\proc\p18f14k50.asm
                     PIE2   0x000fa0       data     extern E:\3.46\pic18-lt\cxx-framework\src\traditional\proc\p18f14k50.asm
                 PIE2bits   0x000fa0       data     extern E:\3.46\pic18-lt\cxx-framework\src\traditional\proc\p18f14k50.asm
                     PIR1   0x000f9e       data     extern E:\3.46\pic18-lt\cxx-framework\src\traditional\proc\p18f14k50.asm
                 PIR1bits   0x000f9e       data     extern E:\3.46\pic18-lt\cxx-framework\src\traditional\proc\p18f14k50.asm
                     PIR2   0x000fa1       data     extern E:\3.46\pic18-lt\cxx-framework\src\traditional\proc\p18f14k50.asm
                 PIR2bits   0x000fa1       data     extern E:\3.46\pic18-lt\cxx-framework\src\traditional\proc\p18f14k50.asm
                   PLUSW0   0x000feb       data     extern E:\3.46\pic18-lt\cxx-framework\src\traditional\proc\p18f14k50.asm
                   PLUSW1   0x000fe3       data     extern E:\3.46\pic18-lt\cxx-framework\src\traditional\proc\p18f14k50.asm
                   PLUSW2   0x000fdb       data     extern E:\3.46\pic18-lt\cxx-framework\src\traditional\proc\p18f14k50.asm
                    PORTA   0x000f80       data     extern E:\3.46\pic18-lt\cxx-framework\src\traditional\proc\p18f14k50.asm
                PORTAbits   0x000f80       data     extern E:\3.46\pic18-lt\cxx-framework\src\traditional\proc\p18f14k50.asm
                    PORTB   0x000f81       data     extern E:\3.46\pic18-lt\cxx-framework\src\traditional\proc\p18f14k50.asm
                PORTBbits   0x000f81       data     extern E:\3.46\pic18-lt\cxx-framework\src\traditional\proc\p18f14k50.asm
                    PORTC   0x000f82       data     extern E:\3.46\pic18-lt\cxx-framework\src\traditional\proc\p18f14k50.asm
                PORTCbits   0x000f82       data     extern E:\3.46\pic18-lt\cxx-framework\src\traditional\proc\p18f14k50.asm
                 POSTDEC0   0x000fed       data     extern E:\3.46\pic18-lt\cxx-framework\src\traditional\proc\p18f14k50.asm
                 POSTDEC1   0x000fe5       data     extern E:\3.46\pic18-lt\cxx-framework\src\traditional\proc\p18f14k50.asm
                 POSTDEC2   0x000fdd       data     extern E:\3.46\pic18-lt\cxx-framework\src\traditional\proc\p18f14k50.asm
                 POSTINC0   0x000fee       data     extern E:\3.46\pic18-lt\cxx-framework\src\traditional\proc\p18f14k50.asm
                 POSTINC1   0x000fe6       data     extern E:\3.46\pic18-lt\cxx-framework\src\traditional\proc\p18f14k50.asm
                 POSTINC2   0x000fde       data     extern E:\3.46\pic18-lt\cxx-framework\src\traditional\proc\p18f14k50.asm
                      PR2   0x000fcb       data     extern E:\3.46\pic18-lt\cxx-framework\src\traditional\proc\p18f14k50.asm
                  PREINC0   0x000fec       data     extern E:\3.46\pic18-lt\cxx-framework\src\traditional\proc\p18f14k50.asm
                  PREINC1   0x000fe4       data     extern E:\3.46\pic18-lt\cxx-framework\src\traditional\proc\p18f14k50.asm
                  PREINC2   0x000fdc       data     extern E:\3.46\pic18-lt\cxx-framework\src\traditional\proc\p18f14k50.asm
                     PROD   0x000ff3       data     extern E:\3.46\pic18-lt\cxx-framework\src\traditional\proc\p18f14k50.asm
                    PRODH   0x000ff4       data     extern E:\3.46\pic18-lt\cxx-framework\src\traditional\proc\p18f14k50.asm
                    PRODL   0x000ff3       data     extern E:\3.46\pic18-lt\cxx-framework\src\traditional\proc\p18f14k50.asm
                  PSTRCON   0x000fb9       data     extern E:\3.46\pic18-lt\cxx-framework\src\traditional\proc\p18f14k50.asm
              PSTRCONbits   0x000fb9       data     extern E:\3.46\pic18-lt\cxx-framework\src\traditional\proc\p18f14k50.asm
                  PWM1CON   0x000fb7       data     extern E:\3.46\pic18-lt\cxx-framework\src\traditional\proc\p18f14k50.asm
              PWM1CONbits   0x000fb7       data     extern E:\3.46\pic18-lt\cxx-framework\src\traditional\proc\p18f14k50.asm
                     RCON   0x000fd0       data     extern E:\3.46\pic18-lt\cxx-framework\src\traditional\proc\p18f14k50.asm
                 RCONbits   0x000fd0       data     extern E:\3.46\pic18-lt\cxx-framework\src\traditional\proc\p18f14k50.asm
                    RCREG   0x000fae       data     extern E:\3.46\pic18-lt\cxx-framework\src\traditional\proc\p18f14k50.asm
                    RCSTA   0x000fab       data     extern E:\3.46\pic18-lt\cxx-framework\src\traditional\proc\p18f14k50.asm
                RCSTAbits   0x000fab       data     extern E:\3.46\pic18-lt\cxx-framework\src\traditional\proc\p18f14k50.asm
                  REFCON0   0x000fba       data     extern E:\3.46\pic18-lt\cxx-framework\src\traditional\proc\p18f14k50.asm
              REFCON0bits   0x000fba       data     extern E:\3.46\pic18-lt\cxx-framework\src\traditional\proc\p18f14k50.asm
                  REFCON1   0x000fbb       data     extern E:\3.46\pic18-lt\cxx-framework\src\traditional\proc\p18f14k50.asm
              REFCON1bits   0x000fbb       data     extern E:\3.46\pic18-lt\cxx-framework\src\traditional\proc\p18f14k50.asm
                  REFCON2   0x000fbc       data     extern E:\3.46\pic18-lt\cxx-framework\src\traditional\proc\p18f14k50.asm
              REFCON2bits   0x000fbc       data     extern E:\3.46\pic18-lt\cxx-framework\src\traditional\proc\p18f14k50.asm
       ReceivedDataBuffer   0x000279       data     extern C:\Users\guroc\Desktop\REVIVE_USB_Debounce\REVIVE_USB_Debounce_FW\main.c
             RemoteWakeup   0x00008b       data     extern C:\Users\guroc\Desktop\REVIVE_USB_Debounce\REVIVE_USB_Debounce_FW\Microchip\USB\usb_device.c
                     SIGN   0x000000       data     extern E:\3.46\pic18-lt\cxx-framework\src\traditional\math\cmath18.asm
                   SLRCON   0x000f76       data     extern E:\3.46\pic18-lt\cxx-framework\src\traditional\proc\p18f14k50.asm
               SLRCONbits   0x000f76       data     extern E:\3.46\pic18-lt\cxx-framework\src\traditional\proc\p18f14k50.asm
                    SPBRG   0x000faf       data     extern E:\3.46\pic18-lt\cxx-framework\src\traditional\proc\p18f14k50.asm
                   SPBRGH   0x000fb0       data     extern E:\3.46\pic18-lt\cxx-framework\src\traditional\proc\p18f14k50.asm
                   SRCON0   0x000f68       data     extern E:\3.46\pic18-lt\cxx-framework\src\traditional\proc\p18f14k50.asm
               SRCON0bits   0x000f68       data     extern E:\3.46\pic18-lt\cxx-framework\src\traditional\proc\p18f14k50.asm
                   SRCON1   0x000f69       data     extern E:\3.46\pic18-lt\cxx-framework\src\traditional\proc\p18f14k50.asm
               SRCON1bits   0x000f69       data     extern E:\3.46\pic18-lt\cxx-framework\src\traditional\proc\p18f14k50.asm
                   SSPADD   0x000fc8       data     extern E:\3.46\pic18-lt\cxx-framework\src\traditional\proc\p18f14k50.asm
                   SSPBUF   0x000fc9       data     extern E:\3.46\pic18-lt\cxx-framework\src\traditional\proc\p18f14k50.asm
                  SSPCON1   0x000fc6       data     extern E:\3.46\pic18-lt\cxx-framework\src\traditional\proc\p18f14k50.asm
              SSPCON1bits   0x000fc6       data     extern E:\3.46\pic18-lt\cxx-framework\src\traditional\proc\p18f14k50.asm
                  SSPCON2   0x000fc5       data     extern E:\3.46\pic18-lt\cxx-framework\src\traditional\proc\p18f14k50.asm
              SSPCON2bits   0x000fc5       data     extern E:\3.46\pic18-lt\cxx-framework\src\traditional\proc\p18f14k50.asm
                   SSPMSK   0x000f6f       data     extern E:\3.46\pic18-lt\cxx-framework\src\traditional\proc\p18f14k50.asm
               SSPMSKbits   0x000f6f       data     extern E:\3.46\pic18-lt\cxx-framework\src\traditional\proc\p18f14k50.asm
                  SSPSTAT   0x000fc7       data     extern E:\3.46\pic18-lt\cxx-framework\src\traditional\proc\p18f14k50.asm
              SSPSTATbits   0x000fc7       data     extern E:\3.46\pic18-lt\cxx-framework\src\traditional\proc\p18f14k50.asm
                   STATUS   0x000fd8       data     extern E:\3.46\pic18-lt\cxx-framework\src\traditional\proc\p18f14k50.asm
               STATUSbits   0x000fd8       data     extern E:\3.46\pic18-lt\cxx-framework\src\traditional\proc\p18f14k50.asm
                   STKPTR   0x000ffc       data     extern E:\3.46\pic18-lt\cxx-framework\src\traditional\proc\p18f14k50.asm
               STKPTRbits   0x000ffc       data     extern E:\3.46\pic18-lt\cxx-framework\src\traditional\proc\p18f14k50.asm
                 SetupPkt   0x000250       data     extern C:\Users\guroc\Desktop\REVIVE_USB_Debounce\REVIVE_USB_Debounce_FW\Microchip\USB\usb_device.c
                    T0CON   0x000fd5       data     extern E:\3.46\pic18-lt\cxx-framework\src\traditional\proc\p18f14k50.asm
                T0CONbits   0x000fd5       data     extern E:\3.46\pic18-lt\cxx-framework\src\traditional\proc\p18f14k50.asm
                    T1CON   0x000fcd       data     extern E:\3.46\pic18-lt\cxx-framework\src\traditional\proc\p18f14k50.asm
                T1CONbits   0x000fcd       data     extern E:\3.46\pic18-lt\cxx-framework\src\traditional\proc\p18f14k50.asm
                    T2CON   0x000fca       data     extern E:\3.46\pic18-lt\cxx-framework\src\traditional\proc\p18f14k50.asm
                T2CONbits   0x000fca       data     extern E:\3.46\pic18-lt\cxx-framework\src\traditional\proc\p18f14k50.asm
                    T3CON   0x000fb1       data     extern E:\3.46\pic18-lt\cxx-framework\src\traditional\proc\p18f14k50.asm
                T3CONbits   0x000fb1       data     extern E:\3.46\pic18-lt\cxx-framework\src\traditional\proc\p18f14k50.asm
                   TABLAT   0x000ff5       data     extern E:\3.46\pic18-lt\cxx-framework\src\traditional\proc\p18f14k50.asm
                   TBLPTR   0x000ff6       data     extern E:\3.46\pic18-lt\cxx-framework\src\traditional\proc\p18f14k50.asm
                  TBLPTRH   0x000ff7       data     extern E:\3.46\pic18-lt\cxx-framework\src\traditional\proc\p18f14k50.asm
                  TBLPTRL   0x000ff6       data     extern E:\3.46\pic18-lt\cxx-framework\src\traditional\proc\p18f14k50.asm
                  TBLPTRU   0x000ff8       data     extern E:\3.46\pic18-lt\cxx-framework\src\traditional\proc\p18f14k50.asm
                    TMR0H   0x000fd7       data     extern E:\3.46\pic18-lt\cxx-framework\src\traditional\proc\p18f14k50.asm
                    TMR0L   0x000fd6       data     extern E:\3.46\pic18-lt\cxx-framework\src\traditional\proc\p18f14k50.asm
                    TMR1H   0x000fcf       data     extern E:\3.46\pic18-lt\cxx-framework\src\traditional\proc\p18f14k50.asm
                    TMR1L   0x000fce       data     extern E:\3.46\pic18-lt\cxx-framework\src\traditional\proc\p18f14k50.asm
                     TMR2   0x000fcc       data     extern E:\3.46\pic18-lt\cxx-framework\src\traditional\proc\p18f14k50.asm
                    TMR3H   0x000fb3       data     extern E:\3.46\pic18-lt\cxx-framework\src\traditional\proc\p18f14k50.asm
                    TMR3L   0x000fb2       data     extern E:\3.46\pic18-lt\cxx-framework\src\traditional\proc\p18f14k50.asm
                      TOS   0x000ffd       data     extern E:\3.46\pic18-lt\cxx-framework\src\traditional\proc\p18f14k50.asm
                     TOSH   0x000ffe       data     extern E:\3.46\pic18-lt\cxx-framework\src\traditional\proc\p18f14k50.asm
                     TOSL   0x000ffd       data     extern E:\3.46\pic18-lt\cxx-framework\src\traditional\proc\p18f14k50.asm
                     TOSU   0x000fff       data     extern E:\3.46\pic18-lt\cxx-framework\src\traditional\proc\p18f14k50.asm
                    TRISA   0x000f92       data     extern E:\3.46\pic18-lt\cxx-framework\src\traditional\proc\p18f14k50.asm
                TRISAbits   0x000f92       data     extern E:\3.46\pic18-lt\cxx-framework\src\traditional\proc\p18f14k50.asm
                    TRISB   0x000f93       data     extern E:\3.46\pic18-lt\cxx-framework\src\traditional\proc\p18f14k50.asm
                TRISBbits   0x000f93       data     extern E:\3.46\pic18-lt\cxx-framework\src\traditional\proc\p18f14k50.asm
                    TRISC   0x000f94       data     extern E:\3.46\pic18-lt\cxx-framework\src\traditional\proc\p18f14k50.asm
                TRISCbits   0x000f94       data     extern E:\3.46\pic18-lt\cxx-framework\src\traditional\proc\p18f14k50.asm
                    TXREG   0x000fad       data     extern E:\3.46\pic18-lt\cxx-framework\src\traditional\proc\p18f14k50.asm
                    TXSTA   0x000fac       data     extern E:\3.46\pic18-lt\cxx-framework\src\traditional\proc\p18f14k50.asm
                TXSTAbits   0x000fac       data     extern E:\3.46\pic18-lt\cxx-framework\src\traditional\proc\p18f14k50.asm
         ToSendDataBuffer   0x0002b9       data     extern C:\Users\guroc\Desktop\REVIVE_USB_Debounce\REVIVE_USB_Debounce_FW\main.c
                    UADDR   0x000f5c       data     extern E:\3.46\pic18-lt\cxx-framework\src\traditional\proc\p18f14k50.asm
                UADDRbits   0x000f5c       data     extern E:\3.46\pic18-lt\cxx-framework\src\traditional\proc\p18f14k50.asm
                     UCFG   0x000f61       data     extern E:\3.46\pic18-lt\cxx-framework\src\traditional\proc\p18f14k50.asm
                 UCFGbits   0x000f61       data     extern E:\3.46\pic18-lt\cxx-framework\src\traditional\proc\p18f14k50.asm
                     UCON   0x000f64       data     extern E:\3.46\pic18-lt\cxx-framework\src\traditional\proc\p18f14k50.asm
                 UCONbits   0x000f64       data     extern E:\3.46\pic18-lt\cxx-framework\src\traditional\proc\p18f14k50.asm
                     UEIE   0x000f5b       data     extern E:\3.46\pic18-lt\cxx-framework\src\traditional\proc\p18f14k50.asm
                 UEIEbits   0x000f5b       data     extern E:\3.46\pic18-lt\cxx-framework\src\traditional\proc\p18f14k50.asm
                     UEIR   0x000f5f       data     extern E:\3.46\pic18-lt\cxx-framework\src\traditional\proc\p18f14k50.asm
                 UEIRbits   0x000f5f       data     extern E:\3.46\pic18-lt\cxx-framework\src\traditional\proc\p18f14k50.asm
                     UEP0   0x000f53       data     extern E:\3.46\pic18-lt\cxx-framework\src\traditional\proc\p18f14k50.asm
                 UEP0bits   0x000f53       data     extern E:\3.46\pic18-lt\cxx-framework\src\traditional\proc\p18f14k50.asm
                     UEP1   0x000f54       data     extern E:\3.46\pic18-lt\cxx-framework\src\traditional\proc\p18f14k50.asm
                 UEP1bits   0x000f54       data     extern E:\3.46\pic18-lt\cxx-framework\src\traditional\proc\p18f14k50.asm
                     UEP2   0x000f55       data     extern E:\3.46\pic18-lt\cxx-framework\src\traditional\proc\p18f14k50.asm
                 UEP2bits   0x000f55       data     extern E:\3.46\pic18-lt\cxx-framework\src\traditional\proc\p18f14k50.asm
                     UEP3   0x000f56       data     extern E:\3.46\pic18-lt\cxx-framework\src\traditional\proc\p18f14k50.asm
                 UEP3bits   0x000f56       data     extern E:\3.46\pic18-lt\cxx-framework\src\traditional\proc\p18f14k50.asm
                     UEP4   0x000f57       data     extern E:\3.46\pic18-lt\cxx-framework\src\traditional\proc\p18f14k50.asm
                 UEP4bits   0x000f57       data     extern E:\3.46\pic18-lt\cxx-framework\src\traditional\proc\p18f14k50.asm
                     UEP5   0x000f58       data     extern E:\3.46\pic18-lt\cxx-framework\src\traditional\proc\p18f14k50.asm
                 UEP5bits   0x000f58       data     extern E:\3.46\pic18-lt\cxx-framework\src\traditional\proc\p18f14k50.asm
                     UEP6   0x000f59       data     extern E:\3.46\pic18-lt\cxx-framework\src\traditional\proc\p18f14k50.asm
                 UEP6bits   0x000f59       data     extern E:\3.46\pic18-lt\cxx-framework\src\traditional\proc\p18f14k50.asm
                     UEP7   0x000f5a       data     extern E:\3.46\pic18-lt\cxx-framework\src\traditional\proc\p18f14k50.asm
                 UEP7bits   0x000f5a       data     extern E:\3.46\pic18-lt\cxx-framework\src\traditional\proc\p18f14k50.asm
                    UFRMH   0x000f5e       data     extern E:\3.46\pic18-lt\cxx-framework\src\traditional\proc\p18f14k50.asm
                UFRMHbits   0x000f5e       data     extern E:\3.46\pic18-lt\cxx-framework\src\traditional\proc\p18f14k50.asm
                    UFRML   0x000f5d       data     extern E:\3.46\pic18-lt\cxx-framework\src\traditional\proc\p18f14k50.asm
                UFRMLbits   0x000f5d       data     extern E:\3.46\pic18-lt\cxx-framework\src\traditional\proc\p18f14k50.asm
                      UIE   0x000f60       data     extern E:\3.46\pic18-lt\cxx-framework\src\traditional\proc\p18f14k50.asm
                  UIEbits   0x000f60       data     extern E:\3.46\pic18-lt\cxx-framework\src\traditional\proc\p18f14k50.asm
                      UIR   0x000f62       data     extern E:\3.46\pic18-lt\cxx-framework\src\traditional\proc\p18f14k50.asm
                  UIRbits   0x000f62       data     extern E:\3.46\pic18-lt\cxx-framework\src\traditional\proc\p18f14k50.asm
   USBActiveConfiguration   0x000061       data     extern C:\Users\guroc\Desktop\REVIVE_USB_Debounce\REVIVE_USB_Debounce_FW\Microchip\USB\usb_device.c
    USBAlternateInterface   0x000062       data     extern C:\Users\guroc\Desktop\REVIVE_USB_Debounce\REVIVE_USB_Debounce_FW\Microchip\USB\usb_device.c
        USBBusIsSuspended   0x00008c       data     extern C:\Users\guroc\Desktop\REVIVE_USB_Debounce\REVIVE_USB_Debounce_FW\Microchip\USB\usb_device.c
USBDeferINDataStagePackets   0x00009e       data     extern C:\Users\guroc\Desktop\REVIVE_USB_Debounce\REVIVE_USB_Debounce_FW\Microchip\USB\usb_device.c
USBDeferOUTDataStagePackets   0x00009f       data     extern C:\Users\guroc\Desktop\REVIVE_USB_Debounce\REVIVE_USB_Debounce_FW\Microchip\USB\usb_device.c
USBDeferStatusStagePacket   0x00009b       data     extern C:\Users\guroc\Desktop\REVIVE_USB_Debounce\REVIVE_USB_Debounce_FW\Microchip\USB\usb_device.c
           USBDeviceState   0x000060       data     extern C:\Users\guroc\Desktop\REVIVE_USB_Debounce\REVIVE_USB_Debounce_FW\Microchip\USB\usb_device.c
              USBInHandle   0x0000a7       data     extern C:\Users\guroc\Desktop\REVIVE_USB_Debounce\REVIVE_USB_Debounce_FW\main.c
             USBOutHandle   0x0000a5       data     extern C:\Users\guroc\Desktop\REVIVE_USB_Debounce\REVIVE_USB_Debounce_FW\main.c
USBStatusStageEnabledFlag1   0x00009c       data     extern C:\Users\guroc\Desktop\REVIVE_USB_Debounce\REVIVE_USB_Debounce_FW\Microchip\USB\usb_device.c
USBStatusStageEnabledFlag2   0x00009d       data     extern C:\Users\guroc\Desktop\REVIVE_USB_Debounce\REVIVE_USB_Debounce_FW\Microchip\USB\usb_device.c
USBStatusStageTimeoutCounter   0x00009a       data     extern C:\Users\guroc\Desktop\REVIVE_USB_Debounce\REVIVE_USB_Debounce_FW\Microchip\USB\usb_device.c
                    USTAT   0x000f63       data     extern E:\3.46\pic18-lt\cxx-framework\src\traditional\proc\p18f14k50.asm
                USTATbits   0x000f63       data     extern E:\3.46\pic18-lt\cxx-framework\src\traditional\proc\p18f14k50.asm
                USTATcopy   0x00008d       data     extern C:\Users\guroc\Desktop\REVIVE_USB_Debounce\REVIVE_USB_Debounce_FW\Microchip\USB\usb_device.c
                 VREFCON0   0x000fba       data     extern E:\3.46\pic18-lt\cxx-framework\src\traditional\proc\p18f14k50.asm
             VREFCON0bits   0x000fba       data     extern E:\3.46\pic18-lt\cxx-framework\src\traditional\proc\p18f14k50.asm
                 VREFCON1   0x000fbb       data     extern E:\3.46\pic18-lt\cxx-framework\src\traditional\proc\p18f14k50.asm
             VREFCON1bits   0x000fbb       data     extern E:\3.46\pic18-lt\cxx-framework\src\traditional\proc\p18f14k50.asm
                 VREFCON2   0x000fbc       data     extern E:\3.46\pic18-lt\cxx-framework\src\traditional\proc\p18f14k50.asm
             VREFCON2bits   0x000fbc       data     extern E:\3.46\pic18-lt\cxx-framework\src\traditional\proc\p18f14k50.asm
                        W   0x000fe8       data     extern E:\3.46\pic18-lt\cxx-framework\src\traditional\proc\p18f14k50.asm
                   WDTCON   0x000fd1       data     extern E:\3.46\pic18-lt\cxx-framework\src\traditional\proc\p18f14k50.asm
               WDTCONbits   0x000fd1       data     extern E:\3.46\pic18-lt\cxx-framework\src\traditional\proc\p18f14k50.asm
                     WPUA   0x000f77       data     extern E:\3.46\pic18-lt\cxx-framework\src\traditional\proc\p18f14k50.asm
                 WPUAbits   0x000f77       data     extern E:\3.46\pic18-lt\cxx-framework\src\traditional\proc\p18f14k50.asm
                     WPUB   0x000f78       data     extern E:\3.46\pic18-lt\cxx-framework\src\traditional\proc\p18f14k50.asm
                 WPUBbits   0x000f78       data     extern E:\3.46\pic18-lt\cxx-framework\src\traditional\proc\p18f14k50.asm
                     WREG   0x000fe8       data     extern E:\3.46\pic18-lt\cxx-framework\src\traditional\proc\p18f14k50.asm
                 __AARGB0   0x000009       data     extern E:\3.46\pic18-lt\cxx-framework\src\traditional\math\aarg.asm
                 __AARGB1   0x000008       data     extern E:\3.46\pic18-lt\cxx-framework\src\traditional\math\aarg.asm
                 __AARGB2   0x000007       data     extern E:\3.46\pic18-lt\cxx-framework\src\traditional\math\aarg.asm
                 __AARGB3   0x000006       data     extern E:\3.46\pic18-lt\cxx-framework\src\traditional\math\aarg.asm
                 __AARGB4   0x000005       data     extern E:\3.46\pic18-lt\cxx-framework\src\traditional\math\aarg.asm
                 __AARGB5   0x000004       data     extern E:\3.46\pic18-lt\cxx-framework\src\traditional\math\aarg.asm
                 __AARGB6   0x000003       data     extern E:\3.46\pic18-lt\cxx-framework\src\traditional\math\aarg.asm
                 __AARGB7   0x000002       data     extern E:\3.46\pic18-lt\cxx-framework\src\traditional\math\aarg.asm
                   __AEXP   0x00000a       data     extern E:\3.46\pic18-lt\cxx-framework\src\traditional\math\aarg.asm
                 __BARGB0   0x00000e       data     extern E:\3.46\pic18-lt\cxx-framework\src\traditional\math\barg.asm
                 __BARGB1   0x00000d       data     extern E:\3.46\pic18-lt\cxx-framework\src\traditional\math\barg.asm
                 __BARGB2   0x00000c       data     extern E:\3.46\pic18-lt\cxx-framework\src\traditional\math\barg.asm
                 __BARGB3   0x00000b       data     extern E:\3.46\pic18-lt\cxx-framework\src\traditional\math\barg.asm
                   __BEXP   0x00000f       data     extern E:\3.46\pic18-lt\cxx-framework\src\traditional\math\barg.asm
                __FPFLAGS   0x000001       data     extern E:\3.46\pic18-lt\cxx-framework\src\traditional\math\cmath18.asm
            __FPFLAGSbits   0x000001       data     extern E:\3.46\pic18-lt\cxx-framework\src\traditional\math\cmath18.asm
                  __REMB0   0x000005       data     extern E:\3.46\pic18-lt\cxx-framework\src\traditional\math\aarg.asm
                  __REMB1   0x000004       data     extern E:\3.46\pic18-lt\cxx-framework\src\traditional\math\aarg.asm
                  __REMB2   0x000003       data     extern E:\3.46\pic18-lt\cxx-framework\src\traditional\math\aarg.asm
                  __REMB3   0x000002       data     extern E:\3.46\pic18-lt\cxx-framework\src\traditional\math\aarg.asm
                   __TEMP   0x000013       data     extern E:\3.46\pic18-lt\cxx-framework\src\traditional\math\temparg.asm
                 __TEMPB0   0x000013       data     extern E:\3.46\pic18-lt\cxx-framework\src\traditional\math\temparg.asm
                 __TEMPB1   0x000012       data     extern E:\3.46\pic18-lt\cxx-framework\src\traditional\math\temparg.asm
                 __TEMPB2   0x000011       data     extern E:\3.46\pic18-lt\cxx-framework\src\traditional\math\temparg.asm
                 __TEMPB3   0x000010       data     extern E:\3.46\pic18-lt\cxx-framework\src\traditional\math\temparg.asm
                  __tmp_0   0x00001f       data     static C:\Users\guroc\Desktop\REVIVE_USB_Debounce\REVIVE_USB_Debounce_FW\eeprom.c
                  __tmp_0   0x00001f       data     static C:\Users\guroc\Desktop\REVIVE_USB_Debounce\REVIVE_USB_Debounce_FW\Microchip\USB\usb_device.c
                  __tmp_0   0x00001f       data     static C:\Users\guroc\Desktop\REVIVE_USB_Debounce\REVIVE_USB_Debounce_FW\main.c
                  __tmp_2   0x000014       data     static C:\Users\guroc\Desktop\REVIVE_USB_Debounce\REVIVE_USB_Debounce_FW\main.c
          active_protocol   0x0000eb       data     extern C:\Users\guroc\Desktop\REVIVE_USB_Debounce\REVIVE_USB_Debounce_FW\Microchip\USB\HID Device Driver\usb_function_hid.c
    button_pressing_count   0x000158       data     extern C:\Users\guroc\Desktop\REVIVE_USB_Debounce\REVIVE_USB_Debounce_FW\main.c
        button_state_set1   0x0000a9       data     extern C:\Users\guroc\Desktop\REVIVE_USB_Debounce\REVIVE_USB_Debounce_FW\main.c
        button_state_set2   0x0000aa       data     extern C:\Users\guroc\Desktop\REVIVE_USB_Debounce\REVIVE_USB_Debounce_FW\main.c
                c_version   0x0000a0       data     extern C:\Users\guroc\Desktop\REVIVE_USB_Debounce\REVIVE_USB_Debounce_FW\main.c
     controlTransferState   0x00007c       data     extern C:\Users\guroc\Desktop\REVIVE_USB_Debounce\REVIVE_USB_Debounce_FW\Microchip\USB\usb_device.c
                curr_byte   0x0000e3       data     static E:\3.46\pic18-lt\cxx-framework\src\traditional\startup\c018i.c
               curr_entry   0x0000e5       data     static E:\3.46\pic18-lt\cxx-framework\src\traditional\startup\c018i.c
                 data_ptr   0x0000e7       data     static E:\3.46\pic18-lt\cxx-framework\src\traditional\startup\c018i.c
              delay_count   0x00017c       data     static C:\Users\guroc\Desktop\REVIVE_USB_Debounce\REVIVE_USB_Debounce_FW\main.c
       eeprom_check_count   0x0000dc       data     extern C:\Users\guroc\Desktop\REVIVE_USB_Debounce\REVIVE_USB_Debounce_FW\main.c
              eeprom_data   0x0000b7       data     extern C:\Users\guroc\Desktop\REVIVE_USB_Debounce\REVIVE_USB_Debounce_FW\main.c
     eeprom_smpl_interval   0x0000db       data     extern C:\Users\guroc\Desktop\REVIVE_USB_Debounce\REVIVE_USB_Debounce_FW\main.c
          endpoint_number   0x00008e       data     extern C:\Users\guroc\Desktop\REVIVE_USB_Debounce\REVIVE_USB_Debounce_FW\Microchip\USB\usb_device.c
               ep_data_in   0x000090       data     extern C:\Users\guroc\Desktop\REVIVE_USB_Debounce\REVIVE_USB_Debounce_FW\Microchip\USB\usb_device.c
              ep_data_out   0x000095       data     extern C:\Users\guroc\Desktop\REVIVE_USB_Debounce\REVIVE_USB_Debounce_FW\Microchip\USB\usb_device.c
               hid_report   0x000271       data     extern C:\Users\guroc\Desktop\REVIVE_USB_Debounce\REVIVE_USB_Debounce_FW\main.c
            hid_report_in   0x000261       data     extern C:\Users\guroc\Desktop\REVIVE_USB_Debounce\REVIVE_USB_Debounce_FW\Microchip\USB\usb_device.c
           hid_report_out   0x000260       data     extern C:\Users\guroc\Desktop\REVIVE_USB_Debounce\REVIVE_USB_Debounce_FW\Microchip\USB\usb_device.c
      hid_report_out_flag   0x0000df       data     extern C:\Users\guroc\Desktop\REVIVE_USB_Debounce\REVIVE_USB_Debounce_FW\main.c
                idle_rate   0x0000ea       data     extern C:\Users\guroc\Desktop\REVIVE_USB_Debounce\REVIVE_USB_Debounce_FW\Microchip\USB\HID Device Driver\usb_function_hid.c
                  inPipes   0x00007d       data     extern C:\Users\guroc\Desktop\REVIVE_USB_Debounce\REVIVE_USB_Debounce_FW\Microchip\USB\usb_device.c
          joystick_buffer   0x000144       data     extern C:\Users\guroc\Desktop\REVIVE_USB_Debounce\REVIVE_USB_Debounce_FW\main.c
           joystick_input   0x000269       data     extern C:\Users\guroc\Desktop\REVIVE_USB_Debounce\REVIVE_USB_Debounce_FW\main.c
  joystick_input_out_flag   0x0000dd       data     extern C:\Users\guroc\Desktop\REVIVE_USB_Debounce\REVIVE_USB_Debounce_FW\main.c
          keyboard_buffer   0x000148       data     extern C:\Users\guroc\Desktop\REVIVE_USB_Debounce\REVIVE_USB_Debounce_FW\main.c
lastINTransmissionKeyboard   0x000154       data     extern C:\Users\guroc\Desktop\REVIVE_USB_Debounce\REVIVE_USB_Debounce_FW\main.c
lastOUTTransmissionKeyboard   0x000156       data     extern C:\Users\guroc\Desktop\REVIVE_USB_Debounce\REVIVE_USB_Debounce_FW\main.c
         lastTransmission   0x000150       data     extern C:\Users\guroc\Desktop\REVIVE_USB_Debounce\REVIVE_USB_Debounce_FW\main.c
        lastTransmission2   0x000152       data     extern C:\Users\guroc\Desktop\REVIVE_USB_Debounce\REVIVE_USB_Debounce_FW\main.c
             mouse_buffer   0x000140       data     extern C:\Users\guroc\Desktop\REVIVE_USB_Debounce\REVIVE_USB_Debounce_FW\main.c
              mouse_input   0x00026d       data     extern C:\Users\guroc\Desktop\REVIVE_USB_Debounce\REVIVE_USB_Debounce_FW\main.c
     mouse_input_out_flag   0x0000de       data     extern C:\Users\guroc\Desktop\REVIVE_USB_Debounce\REVIVE_USB_Debounce_FW\main.c
          mouse_move_down   0x000171       data     extern C:\Users\guroc\Desktop\REVIVE_USB_Debounce\REVIVE_USB_Debounce_FW\main.c
          mouse_move_left   0x000172       data     extern C:\Users\guroc\Desktop\REVIVE_USB_Debounce\REVIVE_USB_Debounce_FW\main.c
         mouse_move_right   0x000173       data     extern C:\Users\guroc\Desktop\REVIVE_USB_Debounce\REVIVE_USB_Debounce_FW\main.c
            mouse_move_up   0x000170       data     extern C:\Users\guroc\Desktop\REVIVE_USB_Debounce\REVIVE_USB_Debounce_FW\main.c
         mouse_wheel_down   0x000175       data     extern C:\Users\guroc\Desktop\REVIVE_USB_Debounce\REVIVE_USB_Debounce_FW\main.c
           mouse_wheel_up   0x000174       data     extern C:\Users\guroc\Desktop\REVIVE_USB_Debounce\REVIVE_USB_Debounce_FW\main.c
                 outPipes   0x000082       data     extern C:\Users\guroc\Desktop\REVIVE_USB_Debounce\REVIVE_USB_Debounce_FW\Microchip\USB\usb_device.c
   pBDTEntryEP0OutCurrent   0x000063       data     extern C:\Users\guroc\Desktop\REVIVE_USB_Debounce\REVIVE_USB_Debounce_FW\Microchip\USB\usb_device.c
      pBDTEntryEP0OutNext   0x000065       data     extern C:\Users\guroc\Desktop\REVIVE_USB_Debounce\REVIVE_USB_Debounce_FW\Microchip\USB\usb_device.c
              pBDTEntryIn   0x000071       data     extern C:\Users\guroc\Desktop\REVIVE_USB_Debounce\REVIVE_USB_Debounce_FW\Microchip\USB\usb_device.c
             pBDTEntryOut   0x000067       data     extern C:\Users\guroc\Desktop\REVIVE_USB_Debounce\REVIVE_USB_Debounce_FW\Microchip\USB\usb_device.c
                     pDst   0x000089       data     extern C:\Users\guroc\Desktop\REVIVE_USB_Debounce\REVIVE_USB_Debounce_FW\Microchip\USB\usb_device.c
                     prom   0x0000e0       data     static E:\3.46\pic18-lt\cxx-framework\src\traditional\startup\c018i.c
[...]
                     DDRA   0x000f92       data     extern E:\3.46\pic18-lt\cxx-framework\src\traditional\proc\p18f14k50.asm
                 DDRAbits   0x000f92       data     extern E:\3.46\pic18-lt\cxx-framework\src\traditional\proc\p18f14k50.asm
                    TRISB   0x000f93       data     extern E:\3.46\pic18-lt\cxx-framework\src\traditional\proc\p18f14k50.asm
                TRISBbits   0x000f93       data     extern E:\3.46\pic18-lt\cxx-framework\src\traditional\proc\p18f14k50.asm
                 DDRBbits   0x000f93       data     extern E:\3.46\pic18-lt\cxx-framework\src\traditional\proc\p18f14k50.asm
                     DDRB   0x000f93       data     extern E:\3.46\pic18-lt\cxx-framework\src\traditional\proc\p18f14k50.asm
                TRISCbits   0x000f94       data     extern E:\3.46\pic18-lt\cxx-framework\src\traditional\proc\p18f14k50.asm
                    TRISC   0x000f94       data     extern E:\3.46\pic18-lt\cxx-framework\src\traditional\proc\p18f14k50.asm
                     DDRC   0x000f94       data     extern E:\3.46\pic18-lt\cxx-framework\src\traditional\proc\p18f14k50.asm
                 DDRCbits   0x000f94       data     extern E:\3.46\pic18-lt\cxx-framework\src\traditional\proc\p18f14k50.asm
                  OSCTUNE   0x000f9b       data     extern E:\3.46\pic18-lt\cxx-framework\src\traditional\proc\p18f14k50.asm
              OSCTUNEbits   0x000f9b       data     extern E:\3.46\pic18-lt\cxx-framework\src\traditional\proc\p18f14k50.asm
                     PIE1   0x000f9d       data     extern E:\3.46\pic18-lt\cxx-framework\src\traditional\proc\p18f14k50.asm
                 PIE1bits   0x000f9d       data     extern E:\3.46\pic18-lt\cxx-framework\src\traditional\proc\p18f14k50.asm
                     PIR1   0x000f9e       data     extern E:\3.46\pic18-lt\cxx-framework\src\traditional\proc\p18f14k50.asm
                 PIR1bits   0x000f9e       data     extern E:\3.46\pic18-lt\cxx-framework\src\traditional\proc\p18f14k50.asm
                 IPR1bits   0x000f9f       data     extern E:\3.46\pic18-lt\cxx-framework\src\traditional\proc\p18f14k50.asm
                     IPR1   0x000f9f       data     extern E:\3.46\pic18-lt\cxx-framework\src\traditional\proc\p18f14k50.asm
                     PIE2   0x000fa0       data     extern E:\3.46\pic18-lt\cxx-framework\src\traditional\proc\p18f14k50.asm
                 PIE2bits   0x000fa0       data     extern E:\3.46\pic18-lt\cxx-framework\src\traditional\proc\p18f14k50.asm
                     PIR2   0x000fa1       data     extern E:\3.46\pic18-lt\cxx-framework\src\traditional\proc\p18f14k50.asm
                 PIR2bits   0x000fa1       data     extern E:\3.46\pic18-lt\cxx-framework\src\traditional\proc\p18f14k50.asm
                 IPR2bits   0x000fa2       data     extern E:\3.46\pic18-lt\cxx-framework\src\traditional\proc\p18f14k50.asm
                     IPR2   0x000fa2       data     extern E:\3.46\pic18-lt\cxx-framework\src\traditional\proc\p18f14k50.asm
               EECON1bits   0x000fa6       data     extern E:\3.46\pic18-lt\cxx-framework\src\traditional\proc\p18f14k50.asm
                   EECON1   0x000fa6       data     extern E:\3.46\pic18-lt\cxx-framework\src\traditional\proc\p18f14k50.asm
                   EECON2   0x000fa7       data     extern E:\3.46\pic18-lt\cxx-framework\src\traditional\proc\p18f14k50.asm
                   EEDATA   0x000fa8       data     extern E:\3.46\pic18-lt\cxx-framework\src\traditional\proc\p18f14k50.asm
                    EEADR   0x000fa9       data     extern E:\3.46\pic18-lt\cxx-framework\src\traditional\proc\p18f14k50.asm
                EEADRbits   0x000fa9       data     extern E:\3.46\pic18-lt\cxx-framework\src\traditional\proc\p18f14k50.asm
                    RCSTA   0x000fab       data     extern E:\3.46\pic18-lt\cxx-framework\src\traditional\proc\p18f14k50.asm
                RCSTAbits   0x000fab       data     extern E:\3.46\pic18-lt\cxx-framework\src\traditional\proc\p18f14k50.asm
                TXSTAbits   0x000fac       data     extern E:\3.46\pic18-lt\cxx-framework\src\traditional\proc\p18f14k50.asm
                    TXSTA   0x000fac       data     extern E:\3.46\pic18-lt\cxx-framework\src\traditional\proc\p18f14k50.asm
                    TXREG   0x000fad       data     extern E:\3.46\pic18-lt\cxx-framework\src\traditional\proc\p18f14k50.asm
                    RCREG   0x000fae       data     extern E:\3.46\pic18-lt\cxx-framework\src\traditional\proc\p18f14k50.asm
                    SPBRG   0x000faf       data     extern E:\3.46\pic18-lt\cxx-framework\src\traditional\proc\p18f14k50.asm
                   SPBRGH   0x000fb0       data     extern E:\3.46\pic18-lt\cxx-framework\src\traditional\proc\p18f14k50.asm
                    T3CON   0x000fb1       data     extern E:\3.46\pic18-lt\cxx-framework\src\traditional\proc\p18f14k50.asm
                T3CONbits   0x000fb1       data     extern E:\3.46\pic18-lt\cxx-framework\src\traditional\proc\p18f14k50.asm
                    TMR3L   0x000fb2       data     extern E:\3.46\pic18-lt\cxx-framework\src\traditional\proc\p18f14k50.asm
                    TMR3H   0x000fb3       data     extern E:\3.46\pic18-lt\cxx-framework\src\traditional\proc\p18f14k50.asm
                  ECCP1AS   0x000fb6       data     extern E:\3.46\pic18-lt\cxx-framework\src\traditional\proc\p18f14k50.asm
              ECCP1ASbits   0x000fb6       data     extern E:\3.46\pic18-lt\cxx-framework\src\traditional\proc\p18f14k50.asm
              PWM1CONbits   0x000fb7       data     extern E:\3.46\pic18-lt\cxx-framework\src\traditional\proc\p18f14k50.asm
                  PWM1CON   0x000fb7       data     extern E:\3.46\pic18-lt\cxx-framework\src\traditional\proc\p18f14k50.asm
                  BAUDCON   0x000fb8       data     extern E:\3.46\pic18-lt\cxx-framework\src\traditional\proc\p18f14k50.asm
              BAUDCONbits   0x000fb8       data     extern E:\3.46\pic18-lt\cxx-framework\src\traditional\proc\p18f14k50.asm
                  BAUDCTL   0x000fb8       data     extern E:\3.46\pic18-lt\cxx-framework\src\traditional\proc\p18f14k50.asm
              BAUDCTLbits   0x000fb8       data     extern E:\3.46\pic18-lt\cxx-framework\src\traditional\proc\p18f14k50.asm
                  PSTRCON   0x000fb9       data     extern E:\3.46\pic18-lt\cxx-framework\src\traditional\proc\p18f14k50.asm
              PSTRCONbits   0x000fb9       data     extern E:\3.46\pic18-lt\cxx-framework\src\traditional\proc\p18f14k50.asm
                  REFCON0   0x000fba       data     extern E:\3.46\pic18-lt\cxx-framework\src\traditional\proc\p18f14k50.asm
                 VREFCON0   0x000fba       data     extern E:\3.46\pic18-lt\cxx-framework\src\traditional\proc\p18f14k50.asm
             VREFCON0bits   0x000fba       data     extern E:\3.46\pic18-lt\cxx-framework\src\traditional\proc\p18f14k50.asm
              REFCON0bits   0x000fba       data     extern E:\3.46\pic18-lt\cxx-framework\src\traditional\proc\p18f14k50.asm
                 VREFCON1   0x000fbb       data     extern E:\3.46\pic18-lt\cxx-framework\src\traditional\proc\p18f14k50.asm
             VREFCON1bits   0x000fbb       data     extern E:\3.46\pic18-lt\cxx-framework\src\traditional\proc\p18f14k50.asm
                  REFCON1   0x000fbb       data     extern E:\3.46\pic18-lt\cxx-framework\src\traditional\proc\p18f14k50.asm
              REFCON1bits   0x000fbb       data     extern E:\3.46\pic18-lt\cxx-framework\src\traditional\proc\p18f14k50.asm
              REFCON2bits   0x000fbc       data     extern E:\3.46\pic18-lt\cxx-framework\src\traditional\proc\p18f14k50.asm
                  REFCON2   0x000fbc       data     extern E:\3.46\pic18-lt\cxx-framework\src\traditional\proc\p18f14k50.asm
                 VREFCON2   0x000fbc       data     extern E:\3.46\pic18-lt\cxx-framework\src\traditional\proc\p18f14k50.asm
             VREFCON2bits   0x000fbc       data     extern E:\3.46\pic18-lt\cxx-framework\src\traditional\proc\p18f14k50.asm
                  CCP1CON   0x000fbd       data     extern E:\3.46\pic18-lt\cxx-framework\src\traditional\proc\p18f14k50.asm
              CCP1CONbits   0x000fbd       data     extern E:\3.46\pic18-lt\cxx-framework\src\traditional\proc\p18f14k50.asm
                   CCPR1L   0x000fbe       data     extern E:\3.46\pic18-lt\cxx-framework\src\traditional\proc\p18f14k50.asm
                    CCPR1   0x000fbe       data     extern E:\3.46\pic18-lt\cxx-framework\src\traditional\proc\p18f14k50.asm
                   CCPR1H   0x000fbf       data     extern E:\3.46\pic18-lt\cxx-framework\src\traditional\proc\p18f14k50.asm
                   ADCON2   0x000fc0       data     extern E:\3.46\pic18-lt\cxx-framework\src\traditional\proc\p18f14k50.asm
               ADCON2bits   0x000fc0       data     extern E:\3.46\pic18-lt\cxx-framework\src\traditional\proc\p18f14k50.asm
               ADCON1bits   0x000fc1       data     extern E:\3.46\pic18-lt\cxx-framework\src\traditional\proc\p18f14k50.asm
                   ADCON1   0x000fc1       data     extern E:\3.46\pic18-lt\cxx-framework\src\traditional\proc\p18f14k50.asm
                   ADCON0   0x000fc2       data     extern E:\3.46\pic18-lt\cxx-framework\src\traditional\proc\p18f14k50.asm
               ADCON0bits   0x000fc2       data     extern E:\3.46\pic18-lt\cxx-framework\src\traditional\proc\p18f14k50.asm
                    ADRES   0x000fc3       data     extern E:\3.46\pic18-lt\cxx-framework\src\traditional\proc\p18f14k50.asm
                   ADRESL   0x000fc3       data     extern E:\3.46\pic18-lt\cxx-framework\src\traditional\proc\p18f14k50.asm
                   ADRESH   0x000fc4       data     extern E:\3.46\pic18-lt\cxx-framework\src\traditional\proc\p18f14k50.asm
                  SSPCON2   0x000fc5       data     extern E:\3.46\pic18-lt\cxx-framework\src\traditional\proc\p18f14k50.asm
              SSPCON2bits   0x000fc5       data     extern E:\3.46\pic18-lt\cxx-framework\src\traditional\proc\p18f14k50.asm
              SSPCON1bits   0x000fc6       data     extern E:\3.46\pic18-lt\cxx-framework\src\traditional\proc\p18f14k50.asm
                  SSPCON1   0x000fc6       data     extern E:\3.46\pic18-lt\cxx-framework\src\traditional\proc\p18f14k50.asm
                  SSPSTAT   0x000fc7       data     extern E:\3.46\pic18-lt\cxx-framework\src\traditional\proc\p18f14k50.asm
              SSPSTATbits   0x000fc7       data     extern E:\3.46\pic18-lt\cxx-framework\src\traditional\proc\p18f14k50.asm
                   SSPADD   0x000fc8       data     extern E:\3.46\pic18-lt\cxx-framework\src\traditional\proc\p18f14k50.asm
                   SSPBUF   0x000fc9       data     extern E:\3.46\pic18-lt\cxx-framework\src\traditional\proc\p18f14k50.asm
                    T2CON   0x000fca       data     extern E:\3.46\pic18-lt\cxx-framework\src\traditional\proc\p18f14k50.asm
                T2CONbits   0x000fca       data     extern E:\3.46\pic18-lt\cxx-framework\src\traditional\proc\p18f14k50.asm
                      PR2   0x000fcb       data     extern E:\3.46\pic18-lt\cxx-framework\src\traditional\proc\p18f14k50.asm
                     TMR2   0x000fcc       data     extern E:\3.46\pic18-lt\cxx-framework\src\traditional\proc\p18f14k50.asm
                    T1CON   0x000fcd       data     extern E:\3.46\pic18-lt\cxx-framework\src\traditional\proc\p18f14k50.asm
                T1CONbits   0x000fcd       data     extern E:\3.46\pic18-lt\cxx-framework\src\traditional\proc\p18f14k50.asm
                    TMR1L   0x000fce       data     extern E:\3.46\pic18-lt\cxx-framework\src\traditional\proc\p18f14k50.asm
                    TMR1H   0x000fcf       data     extern E:\3.46\pic18-lt\cxx-framework\src\traditional\proc\p18f14k50.asm
                     RCON   0x000fd0       data     extern E:\3.46\pic18-lt\cxx-framework\src\traditional\proc\p18f14k50.asm
                 RCONbits   0x000fd0       data     extern E:\3.46\pic18-lt\cxx-framework\src\traditional\proc\p18f14k50.asm
                   WDTCON   0x000fd1       data     extern E:\3.46\pic18-lt\cxx-framework\src\traditional\proc\p18f14k50.asm
               WDTCONbits   0x000fd1       data     extern E:\3.46\pic18-lt\cxx-framework\src\traditional\proc\p18f14k50.asm
                  OSCCON2   0x000fd2       data     extern E:\3.46\pic18-lt\cxx-framework\src\traditional\proc\p18f14k50.asm
              OSCCON2bits   0x000fd2       data     extern E:\3.46\pic18-lt\cxx-framework\src\traditional\proc\p18f14k50.asm
                   OSCCON   0x000fd3       data     extern E:\3.46\pic18-lt\cxx-framework\src\traditional\proc\p18f14k50.asm
               OSCCONbits   0x000fd3       data     extern E:\3.46\pic18-lt\cxx-framework\src\traditional\proc\p18f14k50.asm
                T0CONbits   0x000fd5       data     extern E:\3.46\pic18-lt\cxx-framework\src\traditional\proc\p18f14k50.asm
                    T0CON   0x000fd5       data     extern E:\3.46\pic18-lt\cxx-framework\src\traditional\proc\p18f14k50.asm
                    TMR0L   0x000fd6       data     extern E:\3.46\pic18-lt\cxx-framework\src\traditional\proc\p18f14k50.asm
                    TMR0H   0x000fd7       data     extern E:\3.46\pic18-lt\cxx-framework\src\traditional\proc\p18f14k50.asm
                   STATUS   0x000fd8       data     extern E:\3.46\pic18-lt\cxx-framework\src\traditional\proc\p18f14k50.asm
               STATUSbits   0x000fd8       data     extern E:\3.46\pic18-lt\cxx-framework\src\traditional\proc\p18f14k50.asm
                    FSR2L   0x000fd9       data     extern E:\3.46\pic18-lt\cxx-framework\src\traditional\proc\p18f14k50.asm
                     FSR2   0x000fd9       data     extern E:\3.46\pic18-lt\cxx-framework\src\traditional\proc\p18f14k50.asm
                    FSR2H   0x000fda       data     extern E:\3.46\pic18-lt\cxx-framework\src\traditional\proc\p18f14k50.asm
                   PLUSW2   0x000fdb       data     extern E:\3.46\pic18-lt\cxx-framework\src\traditional\proc\p18f14k50.asm
                  PREINC2   0x000fdc       data     extern E:\3.46\pic18-lt\cxx-framework\src\traditional\proc\p18f14k50.asm
                 POSTDEC2   0x000fdd       data     extern E:\3.46\pic18-lt\cxx-framework\src\traditional\proc\p18f14k50.asm
                 POSTINC2   0x000fde       data     extern E:\3.46\pic18-lt\cxx-framework\src\traditional\proc\p18f14k50.asm
                    INDF2   0x000fdf       data     extern E:\3.46\pic18-lt\cxx-framework\src\traditional\proc\p18f14k50.asm
                      BSR   0x000fe0       data     extern E:\3.46\pic18-lt\cxx-framework\src\traditional\proc\p18f14k50.asm
                    FSR1L   0x000fe1       data     extern E:\3.46\pic18-lt\cxx-framework\src\traditional\proc\p18f14k50.asm
                     FSR1   0x000fe1       data     extern E:\3.46\pic18-lt\cxx-framework\src\traditional\proc\p18f14k50.asm
                    FSR1H   0x000fe2       data     extern E:\3.46\pic18-lt\cxx-framework\src\traditional\proc\p18f14k50.asm
                   PLUSW1   0x000fe3       data     extern E:\3.46\pic18-lt\cxx-framework\src\traditional\proc\p18f14k50.asm
                  PREINC1   0x000fe4       data     extern E:\3.46\pic18-lt\cxx-framework\src\traditional\proc\p18f14k50.asm
                 POSTDEC1   0x000fe5       data     extern E:\3.46\pic18-lt\cxx-framework\src\traditional\proc\p18f14k50.asm
                 POSTINC1   0x000fe6       data     extern E:\3.46\pic18-lt\cxx-framework\src\traditional\proc\p18f14k50.asm
                    INDF1   0x000fe7       data     extern E:\3.46\pic18-lt\cxx-framework\src\traditional\proc\p18f14k50.asm
                     WREG   0x000fe8       data     extern E:\3.46\pic18-lt\cxx-framework\src\traditional\proc\p18f14k50.asm
                        W   0x000fe8       data     extern E:\3.46\pic18-lt\cxx-framework\src\traditional\proc\p18f14k50.asm
                     FSR0   0x000fe9       data     extern E:\3.46\pic18-lt\cxx-framework\src\traditional\proc\p18f14k50.asm
                    FSR0L   0x000fe9       data     extern E:\3.46\pic18-lt\cxx-framework\src\traditional\proc\p18f14k50.asm
                    FSR0H   0x000fea       data     extern E:\3.46\pic18-lt\cxx-framework\src\traditional\proc\p18f14k50.asm
                   PLUSW0   0x000feb       data     extern E:\3.46\pic18-lt\cxx-framework\src\traditional\proc\p18f14k50.asm
                  PREINC0   0x000fec       data     extern E:\3.46\pic18-lt\cxx-framework\src\traditional\proc\p18f14k50.asm
                 POSTDEC0   0x000fed       data     extern E:\3.46\pic18-lt\cxx-framework\src\traditional\proc\p18f14k50.asm
                 POSTINC0   0x000fee       data     extern E:\3.46\pic18-lt\cxx-framework\src\traditional\proc\p18f14k50.asm
                    INDF0   0x000fef       data     extern E:\3.46\pic18-lt\cxx-framework\src\traditional\proc\p18f14k50.asm
              INTCON3bits   0x000ff0       data     extern E:\3.46\pic18-lt\cxx-framework\src\traditional\proc\p18f14k50.asm
                  INTCON3   0x000ff0       data     extern E:\3.46\pic18-lt\cxx-framework\src\traditional\proc\p18f14k50.asm
              INTCON2bits   0x000ff1       data     extern E:\3.46\pic18-lt\cxx-framework\src\traditional\proc\p18f14k50.asm
                  INTCON2   0x000ff1       data     extern E:\3.46\pic18-lt\cxx-framework\src\traditional\proc\p18f14k50.asm
               INTCONbits   0x000ff2       data     extern E:\3.46\pic18-lt\cxx-framework\src\traditional\proc\p18f14k50.asm
                   INTCON   0x000ff2       data     extern E:\3.46\pic18-lt\cxx-framework\src\traditional\proc\p18f14k50.asm
                     PROD   0x000ff3       data     extern E:\3.46\pic18-lt\cxx-framework\src\traditional\proc\p18f14k50.asm
                    PRODL   0x000ff3       data     extern E:\3.46\pic18-lt\cxx-framework\src\traditional\proc\p18f14k50.asm
                    PRODH   0x000ff4       data     extern E:\3.46\pic18-lt\cxx-framework\src\traditional\proc\p18f14k50.asm
                   TABLAT   0x000ff5       data     extern E:\3.46\pic18-lt\cxx-framework\src\traditional\proc\p18f14k50.asm
                   TBLPTR   0x000ff6       data     extern E:\3.46\pic18-lt\cxx-framework\src\traditional\proc\p18f14k50.asm
                  TBLPTRL   0x000ff6       data     extern E:\3.46\pic18-lt\cxx-framework\src\traditional\proc\p18f14k50.asm
                  TBLPTRH   0x000ff7       data     extern E:\3.46\pic18-lt\cxx-framework\src\traditional\proc\p18f14k50.asm
                  TBLPTRU   0x000ff8       data     extern E:\3.46\pic18-lt\cxx-framework\src\traditional\proc\p18f14k50.asm
                      PCL   0x000ff9       data     extern E:\3.46\pic18-lt\cxx-framework\src\traditional\proc\p18f14k50.asm
                       PC   0x000ff9       data     extern E:\3.46\pic18-lt\cxx-framework\src\traditional\proc\p18f14k50.asm
                   PCLATH   0x000ffa       data     extern E:\3.46\pic18-lt\cxx-framework\src\traditional\proc\p18f14k50.asm
                   PCLATU   0x000ffb       data     extern E:\3.46\pic18-lt\cxx-framework\src\traditional\proc\p18f14k50.asm
               STKPTRbits   0x000ffc       data     extern E:\3.46\pic18-lt\cxx-framework\src\traditional\proc\p18f14k50.asm
                   STKPTR   0x000ffc       data     extern E:\3.46\pic18-lt\cxx-framework\src\traditional\proc\p18f14k50.asm
                      TOS   0x000ffd       data     extern E:\3.46\pic18-lt\cxx-framework\src\traditional\proc\p18f14k50.asm
                     TOSL   0x000ffd       data     extern E:\3.46\pic18-lt\cxx-framework\src\traditional\proc\p18f14k50.asm
                     TOSH   0x000ffe       data     extern E:\3.46\pic18-lt\cxx-framework\src\traditional\proc\p18f14k50.asm
                     TOSU   0x000fff       data     extern E:\3.46\pic18-lt\cxx-framework\src\traditional\proc\p18f14k50.asm


