MPLINK 5.00, LINKER
Linker Map File - Created Mon Dec 26 23:31:26 2016

                                 Section Info
                  Section       Type    Address   Location Size(Bytes)
                ---------  ---------  ---------  ---------  ---------
               _entry_scn       code   0x000000    program   0x000006
    HIGH_INTERRUPT_VECTOR       code   0x000008    program   0x000006
     LOW_INTERRUPT_VECTOR       code   0x000018    program   0x000006
    REMAPPED_RESET_VECTOR       code   0x001000    program   0x000006
           .code___init.o       code   0x001006    program   0x000002
REMAPPED_HIGH_INTERRUPT_VECTOR       code   0x001008    program   0x000006
REMAPPED_LOW_INTERRUPT_VECTOR       code   0x001018    program   0x000006
                   .cinit    romdata   0x00101e    program   0x00000e
             .code_main.o       code   0x00102c    program   0x0010ba
       .code_usb_device.o       code   0x0020e6    program   0x000cf4
.romdata_usb_descriptors.o    romdata   0x002dda    program   0x0001af
    .idata_usb_device.o_i    romdata   0x002f89    program   0x000000
    .romdata_usb_device.o    romdata   0x002f89    program   0x000000
.idata_usb_function_hid.o_i    romdata   0x002f89    program   0x000000
.romdata_usb_function_hid.o    romdata   0x002f89    program   0x000000
        .idata_eeprom.o_i    romdata   0x002f89    program   0x000000
        .romdata_eeprom.o    romdata   0x002f89    program   0x000000
      .idata_fxd1616u.o_i    romdata   0x002f89    program   0x000000
      .romdata_fxd1616u.o    romdata   0x002f89    program   0x000000
        .idata___init.o_i    romdata   0x002f89    program   0x000000
        .romdata___init.o    romdata   0x002f89    program   0x000000
         .idata_c018i.o_i    romdata   0x002f89    program   0x000000
         .romdata_c018i.o    romdata   0x002f89    program   0x000000
.idata_usb_descriptors.o_i    romdata   0x002f89    program   0x000000
          .romdata_main.o    romdata   0x002f89    program   0x000000
             .stringtable    romdata   0x002f89    program   0x000000
            .code_c018i.o       code   0x002f8a    program   0x000000
           .code_eeprom.o       code   0x002f8a    program   0x000178
  .code_usb_descriptors.o       code   0x002f8a    program   0x000000
 .code_usb_function_hid.o       code   0x003102    program   0x000122
                     PROG       code   0x003224    program   0x0000a6
               _cinit_scn       code   0x0032ca    program   0x00009e
                   STRING       code   0x003368    program   0x000050
         .code_fxd1616u.o       code   0x0033b8    program   0x00002c
                    .code       code   0x0033e4    program   0x000020
             _startup_scn       code   0x003404    program   0x00001c
          .idata_main.o_i    romdata   0x003420    program   0x000056
    .config_300000_main.o    romdata   0x300000    program   0x000001
    .config_300001_main.o    romdata   0x300001    program   0x000001
    .config_300002_main.o    romdata   0x300002    program   0x000001
    .config_300003_main.o    romdata   0x300003    program   0x000001
    .config_300005_main.o    romdata   0x300005    program   0x000001
    .config_300006_main.o    romdata   0x300006    program   0x000001
    .config_300008_main.o    romdata   0x300008    program   0x000001
    .config_300009_main.o    romdata   0x300009    program   0x000001
    .config_30000a_main.o    romdata   0x30000a    program   0x000001
    .config_30000b_main.o    romdata   0x30000b    program   0x000001
    .config_30000c_main.o    romdata   0x30000c    program   0x000001
    .config_30000d_main.o    romdata   0x30000d    program   0x000001
                MATH_DATA      udata   0x000000       data   0x000014
YourLowPriorityISRCode_tmp      udata   0x000014       data   0x00000b
                 .tmpdata      udata   0x00001f       data   0x00000b
            .idata_main.o      idata   0x000060       data   0x000056
      .udata_usb_device.o      udata   0x0000b6       data   0x000040
           .udata_c018i.o      udata   0x0000f6       data   0x00000a
                   .stack      udata   0x000100       data   0x000040
            .udata_main.o      udata   0x000140       data   0x000034
.udata_usb_function_hid.o      udata   0x000174       data   0x000002
           .idata_c018i.o      idata   0x000176       data   0x000000
          .idata___init.o      idata   0x000176       data   0x000000
          .udata___init.o      udata   0x000176       data   0x000000
        .idata_fxd1616u.o      idata   0x000176       data   0x000000
        .udata_fxd1616u.o      udata   0x000176       data   0x000000
          .idata_eeprom.o      idata   0x000176       data   0x000000
          .udata_eeprom.o      udata   0x000176       data   0x000000
.idata_usb_function_hid.o      idata   0x000176       data   0x000000
      .idata_usb_device.o      idata   0x000176       data   0x000000
 .udata_usb_descriptors.o      udata   0x000176       data   0x000000
 .idata_usb_descriptors.o      idata   0x000176       data   0x000000
                  USB_BDT      udata   0x000200       data   0x000069
                  usbram2      udata   0x000269       data   0x000090
              SFR_BANKED0      udata   0x000f53       data   0x00000d
            SFR_UNBANKED0      udata   0x000f60       data   0x0000a0



                              Program Memory Usage 
                               Start         End      
                           ---------   ---------      
                            0x000000    0x000005      
                            0x000008    0x00000d      
                            0x000018    0x00001d      
                            0x001000    0x00100d      
                            0x001018    0x002f88      
                            0x002f8a    0x003475      
                            0x300000    0x300003      
                            0x300005    0x300006      
                            0x300008    0x30000d      
            9353 out of 16408 program addresses used, program memory utilization is 57%



                              Symbols - Sorted by Name
                     Name    Address   Location    Storage File                     
                ---------  ---------  ---------  --------- ---------                
                   D1616S   0x003246    program     static E:\3.46\pic18-lt\cxx-framework\src\traditional\math\fxd1616s.asm
                D1616SNEG   0x003254    program     static E:\3.46\pic18-lt\cxx-framework\src\traditional\math\fxd1616s.asm
                 D1616SOK   0x003250    program     static E:\3.46\pic18-lt\cxx-framework\src\traditional\math\fxd1616s.asm
                  D1616SX   0x003266    program     static E:\3.46\pic18-lt\cxx-framework\src\traditional\math\fxd1616s.asm
                  DA1616S   0x003236    program     static E:\3.46\pic18-lt\cxx-framework\src\traditional\math\fxd1616s.asm
                 FXD1616S   0x003224    program     extern E:\3.46\pic18-lt\cxx-framework\src\traditional\math\fxd1616s.asm
                 FXD1616U   0x0033b8    program     extern E:\3.46\pic18-lt\cxx-framework\src\traditional\math\fxd1616u.c
                 FXM1616S   0x003270    program     extern E:\3.46\pic18-lt\cxx-framework\src\traditional\math\fxm1616s.asm
                 High_ISR   0x000008    program     extern Z:\REVIVE_CHATA\ReviveUSB_FWver007\main.c
         InitializeSystem   0x001316    program     static Z:\REVIVE_CHATA\ReviveUSB_FWver007\main.c
                  Low_ISR   0x000018    program     extern Z:\REVIVE_CHATA\ReviveUSB_FWver007\main.c
                ProcessIO   0x0015d8    program     extern Z:\REVIVE_CHATA\ReviveUSB_FWver007\main.c
               ReadEEPROM   0x002f8a    program     extern Z:\REVIVE_CHATA\ReviveUSB_FWver007\eeprom.c
         ReadEEPROM_Agree   0x002fce    program     extern Z:\REVIVE_CHATA\ReviveUSB_FWver007\eeprom.c
        Remapped_High_ISR   0x001008    program     extern Z:\REVIVE_CHATA\ReviveUSB_FWver007\main.c
         Remapped_Low_ISR   0x001018    program     extern Z:\REVIVE_CHATA\ReviveUSB_FWver007\main.c
               TSIGN1616A   0x0032bc    program     static E:\3.46\pic18-lt\cxx-framework\src\traditional\math\fxm1616s.asm
       USBCBCheckOtherReq   0x001e68    program     extern Z:\REVIVE_CHATA\ReviveUSB_FWver007\main.c
        USBCBErrorHandler   0x001e66    program     extern Z:\REVIVE_CHATA\ReviveUSB_FWver007\main.c
              USBCBInitEP   0x001e6e    program     extern Z:\REVIVE_CHATA\ReviveUSB_FWver007\main.c
          USBCBSendResume   0x001e8c    program     extern Z:\REVIVE_CHATA\ReviveUSB_FWver007\main.c
    USBCBStdSetDscHandler   0x001e6c    program     extern Z:\REVIVE_CHATA\ReviveUSB_FWver007\main.c
             USBCBSuspend   0x001e60    program     extern Z:\REVIVE_CHATA\ReviveUSB_FWver007\main.c
     USBCBWakeFromSuspend   0x001e62    program     extern Z:\REVIVE_CHATA\ReviveUSB_FWver007\main.c
        USBCB_SOF_Handler   0x001e64    program     extern Z:\REVIVE_CHATA\ReviveUSB_FWver007\main.c
              USBCancelIO   0x0023de    program     extern Z:\REVIVE_CHATA\ReviveUSB_FWver007\Microchip\USB\usb_device.c
       USBCheckHIDRequest   0x003102    program     extern Z:\REVIVE_CHATA\ReviveUSB_FWver007\Microchip\USB\HID Device Driver\usb_function_hid.c
       USBCheckStdRequest   0x0029a8    program     static Z:\REVIVE_CHATA\ReviveUSB_FWver007\Microchip\USB\usb_device.c
     USBConfigureEndpoint   0x00249c    program     static Z:\REVIVE_CHATA\ReviveUSB_FWver007\Microchip\USB\usb_device.c
  USBCtrlEPAllowDataStage   0x00245e    program     extern Z:\REVIVE_CHATA\ReviveUSB_FWver007\Microchip\USB\usb_device.c
USBCtrlEPAllowStatusStage   0x002412    program     extern Z:\REVIVE_CHATA\ReviveUSB_FWver007\Microchip\USB\usb_device.c
         USBCtrlEPService   0x002850    program     static Z:\REVIVE_CHATA\ReviveUSB_FWver007\Microchip\USB\usb_device.c
 USBCtrlEPServiceComplete   0x0024f8    program     static Z:\REVIVE_CHATA\ReviveUSB_FWver007\Microchip\USB\usb_device.c
      USBCtrlTrfInHandler   0x00292e    program     static Z:\REVIVE_CHATA\ReviveUSB_FWver007\Microchip\USB\usb_device.c
     USBCtrlTrfOutHandler   0x002910    program     static Z:\REVIVE_CHATA\ReviveUSB_FWver007\Microchip\USB\usb_device.c
      USBCtrlTrfRxService   0x0025d2    program     static Z:\REVIVE_CHATA\ReviveUSB_FWver007\Microchip\USB\usb_device.c
   USBCtrlTrfSetupHandler   0x0028da    program     static Z:\REVIVE_CHATA\ReviveUSB_FWver007\Microchip\USB\usb_device.c
      USBCtrlTrfTxService   0x002552    program     static Z:\REVIVE_CHATA\ReviveUSB_FWver007\Microchip\USB\usb_device.c
            USBDeviceInit   0x0020e6    program     extern Z:\REVIVE_CHATA\ReviveUSB_FWver007\Microchip\USB\usb_device.c
           USBDeviceTasks   0x0021b0    program     extern Z:\REVIVE_CHATA\ReviveUSB_FWver007\Microchip\USB\usb_device.c
        USBEnableEndpoint   0x0022da    program     extern Z:\REVIVE_CHATA\ReviveUSB_FWver007\Microchip\USB\usb_device.c
         USBStallEndpoint   0x0023ae    program     extern Z:\REVIVE_CHATA\ReviveUSB_FWver007\Microchip\USB\usb_device.c
          USBStallHandler   0x002802    program     static Z:\REVIVE_CHATA\ReviveUSB_FWver007\Microchip\USB\usb_device.c
  USBStdFeatureReqHandler   0x002a50    program     static Z:\REVIVE_CHATA\ReviveUSB_FWver007\Microchip\USB\usb_device.c
      USBStdGetDscHandler   0x002712    program     static Z:\REVIVE_CHATA\ReviveUSB_FWver007\Microchip\USB\usb_device.c
   USBStdGetStatusHandler   0x00278c    program     static Z:\REVIVE_CHATA\ReviveUSB_FWver007\Microchip\USB\usb_device.c
      USBStdSetCfgHandler   0x00269a    program     static Z:\REVIVE_CHATA\ReviveUSB_FWver007\Microchip\USB\usb_device.c
               USBSuspend   0x002824    program     static Z:\REVIVE_CHATA\ReviveUSB_FWver007\Microchip\USB\usb_device.c
     USBTransferOnePacket   0x002322    program     extern Z:\REVIVE_CHATA\ReviveUSB_FWver007\Microchip\USB\usb_device.c
       USBWakeFromSuspend   0x002838    program     static Z:\REVIVE_CHATA\ReviveUSB_FWver007\Microchip\USB\usb_device.c
               USB_CD_Ptr   0x002f81    program     extern Z:\REVIVE_CHATA\ReviveUSB_FWver007\usb_descriptors.c
               USB_SD_Ptr   0x002f83    program     extern Z:\REVIVE_CHATA\ReviveUSB_FWver007\usb_descriptors.c
USER_USB_CALLBACK_EVENT_HANDLER   0x001ea8    program     extern Z:\REVIVE_CHATA\ReviveUSB_FWver007\main.c
                 UserInit   0x001320    program     extern Z:\REVIVE_CHATA\ReviveUSB_FWver007\main.c
              WriteEEPROM   0x002f9a    program     extern Z:\REVIVE_CHATA\ReviveUSB_FWver007\eeprom.c
        WriteEEPROM_Agree   0x003060    program     extern Z:\REVIVE_CHATA\ReviveUSB_FWver007\eeprom.c
  YourHighPriorityISRCode   0x00102c    program     extern Z:\REVIVE_CHATA\ReviveUSB_FWver007\main.c
   YourLowPriorityISRCode   0x00103a    program     extern Z:\REVIVE_CHATA\ReviveUSB_FWver007\main.c
              _2jContinue   0x003388    program     static E:\3.46\pic18-lt\cxx-framework\src\traditional\stdclib\memset.asm
                   _3jEnd   0x003392    program     static E:\3.46\pic18-lt\cxx-framework\src\traditional\stdclib\memset.asm
           ___?:_lbl00009   0x001264    program     static                          
           ___?:_lbl00010   0x001262    program     static                          
     ___case_114_lbl00162   0x001f2c    program     static                          
     ___case_115_lbl00158   0x001f1c    program     static                          
     ___case_116_lbl00160   0x001f24    program     static                          
     ___case_117_lbl00159   0x001f20    program     static                          
       ___case_1_lbl00155   0x001f10    program     static                          
       ___case_2_lbl00156   0x001f14    program     static                          
   ___case_32767_lbl00161   0x001f28    program     static                          
       ___case_3_lbl00157   0x001f18    program     static                          
      ___default_lbl00163   0x001f30    program     static                          
         ___else_lbl00013   0x0012a0    program     static                          
          ___for_lbl00007   0x0012b6    program     static                          
          ___for_lbl00008   0x0012bc    program     static                          
          ___for_lbl00014   0x00120e    program     static                          
           ___if_lbl00011   0x00129e    program     static                          
           ___if_lbl00012   0x0012b6    program     static                          
           ___if_lbl00015   0x0012bc    program     static                          
       ___return_lbl00000   0x0033e2    program     static                          
       ___return_lbl00000   0x001004    program     static                          
       ___return_lbl00000   0x000004    program     static                          
       ___return_lbl00001   0x00100c    program     static                          
       ___return_lbl00001   0x00341e    program     static                          
       ___return_lbl00002   0x00101c    program     static                          
       ___return_lbl00002   0x003366    program     static                          
       ___return_lbl00003   0x00000c    program     static                          
       ___return_lbl00004   0x00001c    program     static                          
       ___return_lbl00006   0x0012bc    program     static                          
       ___return_lbl00153   0x001f36    program     static                          
   ___switchexit_lbl00154   0x001f32    program     static                          
               __config_0   0x300000    program     static Z:\REVIVE_CHATA\ReviveUSB_FWver007\main.c
               __config_1   0x300001    program     static Z:\REVIVE_CHATA\ReviveUSB_FWver007\main.c
              __config_10   0x30000c    program     static Z:\REVIVE_CHATA\ReviveUSB_FWver007\main.c
              __config_11   0x30000d    program     static Z:\REVIVE_CHATA\ReviveUSB_FWver007\main.c
               __config_2   0x300002    program     static Z:\REVIVE_CHATA\ReviveUSB_FWver007\main.c
               __config_3   0x300003    program     static Z:\REVIVE_CHATA\ReviveUSB_FWver007\main.c
               __config_4   0x300005    program     static Z:\REVIVE_CHATA\ReviveUSB_FWver007\main.c
               __config_5   0x300006    program     static Z:\REVIVE_CHATA\ReviveUSB_FWver007\main.c
               __config_6   0x300008    program     static Z:\REVIVE_CHATA\ReviveUSB_FWver007\main.c
               __config_7   0x300009    program     static Z:\REVIVE_CHATA\ReviveUSB_FWver007\main.c
               __config_8   0x30000a    program     static Z:\REVIVE_CHATA\ReviveUSB_FWver007\main.c
               __config_9   0x30000b    program     static Z:\REVIVE_CHATA\ReviveUSB_FWver007\main.c
                   __init   0x001006    program     extern E:\3.46\pic18-lt\cxx-framework\src\traditional\stdclib\__init.c
                   __pa_0   0x0030ac    program     static Z:\REVIVE_CHATA\ReviveUSB_FWver007\eeprom.c
                   __pa_0   0x002b7a    program     static Z:\REVIVE_CHATA\ReviveUSB_FWver007\Microchip\USB\usb_device.c
                   __pa_0   0x001f3e    program     static Z:\REVIVE_CHATA\ReviveUSB_FWver007\main.c
                   __pa_1   0x002b82    program     static Z:\REVIVE_CHATA\ReviveUSB_FWver007\Microchip\USB\usb_device.c
                   __pa_1   0x0030ce    program     static Z:\REVIVE_CHATA\ReviveUSB_FWver007\eeprom.c
                   __pa_1   0x001f5a    program     static Z:\REVIVE_CHATA\ReviveUSB_FWver007\main.c
                  __pa_10   0x002be0    program     static Z:\REVIVE_CHATA\ReviveUSB_FWver007\Microchip\USB\usb_device.c
                  __pa_10   0x001fee    program     static Z:\REVIVE_CHATA\ReviveUSB_FWver007\main.c
                  __pa_11   0x002bf0    program     static Z:\REVIVE_CHATA\ReviveUSB_FWver007\Microchip\USB\usb_device.c
                  __pa_11   0x001ffc    program     static Z:\REVIVE_CHATA\ReviveUSB_FWver007\main.c
                  __pa_12   0x002008    program     static Z:\REVIVE_CHATA\ReviveUSB_FWver007\main.c
                  __pa_12   0x002bfa    program     static Z:\REVIVE_CHATA\ReviveUSB_FWver007\Microchip\USB\usb_device.c
                  __pa_13   0x002022    program     static Z:\REVIVE_CHATA\ReviveUSB_FWver007\main.c
                  __pa_13   0x002c0e    program     static Z:\REVIVE_CHATA\ReviveUSB_FWver007\Microchip\USB\usb_device.c
                  __pa_14   0x002032    program     static Z:\REVIVE_CHATA\ReviveUSB_FWver007\main.c
                  __pa_14   0x002c22    program     static Z:\REVIVE_CHATA\ReviveUSB_FWver007\Microchip\USB\usb_device.c
                  __pa_15   0x00204a    program     static Z:\REVIVE_CHATA\ReviveUSB_FWver007\main.c
                  __pa_15   0x002c2e    program     static Z:\REVIVE_CHATA\ReviveUSB_FWver007\Microchip\USB\usb_device.c
                  __pa_16   0x002c48    program     static Z:\REVIVE_CHATA\ReviveUSB_FWver007\Microchip\USB\usb_device.c
                  __pa_16   0x002056    program     static Z:\REVIVE_CHATA\ReviveUSB_FWver007\main.c
                  __pa_17   0x002062    program     static Z:\REVIVE_CHATA\ReviveUSB_FWver007\main.c
                  __pa_17   0x002c54    program     static Z:\REVIVE_CHATA\ReviveUSB_FWver007\Microchip\USB\usb_device.c
                  __pa_18   0x002072    program     static Z:\REVIVE_CHATA\ReviveUSB_FWver007\main.c
                  __pa_18   0x002c60    program     static Z:\REVIVE_CHATA\ReviveUSB_FWver007\Microchip\USB\usb_device.c
                  __pa_19   0x00207a    program     static Z:\REVIVE_CHATA\ReviveUSB_FWver007\main.c
                  __pa_19   0x002c68    program     static Z:\REVIVE_CHATA\ReviveUSB_FWver007\Microchip\USB\usb_device.c
                   __pa_2   0x002b8c    program     static Z:\REVIVE_CHATA\ReviveUSB_FWver007\Microchip\USB\usb_device.c
                   __pa_2   0x0030d8    program     static Z:\REVIVE_CHATA\ReviveUSB_FWver007\eeprom.c
                   __pa_2   0x001f7e    program     static Z:\REVIVE_CHATA\ReviveUSB_FWver007\main.c
                  __pa_20   0x002082    program     static Z:\REVIVE_CHATA\ReviveUSB_FWver007\main.c
                  __pa_20   0x002c70    program     static Z:\REVIVE_CHATA\ReviveUSB_FWver007\Microchip\USB\usb_device.c
                  __pa_21   0x002c7c    program     static Z:\REVIVE_CHATA\ReviveUSB_FWver007\Microchip\USB\usb_device.c
                  __pa_21   0x00208c    program     static Z:\REVIVE_CHATA\ReviveUSB_FWver007\main.c
                  __pa_22   0x002c8c    program     static Z:\REVIVE_CHATA\ReviveUSB_FWver007\Microchip\USB\usb_device.c
                  __pa_22   0x002096    program     static Z:\REVIVE_CHATA\ReviveUSB_FWver007\main.c
                  __pa_23   0x002c9c    program     static Z:\REVIVE_CHATA\ReviveUSB_FWver007\Microchip\USB\usb_device.c
                  __pa_23   0x00209c    program     static Z:\REVIVE_CHATA\ReviveUSB_FWver007\main.c
                  __pa_24   0x002cac    program     static Z:\REVIVE_CHATA\ReviveUSB_FWver007\Microchip\USB\usb_device.c
                  __pa_24   0x0020a2    program     static Z:\REVIVE_CHATA\ReviveUSB_FWver007\main.c
                  __pa_25   0x0020aa    program     static Z:\REVIVE_CHATA\ReviveUSB_FWver007\main.c
                  __pa_25   0x002cba    program     static Z:\REVIVE_CHATA\ReviveUSB_FWver007\Microchip\USB\usb_device.c
                  __pa_26   0x0020b6    program     static Z:\REVIVE_CHATA\ReviveUSB_FWver007\main.c
                  __pa_26   0x002cc8    program     static Z:\REVIVE_CHATA\ReviveUSB_FWver007\Microchip\USB\usb_device.c
                  __pa_27   0x002cd6    program     static Z:\REVIVE_CHATA\ReviveUSB_FWver007\Microchip\USB\usb_device.c
                  __pa_27   0x0020c2    program     static Z:\REVIVE_CHATA\ReviveUSB_FWver007\main.c
                  __pa_28   0x0020ce    program     static Z:\REVIVE_CHATA\ReviveUSB_FWver007\main.c
                  __pa_28   0x002ce4    program     static Z:\REVIVE_CHATA\ReviveUSB_FWver007\Microchip\USB\usb_device.c
                  __pa_29   0x002cee    program     static Z:\REVIVE_CHATA\ReviveUSB_FWver007\Microchip\USB\usb_device.c
                  __pa_29   0x0020dc    program     static Z:\REVIVE_CHATA\ReviveUSB_FWver007\main.c
                   __pa_3   0x002b94    program     static Z:\REVIVE_CHATA\ReviveUSB_FWver007\Microchip\USB\usb_device.c
                   __pa_3   0x0030e0    program     static Z:\REVIVE_CHATA\ReviveUSB_FWver007\eeprom.c
                   __pa_3   0x001f8e    program     static Z:\REVIVE_CHATA\ReviveUSB_FWver007\main.c
                  __pa_30   0x002d06    program     static Z:\REVIVE_CHATA\ReviveUSB_FWver007\Microchip\USB\usb_device.c
                  __pa_31   0x002d12    program     static Z:\REVIVE_CHATA\ReviveUSB_FWver007\Microchip\USB\usb_device.c
                  __pa_32   0x002d1a    program     static Z:\REVIVE_CHATA\ReviveUSB_FWver007\Microchip\USB\usb_device.c
                  __pa_33   0x002d2e    program     static Z:\REVIVE_CHATA\ReviveUSB_FWver007\Microchip\USB\usb_device.c
                  __pa_34   0x002d40    program     static Z:\REVIVE_CHATA\ReviveUSB_FWver007\Microchip\USB\usb_device.c
                  __pa_35   0x002d4e    program     static Z:\REVIVE_CHATA\ReviveUSB_FWver007\Microchip\USB\usb_device.c
                  __pa_36   0x002d58    program     static Z:\REVIVE_CHATA\ReviveUSB_FWver007\Microchip\USB\usb_device.c
                  __pa_37   0x002d62    program     static Z:\REVIVE_CHATA\ReviveUSB_FWver007\Microchip\USB\usb_device.c
                  __pa_38   0x002d68    program     static Z:\REVIVE_CHATA\ReviveUSB_FWver007\Microchip\USB\usb_device.c
                  __pa_39   0x002d70    program     static Z:\REVIVE_CHATA\ReviveUSB_FWver007\Microchip\USB\usb_device.c
                   __pa_4   0x002b9e    program     static Z:\REVIVE_CHATA\ReviveUSB_FWver007\Microchip\USB\usb_device.c
                   __pa_4   0x001faa    program     static Z:\REVIVE_CHATA\ReviveUSB_FWver007\main.c
                   __pa_4   0x0030ea    program     static Z:\REVIVE_CHATA\ReviveUSB_FWver007\eeprom.c
                  __pa_40   0x002d76    program     static Z:\REVIVE_CHATA\ReviveUSB_FWver007\Microchip\USB\usb_device.c
                  __pa_41   0x002d84    program     static Z:\REVIVE_CHATA\ReviveUSB_FWver007\Microchip\USB\usb_device.c
                  __pa_42   0x002d92    program     static Z:\REVIVE_CHATA\ReviveUSB_FWver007\Microchip\USB\usb_device.c
                  __pa_43   0x002da0    program     static Z:\REVIVE_CHATA\ReviveUSB_FWver007\Microchip\USB\usb_device.c
                  __pa_44   0x002daa    program     static Z:\REVIVE_CHATA\ReviveUSB_FWver007\Microchip\USB\usb_device.c
                  __pa_45   0x002db4    program     static Z:\REVIVE_CHATA\ReviveUSB_FWver007\Microchip\USB\usb_device.c
                  __pa_46   0x002dbc    program     static Z:\REVIVE_CHATA\ReviveUSB_FWver007\Microchip\USB\usb_device.c
                  __pa_47   0x002dc8    program     static Z:\REVIVE_CHATA\ReviveUSB_FWver007\Microchip\USB\usb_device.c
                  __pa_48   0x002dd2    program     static Z:\REVIVE_CHATA\ReviveUSB_FWver007\Microchip\USB\usb_device.c
                   __pa_5   0x0030f8    program     static Z:\REVIVE_CHATA\ReviveUSB_FWver007\eeprom.c
                   __pa_5   0x002ba8    program     static Z:\REVIVE_CHATA\ReviveUSB_FWver007\Microchip\USB\usb_device.c
                   __pa_5   0x001fb2    program     static Z:\REVIVE_CHATA\ReviveUSB_FWver007\main.c
                   __pa_6   0x002bb2    program     static Z:\REVIVE_CHATA\ReviveUSB_FWver007\Microchip\USB\usb_device.c
                   __pa_6   0x001fc2    program     static Z:\REVIVE_CHATA\ReviveUSB_FWver007\main.c
                   __pa_7   0x002bba    program     static Z:\REVIVE_CHATA\ReviveUSB_FWver007\Microchip\USB\usb_device.c
                   __pa_7   0x001fcc    program     static Z:\REVIVE_CHATA\ReviveUSB_FWver007\main.c
                   __pa_8   0x002bca    program     static Z:\REVIVE_CHATA\ReviveUSB_FWver007\Microchip\USB\usb_device.c
                   __pa_8   0x001fd4    program     static Z:\REVIVE_CHATA\ReviveUSB_FWver007\main.c
                   __pa_9   0x001fe0    program     static Z:\REVIVE_CHATA\ReviveUSB_FWver007\main.c
                   __pa_9   0x002bd4    program     static Z:\REVIVE_CHATA\ReviveUSB_FWver007\Microchip\USB\usb_device.c
              __tmplbl_13   0x001ec4    program     static                          
              __tmplbl_14   0x001ed0    program     static                          
              __tmplbl_15   0x001eda    program     static                          
              __tmplbl_16   0x001ee4    program     static                          
              __tmplbl_17   0x001eee    program     static                          
              __tmplbl_18   0x001ef8    program     static                          
              __tmplbl_19   0x001f02    program     static                          
              __tmplbl_20   0x001f0c    program     static                          
              __tmplbl_21   0x001222    program     static                          
              __tmplbl_24   0x002bb2    program     static                          
              __tmplbl_27   0x001e4c    program     static                          
              __tmplbl_28   0x001e4c    program     static                          
              __tmplbl_34   0x002bb2    program     static                          
              __tmplbl_37   0x002bb2    program     static                          
              __tmplbl_38   0x002bb2    program     static                          
            __zero_memory   0x0033e4    program     extern E:\3.46\pic18-lt\cxx-framework\src\traditional\proc\p18f14k50.asm
                _do_cinit   0x0032ca    program     extern E:\3.46\pic18-lt\cxx-framework\src\traditional\startup\c018i.c
                   _entry   0x000000    program     extern E:\3.46\pic18-lt\cxx-framework\src\traditional\startup\c018i.c
                   _reset   0x001000    program     extern Z:\REVIVE_CHATA\ReviveUSB_FWver007\main.c
                 _startup   0x003404    program     extern E:\3.46\pic18-lt\cxx-framework\src\traditional\startup\c018i.c
                compare_l   0x0033fa    program     static E:\3.46\pic18-lt\cxx-framework\src\traditional\proc\p18f14k50.asm
        configDescriptor1   0x002dec    program     extern Z:\REVIVE_CHATA\ReviveUSB_FWver007\usb_descriptors.c
                copy_loop   0x00333c    program     static                          
            copy_one_byte   0x003342    program     static                          
               device_dsc   0x002dda    program     extern Z:\REVIVE_CHATA\ReviveUSB_FWver007\usb_descriptors.c
                     done   0x003366    program     static                          
             done_copying   0x003350    program     static                          
                  endloop   0x0033de    program     static                          
                hid_rpt01   0x002e6e    program     extern Z:\REVIVE_CHATA\ReviveUSB_FWver007\usb_descriptors.c
                hid_rpt02   0x002ea2    program     extern Z:\REVIVE_CHATA\ReviveUSB_FWver007\usb_descriptors.c
                hid_rpt03   0x002ed3    program     extern Z:\REVIVE_CHATA\ReviveUSB_FWver007\usb_descriptors.c
                hid_rpt04   0x002f12    program     extern Z:\REVIVE_CHATA\ReviveUSB_FWver007\usb_descriptors.c
                     jEnd   0x00339a    program     static E:\3.46\pic18-lt\cxx-framework\src\traditional\stdclib\memset.asm
                     jEnd   0x0033b6    program     static E:\3.46\pic18-lt\cxx-framework\src\traditional\stdclib\strlen.asm
                    jLoop   0x00337c    program     static E:\3.46\pic18-lt\cxx-framework\src\traditional\stdclib\memset.asm
                    jLoop   0x0033ac    program     static E:\3.46\pic18-lt\cxx-framework\src\traditional\stdclib\strlen.asm
                     loop   0x0033c2    program     static                          
                     loop   0x003414    program     static                          
                   loop_h   0x0033f2    program     static E:\3.46\pic18-lt\cxx-framework\src\traditional\proc\p18f14k50.asm
                   loop_l   0x0033fc    program     static E:\3.46\pic18-lt\cxx-framework\src\traditional\proc\p18f14k50.asm
                     main   0x00130c    program     extern Z:\REVIVE_CHATA\ReviveUSB_FWver007\main.c
                   memset   0x003368    program     extern E:\3.46\pic18-lt\cxx-framework\src\traditional\stdclib\memset.asm
                    sd000   0x002f2f    program     extern Z:\REVIVE_CHATA\ReviveUSB_FWver007\usb_descriptors.c
                    sd001   0x002f33    program     extern Z:\REVIVE_CHATA\ReviveUSB_FWver007\usb_descriptors.c
                    sd002   0x002f59    program     extern Z:\REVIVE_CHATA\ReviveUSB_FWver007\usb_descriptors.c
                   strlen   0x00339c    program     extern E:\3.46\pic18-lt\cxx-framework\src\traditional\stdclib\strlen.asm
                     test   0x0032e4    program     static                          
               zero_block   0x0033f2    program     static E:\3.46\pic18-lt\cxx-framework\src\traditional\proc\p18f14k50.asm
                   ADCON0   0x000fc2       data     extern E:\3.46\pic18-lt\cxx-framework\src\traditional\proc\p18f14k50.asm
               ADCON0bits   0x000fc2       data     extern E:\3.46\pic18-lt\cxx-framework\src\traditional\proc\p18f14k50.asm
                   ADCON1   0x000fc1       data     extern E:\3.46\pic18-lt\cxx-framework\src\traditional\proc\p18f14k50.asm
               ADCON1bits   0x000fc1       data     extern E:\3.46\pic18-lt\cxx-framework\src\traditional\proc\p18f14k50.asm
                   ADCON2   0x000fc0       data     extern E:\3.46\pic18-lt\cxx-framework\src\traditional\proc\p18f14k50.asm
               ADCON2bits   0x000fc0       data     extern E:\3.46\pic18-lt\cxx-framework\src\traditional\proc\p18f14k50.asm
                    ADRES   0x000fc3       data     extern E:\3.46\pic18-lt\cxx-framework\src\traditional\proc\p18f14k50.asm
                   ADRESH   0x000fc4       data     extern E:\3.46\pic18-lt\cxx-framework\src\traditional\proc\p18f14k50.asm
                   ADRESL   0x000fc3       data     extern E:\3.46\pic18-lt\cxx-framework\src\traditional\proc\p18f14k50.asm
                    ANSEL   0x000f7e       data     extern E:\3.46\pic18-lt\cxx-framework\src\traditional\proc\p18f14k50.asm
                   ANSELH   0x000f7f       data     extern E:\3.46\pic18-lt\cxx-framework\src\traditional\proc\p18f14k50.asm
               ANSELHbits   0x000f7f       data     extern E:\3.46\pic18-lt\cxx-framework\src\traditional\proc\p18f14k50.asm
                ANSELbits   0x000f7e       data     extern E:\3.46\pic18-lt\cxx-framework\src\traditional\proc\p18f14k50.asm
                  BAUDCON   0x000fb8       data     extern E:\3.46\pic18-lt\cxx-framework\src\traditional\proc\p18f14k50.asm
              BAUDCONbits   0x000fb8       data     extern E:\3.46\pic18-lt\cxx-framework\src\traditional\proc\p18f14k50.asm
                  BAUDCTL   0x000fb8       data     extern E:\3.46\pic18-lt\cxx-framework\src\traditional\proc\p18f14k50.asm
              BAUDCTLbits   0x000fb8       data     extern E:\3.46\pic18-lt\cxx-framework\src\traditional\proc\p18f14k50.asm
                      BDT   0x000200       data     extern Z:\REVIVE_CHATA\ReviveUSB_FWver007\Microchip\USB\usb_device.c
                      BSR   0x000fe0       data     extern E:\3.46\pic18-lt\cxx-framework\src\traditional\proc\p18f14k50.asm
       BothEP0OutUOWNsSet   0x0000e5       data     extern Z:\REVIVE_CHATA\ReviveUSB_FWver007\Microchip\USB\usb_device.c
                  CCP1CON   0x000fbd       data     extern E:\3.46\pic18-lt\cxx-framework\src\traditional\proc\p18f14k50.asm
              CCP1CONbits   0x000fbd       data     extern E:\3.46\pic18-lt\cxx-framework\src\traditional\proc\p18f14k50.asm
                    CCPR1   0x000fbe       data     extern E:\3.46\pic18-lt\cxx-framework\src\traditional\proc\p18f14k50.asm
                   CCPR1H   0x000fbf       data     extern E:\3.46\pic18-lt\cxx-framework\src\traditional\proc\p18f14k50.asm
                   CCPR1L   0x000fbe       data     extern E:\3.46\pic18-lt\cxx-framework\src\traditional\proc\p18f14k50.asm
                  CM1CON0   0x000f6d       data     extern E:\3.46\pic18-lt\cxx-framework\src\traditional\proc\p18f14k50.asm
              CM1CON0bits   0x000f6d       data     extern E:\3.46\pic18-lt\cxx-framework\src\traditional\proc\p18f14k50.asm
                  CM2CON0   0x000f6b       data     extern E:\3.46\pic18-lt\cxx-framework\src\traditional\proc\p18f14k50.asm
              CM2CON0bits   0x000f6b       data     extern E:\3.46\pic18-lt\cxx-framework\src\traditional\proc\p18f14k50.asm
                  CM2CON1   0x000f6c       data     extern E:\3.46\pic18-lt\cxx-framework\src\traditional\proc\p18f14k50.asm
              CM2CON1bits   0x000f6c       data     extern E:\3.46\pic18-lt\cxx-framework\src\traditional\proc\p18f14k50.asm
              CtrlTrfData   0x000258       data     extern Z:\REVIVE_CHATA\ReviveUSB_FWver007\Microchip\USB\usb_device.c
                     DDRA   0x000f92       data     extern E:\3.46\pic18-lt\cxx-framework\src\traditional\proc\p18f14k50.asm
                 DDRAbits   0x000f92       data     extern E:\3.46\pic18-lt\cxx-framework\src\traditional\proc\p18f14k50.asm
                     DDRB   0x000f93       data     extern E:\3.46\pic18-lt\cxx-framework\src\traditional\proc\p18f14k50.asm
                 DDRBbits   0x000f93       data     extern E:\3.46\pic18-lt\cxx-framework\src\traditional\proc\p18f14k50.asm
                     DDRC   0x000f94       data     extern E:\3.46\pic18-lt\cxx-framework\src\traditional\proc\p18f14k50.asm
                 DDRCbits   0x000f94       data     extern E:\3.46\pic18-lt\cxx-framework\src\traditional\proc\p18f14k50.asm
                  ECCP1AS   0x000fb6       data     extern E:\3.46\pic18-lt\cxx-framework\src\traditional\proc\p18f14k50.asm
              ECCP1ASbits   0x000fb6       data     extern E:\3.46\pic18-lt\cxx-framework\src\traditional\proc\p18f14k50.asm
                    EEADR   0x000fa9       data     extern E:\3.46\pic18-lt\cxx-framework\src\traditional\proc\p18f14k50.asm
                EEADRbits   0x000fa9       data     extern E:\3.46\pic18-lt\cxx-framework\src\traditional\proc\p18f14k50.asm
                   EECON1   0x000fa6       data     extern E:\3.46\pic18-lt\cxx-framework\src\traditional\proc\p18f14k50.asm
               EECON1bits   0x000fa6       data     extern E:\3.46\pic18-lt\cxx-framework\src\traditional\proc\p18f14k50.asm
                   EECON2   0x000fa7       data     extern E:\3.46\pic18-lt\cxx-framework\src\traditional\proc\p18f14k50.asm
                   EEDATA   0x000fa8       data     extern E:\3.46\pic18-lt\cxx-framework\src\traditional\proc\p18f14k50.asm
                     FSR0   0x000fe9       data     extern E:\3.46\pic18-lt\cxx-framework\src\traditional\proc\p18f14k50.asm
                    FSR0H   0x000fea       data     extern E:\3.46\pic18-lt\cxx-framework\src\traditional\proc\p18f14k50.asm
                    FSR0L   0x000fe9       data     extern E:\3.46\pic18-lt\cxx-framework\src\traditional\proc\p18f14k50.asm
                     FSR1   0x000fe1       data     extern E:\3.46\pic18-lt\cxx-framework\src\traditional\proc\p18f14k50.asm
                    FSR1H   0x000fe2       data     extern E:\3.46\pic18-lt\cxx-framework\src\traditional\proc\p18f14k50.asm
                    FSR1L   0x000fe1       data     extern E:\3.46\pic18-lt\cxx-framework\src\traditional\proc\p18f14k50.asm
                     FSR2   0x000fd9       data     extern E:\3.46\pic18-lt\cxx-framework\src\traditional\proc\p18f14k50.asm
                    FSR2H   0x000fda       data     extern E:\3.46\pic18-lt\cxx-framework\src\traditional\proc\p18f14k50.asm
                    FSR2L   0x000fd9       data     extern E:\3.46\pic18-lt\cxx-framework\src\traditional\proc\p18f14k50.asm
                    INDF0   0x000fef       data     extern E:\3.46\pic18-lt\cxx-framework\src\traditional\proc\p18f14k50.asm
                    INDF1   0x000fe7       data     extern E:\3.46\pic18-lt\cxx-framework\src\traditional\proc\p18f14k50.asm
                    INDF2   0x000fdf       data     extern E:\3.46\pic18-lt\cxx-framework\src\traditional\proc\p18f14k50.asm
                   INTCON   0x000ff2       data     extern E:\3.46\pic18-lt\cxx-framework\src\traditional\proc\p18f14k50.asm
                  INTCON2   0x000ff1       data     extern E:\3.46\pic18-lt\cxx-framework\src\traditional\proc\p18f14k50.asm
              INTCON2bits   0x000ff1       data     extern E:\3.46\pic18-lt\cxx-framework\src\traditional\proc\p18f14k50.asm
                  INTCON3   0x000ff0       data     extern E:\3.46\pic18-lt\cxx-framework\src\traditional\proc\p18f14k50.asm
              INTCON3bits   0x000ff0       data     extern E:\3.46\pic18-lt\cxx-framework\src\traditional\proc\p18f14k50.asm
               INTCONbits   0x000ff2       data     extern E:\3.46\pic18-lt\cxx-framework\src\traditional\proc\p18f14k50.asm
                     IOCA   0x000f79       data     extern E:\3.46\pic18-lt\cxx-framework\src\traditional\proc\p18f14k50.asm
                 IOCAbits   0x000f79       data     extern E:\3.46\pic18-lt\cxx-framework\src\traditional\proc\p18f14k50.asm
                     IOCB   0x000f7a       data     extern E:\3.46\pic18-lt\cxx-framework\src\traditional\proc\p18f14k50.asm
                 IOCBbits   0x000f7a       data     extern E:\3.46\pic18-lt\cxx-framework\src\traditional\proc\p18f14k50.asm
                     IPR1   0x000f9f       data     extern E:\3.46\pic18-lt\cxx-framework\src\traditional\proc\p18f14k50.asm
                 IPR1bits   0x000f9f       data     extern E:\3.46\pic18-lt\cxx-framework\src\traditional\proc\p18f14k50.asm
                     IPR2   0x000fa2       data     extern E:\3.46\pic18-lt\cxx-framework\src\traditional\proc\p18f14k50.asm
                 IPR2bits   0x000fa2       data     extern E:\3.46\pic18-lt\cxx-framework\src\traditional\proc\p18f14k50.asm
                     LATA   0x000f89       data     extern E:\3.46\pic18-lt\cxx-framework\src\traditional\proc\p18f14k50.asm
                 LATAbits   0x000f89       data     extern E:\3.46\pic18-lt\cxx-framework\src\traditional\proc\p18f14k50.asm
                     LATB   0x000f8a       data     extern E:\3.46\pic18-lt\cxx-framework\src\traditional\proc\p18f14k50.asm
                 LATBbits   0x000f8a       data     extern E:\3.46\pic18-lt\cxx-framework\src\traditional\proc\p18f14k50.asm
                     LATC   0x000f8b       data     extern E:\3.46\pic18-lt\cxx-framework\src\traditional\proc\p18f14k50.asm
                 LATCbits   0x000f8b       data     extern E:\3.46\pic18-lt\cxx-framework\src\traditional\proc\p18f14k50.asm
                   OSCCON   0x000fd3       data     extern E:\3.46\pic18-lt\cxx-framework\src\traditional\proc\p18f14k50.asm
                  OSCCON2   0x000fd2       data     extern E:\3.46\pic18-lt\cxx-framework\src\traditional\proc\p18f14k50.asm
              OSCCON2bits   0x000fd2       data     extern E:\3.46\pic18-lt\cxx-framework\src\traditional\proc\p18f14k50.asm
               OSCCONbits   0x000fd3       data     extern E:\3.46\pic18-lt\cxx-framework\src\traditional\proc\p18f14k50.asm
                  OSCTUNE   0x000f9b       data     extern E:\3.46\pic18-lt\cxx-framework\src\traditional\proc\p18f14k50.asm
              OSCTUNEbits   0x000f9b       data     extern E:\3.46\pic18-lt\cxx-framework\src\traditional\proc\p18f14k50.asm
                       PC   0x000ff9       data     extern E:\3.46\pic18-lt\cxx-framework\src\traditional\proc\p18f14k50.asm
                      PCL   0x000ff9       data     extern E:\3.46\pic18-lt\cxx-framework\src\traditional\proc\p18f14k50.asm
                   PCLATH   0x000ffa       data     extern E:\3.46\pic18-lt\cxx-framework\src\traditional\proc\p18f14k50.asm
                   PCLATU   0x000ffb       data     extern E:\3.46\pic18-lt\cxx-framework\src\traditional\proc\p18f14k50.asm
                     PIE1   0x000f9d       data     extern E:\3.46\pic18-lt\cxx-framework\src\traditional\proc\p18f14k50.asm
                 PIE1bits   0x000f9d       data     extern E:\3.46\pic18-lt\cxx-framework\src\traditional\proc\p18f14k50.asm
                     PIE2   0x000fa0       data     extern E:\3.46\pic18-lt\cxx-framework\src\traditional\proc\p18f14k50.asm
                 PIE2bits   0x000fa0       data     extern E:\3.46\pic18-lt\cxx-framework\src\traditional\proc\p18f14k50.asm
                     PIR1   0x000f9e       data     extern E:\3.46\pic18-lt\cxx-framework\src\traditional\proc\p18f14k50.asm
                 PIR1bits   0x000f9e       data     extern E:\3.46\pic18-lt\cxx-framework\src\traditional\proc\p18f14k50.asm
                     PIR2   0x000fa1       data     extern E:\3.46\pic18-lt\cxx-framework\src\traditional\proc\p18f14k50.asm
                 PIR2bits   0x000fa1       data     extern E:\3.46\pic18-lt\cxx-framework\src\traditional\proc\p18f14k50.asm
                   PLUSW0   0x000feb       data     extern E:\3.46\pic18-lt\cxx-framework\src\traditional\proc\p18f14k50.asm
                   PLUSW1   0x000fe3       data     extern E:\3.46\pic18-lt\cxx-framework\src\traditional\proc\p18f14k50.asm
                   PLUSW2   0x000fdb       data     extern E:\3.46\pic18-lt\cxx-framework\src\traditional\proc\p18f14k50.asm
                    PORTA   0x000f80       data     extern E:\3.46\pic18-lt\cxx-framework\src\traditional\proc\p18f14k50.asm
                PORTAbits   0x000f80       data     extern E:\3.46\pic18-lt\cxx-framework\src\traditional\proc\p18f14k50.asm
                    PORTB   0x000f81       data     extern E:\3.46\pic18-lt\cxx-framework\src\traditional\proc\p18f14k50.asm
                PORTBbits   0x000f81       data     extern E:\3.46\pic18-lt\cxx-framework\src\traditional\proc\p18f14k50.asm
                    PORTC   0x000f82       data     extern E:\3.46\pic18-lt\cxx-framework\src\traditional\proc\p18f14k50.asm
                PORTCbits   0x000f82       data     extern E:\3.46\pic18-lt\cxx-framework\src\traditional\proc\p18f14k50.asm
                 POSTDEC0   0x000fed       data     extern E:\3.46\pic18-lt\cxx-framework\src\traditional\proc\p18f14k50.asm
                 POSTDEC1   0x000fe5       data     extern E:\3.46\pic18-lt\cxx-framework\src\traditional\proc\p18f14k50.asm
                 POSTDEC2   0x000fdd       data     extern E:\3.46\pic18-lt\cxx-framework\src\traditional\proc\p18f14k50.asm
                 POSTINC0   0x000fee       data     extern E:\3.46\pic18-lt\cxx-framework\src\traditional\proc\p18f14k50.asm
                 POSTINC1   0x000fe6       data     extern E:\3.46\pic18-lt\cxx-framework\src\traditional\proc\p18f14k50.asm
                 POSTINC2   0x000fde       data     extern E:\3.46\pic18-lt\cxx-framework\src\traditional\proc\p18f14k50.asm
                      PR2   0x000fcb       data     extern E:\3.46\pic18-lt\cxx-framework\src\traditional\proc\p18f14k50.asm
                  PREINC0   0x000fec       data     extern E:\3.46\pic18-lt\cxx-framework\src\traditional\proc\p18f14k50.asm
                  PREINC1   0x000fe4       data     extern E:\3.46\pic18-lt\cxx-framework\src\traditional\proc\p18f14k50.asm
                  PREINC2   0x000fdc       data     extern E:\3.46\pic18-lt\cxx-framework\src\traditional\proc\p18f14k50.asm
                     PROD   0x000ff3       data     extern E:\3.46\pic18-lt\cxx-framework\src\traditional\proc\p18f14k50.asm
                    PRODH   0x000ff4       data     extern E:\3.46\pic18-lt\cxx-framework\src\traditional\proc\p18f14k50.asm
                    PRODL   0x000ff3       data     extern E:\3.46\pic18-lt\cxx-framework\src\traditional\proc\p18f14k50.asm
                  PSTRCON   0x000fb9       data     extern E:\3.46\pic18-lt\cxx-framework\src\traditional\proc\p18f14k50.asm
              PSTRCONbits   0x000fb9       data     extern E:\3.46\pic18-lt\cxx-framework\src\traditional\proc\p18f14k50.asm
                  PWM1CON   0x000fb7       data     extern E:\3.46\pic18-lt\cxx-framework\src\traditional\proc\p18f14k50.asm
              PWM1CONbits   0x000fb7       data     extern E:\3.46\pic18-lt\cxx-framework\src\traditional\proc\p18f14k50.asm
                     RCON   0x000fd0       data     extern E:\3.46\pic18-lt\cxx-framework\src\traditional\proc\p18f14k50.asm
                 RCONbits   0x000fd0       data     extern E:\3.46\pic18-lt\cxx-framework\src\traditional\proc\p18f14k50.asm
                    RCREG   0x000fae       data     extern E:\3.46\pic18-lt\cxx-framework\src\traditional\proc\p18f14k50.asm
                    RCSTA   0x000fab       data     extern E:\3.46\pic18-lt\cxx-framework\src\traditional\proc\p18f14k50.asm
                RCSTAbits   0x000fab       data     extern E:\3.46\pic18-lt\cxx-framework\src\traditional\proc\p18f14k50.asm
                  REFCON0   0x000fba       data     extern E:\3.46\pic18-lt\cxx-framework\src\traditional\proc\p18f14k50.asm
              REFCON0bits   0x000fba       data     extern E:\3.46\pic18-lt\cxx-framework\src\traditional\proc\p18f14k50.asm
                  REFCON1   0x000fbb       data     extern E:\3.46\pic18-lt\cxx-framework\src\traditional\proc\p18f14k50.asm
              REFCON1bits   0x000fbb       data     extern E:\3.46\pic18-lt\cxx-framework\src\traditional\proc\p18f14k50.asm
                  REFCON2   0x000fbc       data     extern E:\3.46\pic18-lt\cxx-framework\src\traditional\proc\p18f14k50.asm
              REFCON2bits   0x000fbc       data     extern E:\3.46\pic18-lt\cxx-framework\src\traditional\proc\p18f14k50.asm
       ReceivedDataBuffer   0x000279       data     extern Z:\REVIVE_CHATA\ReviveUSB_FWver007\main.c
             RemoteWakeup   0x0000e1       data     extern Z:\REVIVE_CHATA\ReviveUSB_FWver007\Microchip\USB\usb_device.c
                     SIGN   0x000000       data     extern E:\3.46\pic18-lt\cxx-framework\src\traditional\math\cmath18.asm
                   SLRCON   0x000f76       data     extern E:\3.46\pic18-lt\cxx-framework\src\traditional\proc\p18f14k50.asm
               SLRCONbits   0x000f76       data     extern E:\3.46\pic18-lt\cxx-framework\src\traditional\proc\p18f14k50.asm
                    SPBRG   0x000faf       data     extern E:\3.46\pic18-lt\cxx-framework\src\traditional\proc\p18f14k50.asm
                   SPBRGH   0x000fb0       data     extern E:\3.46\pic18-lt\cxx-framework\src\traditional\proc\p18f14k50.asm
                   SRCON0   0x000f68       data     extern E:\3.46\pic18-lt\cxx-framework\src\traditional\proc\p18f14k50.asm
               SRCON0bits   0x000f68       data     extern E:\3.46\pic18-lt\cxx-framework\src\traditional\proc\p18f14k50.asm
                   SRCON1   0x000f69       data     extern E:\3.46\pic18-lt\cxx-framework\src\traditional\proc\p18f14k50.asm
               SRCON1bits   0x000f69       data     extern E:\3.46\pic18-lt\cxx-framework\src\traditional\proc\p18f14k50.asm
                   SSPADD   0x000fc8       data     extern E:\3.46\pic18-lt\cxx-framework\src\traditional\proc\p18f14k50.asm
                   SSPBUF   0x000fc9       data     extern E:\3.46\pic18-lt\cxx-framework\src\traditional\proc\p18f14k50.asm
                  SSPCON1   0x000fc6       data     extern E:\3.46\pic18-lt\cxx-framework\src\traditional\proc\p18f14k50.asm
              SSPCON1bits   0x000fc6       data     extern E:\3.46\pic18-lt\cxx-framework\src\traditional\proc\p18f14k50.asm
                  SSPCON2   0x000fc5       data     extern E:\3.46\pic18-lt\cxx-framework\src\traditional\proc\p18f14k50.asm
              SSPCON2bits   0x000fc5       data     extern E:\3.46\pic18-lt\cxx-framework\src\traditional\proc\p18f14k50.asm
                   SSPMSK   0x000f6f       data     extern E:\3.46\pic18-lt\cxx-framework\src\traditional\proc\p18f14k50.asm
               SSPMSKbits   0x000f6f       data     extern E:\3.46\pic18-lt\cxx-framework\src\traditional\proc\p18f14k50.asm
                  SSPSTAT   0x000fc7       data     extern E:\3.46\pic18-lt\cxx-framework\src\traditional\proc\p18f14k50.asm
              SSPSTATbits   0x000fc7       data     extern E:\3.46\pic18-lt\cxx-framework\src\traditional\proc\p18f14k50.asm
                   STATUS   0x000fd8       data     extern E:\3.46\pic18-lt\cxx-framework\src\traditional\proc\p18f14k50.asm
               STATUSbits   0x000fd8       data     extern E:\3.46\pic18-lt\cxx-framework\src\traditional\proc\p18f14k50.asm
                   STKPTR   0x000ffc       data     extern E:\3.46\pic18-lt\cxx-framework\src\traditional\proc\p18f14k50.asm
               STKPTRbits   0x000ffc       data     extern E:\3.46\pic18-lt\cxx-framework\src\traditional\proc\p18f14k50.asm
                 SetupPkt   0x000250       data     extern Z:\REVIVE_CHATA\ReviveUSB_FWver007\Microchip\USB\usb_device.c
                    T0CON   0x000fd5       data     extern E:\3.46\pic18-lt\cxx-framework\src\traditional\proc\p18f14k50.asm
                T0CONbits   0x000fd5       data     extern E:\3.46\pic18-lt\cxx-framework\src\traditional\proc\p18f14k50.asm
                    T1CON   0x000fcd       data     extern E:\3.46\pic18-lt\cxx-framework\src\traditional\proc\p18f14k50.asm
                T1CONbits   0x000fcd       data     extern E:\3.46\pic18-lt\cxx-framework\src\traditional\proc\p18f14k50.asm
                    T2CON   0x000fca       data     extern E:\3.46\pic18-lt\cxx-framework\src\traditional\proc\p18f14k50.asm
                T2CONbits   0x000fca       data     extern E:\3.46\pic18-lt\cxx-framework\src\traditional\proc\p18f14k50.asm
                    T3CON   0x000fb1       data     extern E:\3.46\pic18-lt\cxx-framework\src\traditional\proc\p18f14k50.asm
                T3CONbits   0x000fb1       data     extern E:\3.46\pic18-lt\cxx-framework\src\traditional\proc\p18f14k50.asm
                   TABLAT   0x000ff5       data     extern E:\3.46\pic18-lt\cxx-framework\src\traditional\proc\p18f14k50.asm
                   TBLPTR   0x000ff6       data     extern E:\3.46\pic18-lt\cxx-framework\src\traditional\proc\p18f14k50.asm
                  TBLPTRH   0x000ff7       data     extern E:\3.46\pic18-lt\cxx-framework\src\traditional\proc\p18f14k50.asm
                  TBLPTRL   0x000ff6       data     extern E:\3.46\pic18-lt\cxx-framework\src\traditional\proc\p18f14k50.asm
                  TBLPTRU   0x000ff8       data     extern E:\3.46\pic18-lt\cxx-framework\src\traditional\proc\p18f14k50.asm
                    TMR0H   0x000fd7       data     extern E:\3.46\pic18-lt\cxx-framework\src\traditional\proc\p18f14k50.asm
                    TMR0L   0x000fd6       data     extern E:\3.46\pic18-lt\cxx-framework\src\traditional\proc\p18f14k50.asm
                    TMR1H   0x000fcf       data     extern E:\3.46\pic18-lt\cxx-framework\src\traditional\proc\p18f14k50.asm
                    TMR1L   0x000fce       data     extern E:\3.46\pic18-lt\cxx-framework\src\traditional\proc\p18f14k50.asm
                     TMR2   0x000fcc       data     extern E:\3.46\pic18-lt\cxx-framework\src\traditional\proc\p18f14k50.asm
                    TMR3H   0x000fb3       data     extern E:\3.46\pic18-lt\cxx-framework\src\traditional\proc\p18f14k50.asm
                    TMR3L   0x000fb2       data     extern E:\3.46\pic18-lt\cxx-framework\src\traditional\proc\p18f14k50.asm
                      TOS   0x000ffd       data     extern E:\3.46\pic18-lt\cxx-framework\src\traditional\proc\p18f14k50.asm
                     TOSH   0x000ffe       data     extern E:\3.46\pic18-lt\cxx-framework\src\traditional\proc\p18f14k50.asm
                     TOSL   0x000ffd       data     extern E:\3.46\pic18-lt\cxx-framework\src\traditional\proc\p18f14k50.asm
                     TOSU   0x000fff       data     extern E:\3.46\pic18-lt\cxx-framework\src\traditional\proc\p18f14k50.asm
                    TRISA   0x000f92       data     extern E:\3.46\pic18-lt\cxx-framework\src\traditional\proc\p18f14k50.asm
                TRISAbits   0x000f92       data     extern E:\3.46\pic18-lt\cxx-framework\src\traditional\proc\p18f14k50.asm
                    TRISB   0x000f93       data     extern E:\3.46\pic18-lt\cxx-framework\src\traditional\proc\p18f14k50.asm
                TRISBbits   0x000f93       data     extern E:\3.46\pic18-lt\cxx-framework\src\traditional\proc\p18f14k50.asm
                    TRISC   0x000f94       data     extern E:\3.46\pic18-lt\cxx-framework\src\traditional\proc\p18f14k50.asm
                TRISCbits   0x000f94       data     extern E:\3.46\pic18-lt\cxx-framework\src\traditional\proc\p18f14k50.asm
                    TXREG   0x000fad       data     extern E:\3.46\pic18-lt\cxx-framework\src\traditional\proc\p18f14k50.asm
                    TXSTA   0x000fac       data     extern E:\3.46\pic18-lt\cxx-framework\src\traditional\proc\p18f14k50.asm
                TXSTAbits   0x000fac       data     extern E:\3.46\pic18-lt\cxx-framework\src\traditional\proc\p18f14k50.asm
         ToSendDataBuffer   0x0002b9       data     extern Z:\REVIVE_CHATA\ReviveUSB_FWver007\main.c
                    UADDR   0x000f5c       data     extern E:\3.46\pic18-lt\cxx-framework\src\traditional\proc\p18f14k50.asm
                UADDRbits   0x000f5c       data     extern E:\3.46\pic18-lt\cxx-framework\src\traditional\proc\p18f14k50.asm
                     UCFG   0x000f61       data     extern E:\3.46\pic18-lt\cxx-framework\src\traditional\proc\p18f14k50.asm
                 UCFGbits   0x000f61       data     extern E:\3.46\pic18-lt\cxx-framework\src\traditional\proc\p18f14k50.asm
                     UCON   0x000f64       data     extern E:\3.46\pic18-lt\cxx-framework\src\traditional\proc\p18f14k50.asm
                 UCONbits   0x000f64       data     extern E:\3.46\pic18-lt\cxx-framework\src\traditional\proc\p18f14k50.asm
                     UEIE   0x000f5b       data     extern E:\3.46\pic18-lt\cxx-framework\src\traditional\proc\p18f14k50.asm
                 UEIEbits   0x000f5b       data     extern E:\3.46\pic18-lt\cxx-framework\src\traditional\proc\p18f14k50.asm
                     UEIR   0x000f5f       data     extern E:\3.46\pic18-lt\cxx-framework\src\traditional\proc\p18f14k50.asm
                 UEIRbits   0x000f5f       data     extern E:\3.46\pic18-lt\cxx-framework\src\traditional\proc\p18f14k50.asm
                     UEP0   0x000f53       data     extern E:\3.46\pic18-lt\cxx-framework\src\traditional\proc\p18f14k50.asm
                 UEP0bits   0x000f53       data     extern E:\3.46\pic18-lt\cxx-framework\src\traditional\proc\p18f14k50.asm
                     UEP1   0x000f54       data     extern E:\3.46\pic18-lt\cxx-framework\src\traditional\proc\p18f14k50.asm
                 UEP1bits   0x000f54       data     extern E:\3.46\pic18-lt\cxx-framework\src\traditional\proc\p18f14k50.asm
                     UEP2   0x000f55       data     extern E:\3.46\pic18-lt\cxx-framework\src\traditional\proc\p18f14k50.asm
                 UEP2bits   0x000f55       data     extern E:\3.46\pic18-lt\cxx-framework\src\traditional\proc\p18f14k50.asm
                     UEP3   0x000f56       data     extern E:\3.46\pic18-lt\cxx-framework\src\traditional\proc\p18f14k50.asm
                 UEP3bits   0x000f56       data     extern E:\3.46\pic18-lt\cxx-framework\src\traditional\proc\p18f14k50.asm
                     UEP4   0x000f57       data     extern E:\3.46\pic18-lt\cxx-framework\src\traditional\proc\p18f14k50.asm
                 UEP4bits   0x000f57       data     extern E:\3.46\pic18-lt\cxx-framework\src\traditional\proc\p18f14k50.asm
                     UEP5   0x000f58       data     extern E:\3.46\pic18-lt\cxx-framework\src\traditional\proc\p18f14k50.asm
                 UEP5bits   0x000f58       data     extern E:\3.46\pic18-lt\cxx-framework\src\traditional\proc\p18f14k50.asm
                     UEP6   0x000f59       data     extern E:\3.46\pic18-lt\cxx-framework\src\traditional\proc\p18f14k50.asm
                 UEP6bits   0x000f59       data     extern E:\3.46\pic18-lt\cxx-framework\src\traditional\proc\p18f14k50.asm
                     UEP7   0x000f5a       data     extern E:\3.46\pic18-lt\cxx-framework\src\traditional\proc\p18f14k50.asm
                 UEP7bits   0x000f5a       data     extern E:\3.46\pic18-lt\cxx-framework\src\traditional\proc\p18f14k50.asm
                    UFRMH   0x000f5e       data     extern E:\3.46\pic18-lt\cxx-framework\src\traditional\proc\p18f14k50.asm
                UFRMHbits   0x000f5e       data     extern E:\3.46\pic18-lt\cxx-framework\src\traditional\proc\p18f14k50.asm
                    UFRML   0x000f5d       data     extern E:\3.46\pic18-lt\cxx-framework\src\traditional\proc\p18f14k50.asm
                UFRMLbits   0x000f5d       data     extern E:\3.46\pic18-lt\cxx-framework\src\traditional\proc\p18f14k50.asm
                      UIE   0x000f60       data     extern E:\3.46\pic18-lt\cxx-framework\src\traditional\proc\p18f14k50.asm
                  UIEbits   0x000f60       data     extern E:\3.46\pic18-lt\cxx-framework\src\traditional\proc\p18f14k50.asm
                      UIR   0x000f62       data     extern E:\3.46\pic18-lt\cxx-framework\src\traditional\proc\p18f14k50.asm
                  UIRbits   0x000f62       data     extern E:\3.46\pic18-lt\cxx-framework\src\traditional\proc\p18f14k50.asm
   USBActiveConfiguration   0x0000b7       data     extern Z:\REVIVE_CHATA\ReviveUSB_FWver007\Microchip\USB\usb_device.c
    USBAlternateInterface   0x0000b8       data     extern Z:\REVIVE_CHATA\ReviveUSB_FWver007\Microchip\USB\usb_device.c
        USBBusIsSuspended   0x0000e2       data     extern Z:\REVIVE_CHATA\ReviveUSB_FWver007\Microchip\USB\usb_device.c
USBDeferINDataStagePackets   0x0000f4       data     extern Z:\REVIVE_CHATA\ReviveUSB_FWver007\Microchip\USB\usb_device.c
USBDeferOUTDataStagePackets   0x0000f5       data     extern Z:\REVIVE_CHATA\ReviveUSB_FWver007\Microchip\USB\usb_device.c
USBDeferStatusStagePacket   0x0000f1       data     extern Z:\REVIVE_CHATA\ReviveUSB_FWver007\Microchip\USB\usb_device.c
           USBDeviceState   0x0000b6       data     extern Z:\REVIVE_CHATA\ReviveUSB_FWver007\Microchip\USB\usb_device.c
              USBInHandle   0x00007f       data     extern Z:\REVIVE_CHATA\ReviveUSB_FWver007\main.c
             USBOutHandle   0x00007d       data     extern Z:\REVIVE_CHATA\ReviveUSB_FWver007\main.c
USBStatusStageEnabledFlag1   0x0000f2       data     extern Z:\REVIVE_CHATA\ReviveUSB_FWver007\Microchip\USB\usb_device.c
USBStatusStageEnabledFlag2   0x0000f3       data     extern Z:\REVIVE_CHATA\ReviveUSB_FWver007\Microchip\USB\usb_device.c
USBStatusStageTimeoutCounter   0x0000f0       data     extern Z:\REVIVE_CHATA\ReviveUSB_FWver007\Microchip\USB\usb_device.c
                    USTAT   0x000f63       data     extern E:\3.46\pic18-lt\cxx-framework\src\traditional\proc\p18f14k50.asm
                USTATbits   0x000f63       data     extern E:\3.46\pic18-lt\cxx-framework\src\traditional\proc\p18f14k50.asm
                USTATcopy   0x0000e3       data     extern Z:\REVIVE_CHATA\ReviveUSB_FWver007\Microchip\USB\usb_device.c
                 VREFCON0   0x000fba       data     extern E:\3.46\pic18-lt\cxx-framework\src\traditional\proc\p18f14k50.asm
             VREFCON0bits   0x000fba       data     extern E:\3.46\pic18-lt\cxx-framework\src\traditional\proc\p18f14k50.asm
                 VREFCON1   0x000fbb       data     extern E:\3.46\pic18-lt\cxx-framework\src\traditional\proc\p18f14k50.asm
             VREFCON1bits   0x000fbb       data     extern E:\3.46\pic18-lt\cxx-framework\src\traditional\proc\p18f14k50.asm
                 VREFCON2   0x000fbc       data     extern E:\3.46\pic18-lt\cxx-framework\src\traditional\proc\p18f14k50.asm
             VREFCON2bits   0x000fbc       data     extern E:\3.46\pic18-lt\cxx-framework\src\traditional\proc\p18f14k50.asm
                        W   0x000fe8       data     extern E:\3.46\pic18-lt\cxx-framework\src\traditional\proc\p18f14k50.asm
                   WDTCON   0x000fd1       data     extern E:\3.46\pic18-lt\cxx-framework\src\traditional\proc\p18f14k50.asm
               WDTCONbits   0x000fd1       data     extern E:\3.46\pic18-lt\cxx-framework\src\traditional\proc\p18f14k50.asm
                     WPUA   0x000f77       data     extern E:\3.46\pic18-lt\cxx-framework\src\traditional\proc\p18f14k50.asm
                 WPUAbits   0x000f77       data     extern E:\3.46\pic18-lt\cxx-framework\src\traditional\proc\p18f14k50.asm
                     WPUB   0x000f78       data     extern E:\3.46\pic18-lt\cxx-framework\src\traditional\proc\p18f14k50.asm
                 WPUBbits   0x000f78       data     extern E:\3.46\pic18-lt\cxx-framework\src\traditional\proc\p18f14k50.asm
                     WREG   0x000fe8       data     extern E:\3.46\pic18-lt\cxx-framework\src\traditional\proc\p18f14k50.asm
                 __AARGB0   0x000009       data     extern E:\3.46\pic18-lt\cxx-framework\src\traditional\math\aarg.asm
                 __AARGB1   0x000008       data     extern E:\3.46\pic18-lt\cxx-framework\src\traditional\math\aarg.asm
                 __AARGB2   0x000007       data     extern E:\3.46\pic18-lt\cxx-framework\src\traditional\math\aarg.asm
                 __AARGB3   0x000006       data     extern E:\3.46\pic18-lt\cxx-framework\src\traditional\math\aarg.asm
                 __AARGB4   0x000005       data     extern E:\3.46\pic18-lt\cxx-framework\src\traditional\math\aarg.asm
                 __AARGB5   0x000004       data     extern E:\3.46\pic18-lt\cxx-framework\src\traditional\math\aarg.asm
                 __AARGB6   0x000003       data     extern E:\3.46\pic18-lt\cxx-framework\src\traditional\math\aarg.asm
                 __AARGB7   0x000002       data     extern E:\3.46\pic18-lt\cxx-framework\src\traditional\math\aarg.asm
                   __AEXP   0x00000a       data     extern E:\3.46\pic18-lt\cxx-framework\src\traditional\math\aarg.asm
                 __BARGB0   0x00000e       data     extern E:\3.46\pic18-lt\cxx-framework\src\traditional\math\barg.asm
                 __BARGB1   0x00000d       data     extern E:\3.46\pic18-lt\cxx-framework\src\traditional\math\barg.asm
                 __BARGB2   0x00000c       data     extern E:\3.46\pic18-lt\cxx-framework\src\traditional\math\barg.asm
                 __BARGB3   0x00000b       data     extern E:\3.46\pic18-lt\cxx-framework\src\traditional\math\barg.asm
                   __BEXP   0x00000f       data     extern E:\3.46\pic18-lt\cxx-framework\src\traditional\math\barg.asm
                __FPFLAGS   0x000001       data     extern E:\3.46\pic18-lt\cxx-framework\src\traditional\math\cmath18.asm
            __FPFLAGSbits   0x000001       data     extern E:\3.46\pic18-lt\cxx-framework\src\traditional\math\cmath18.asm
                  __REMB0   0x000005       data     extern E:\3.46\pic18-lt\cxx-framework\src\traditional\math\aarg.asm
                  __REMB1   0x000004       data     extern E:\3.46\pic18-lt\cxx-framework\src\traditional\math\aarg.asm
                  __REMB2   0x000003       data     extern E:\3.46\pic18-lt\cxx-framework\src\traditional\math\aarg.asm
                  __REMB3   0x000002       data     extern E:\3.46\pic18-lt\cxx-framework\src\traditional\math\aarg.asm
                   __TEMP   0x000013       data     extern E:\3.46\pic18-lt\cxx-framework\src\traditional\math\temparg.asm
                 __TEMPB0   0x000013       data     extern E:\3.46\pic18-lt\cxx-framework\src\traditional\math\temparg.asm
                 __TEMPB1   0x000012       data     extern E:\3.46\pic18-lt\cxx-framework\src\traditional\math\temparg.asm
                 __TEMPB2   0x000011       data     extern E:\3.46\pic18-lt\cxx-framework\src\traditional\math\temparg.asm
                 __TEMPB3   0x000010       data     extern E:\3.46\pic18-lt\cxx-framework\src\traditional\math\temparg.asm
                  __tmp_0   0x00001f       data     static Z:\REVIVE_CHATA\ReviveUSB_FWver007\eeprom.c
                  __tmp_0   0x00001f       data     static Z:\REVIVE_CHATA\ReviveUSB_FWver007\Microchip\USB\usb_device.c
                  __tmp_0   0x00001f       data     static Z:\REVIVE_CHATA\ReviveUSB_FWver007\main.c
                  __tmp_2   0x000014       data     static Z:\REVIVE_CHATA\ReviveUSB_FWver007\main.c
          active_protocol   0x000175       data     extern Z:\REVIVE_CHATA\ReviveUSB_FWver007\Microchip\USB\HID Device Driver\usb_function_hid.c
    button_pressing_count   0x00015a       data     extern Z:\REVIVE_CHATA\ReviveUSB_FWver007\main.c
             button_state   0x000158       data     extern Z:\REVIVE_CHATA\ReviveUSB_FWver007\main.c
                c_version   0x000060       data     extern Z:\REVIVE_CHATA\ReviveUSB_FWver007\main.c
     controlTransferState   0x0000d2       data     extern Z:\REVIVE_CHATA\ReviveUSB_FWver007\Microchip\USB\usb_device.c
                curr_byte   0x0000f9       data     static E:\3.46\pic18-lt\cxx-framework\src\traditional\startup\c018i.c
               curr_entry   0x0000fb       data     static E:\3.46\pic18-lt\cxx-framework\src\traditional\startup\c018i.c
                 data_ptr   0x0000fd       data     static E:\3.46\pic18-lt\cxx-framework\src\traditional\startup\c018i.c
              delay_count   0x000172       data     static Z:\REVIVE_CHATA\ReviveUSB_FWver007\main.c
       eeprom_check_count   0x0000b2       data     extern Z:\REVIVE_CHATA\ReviveUSB_FWver007\main.c
              eeprom_data   0x00008d       data     extern Z:\REVIVE_CHATA\ReviveUSB_FWver007\main.c
     eeprom_smpl_interval   0x0000b1       data     extern Z:\REVIVE_CHATA\ReviveUSB_FWver007\main.c
          endpoint_number   0x0000e4       data     extern Z:\REVIVE_CHATA\ReviveUSB_FWver007\Microchip\USB\usb_device.c
               ep_data_in   0x0000e6       data     extern Z:\REVIVE_CHATA\ReviveUSB_FWver007\Microchip\USB\usb_device.c
              ep_data_out   0x0000eb       data     extern Z:\REVIVE_CHATA\ReviveUSB_FWver007\Microchip\USB\usb_device.c
               hid_report   0x000271       data     extern Z:\REVIVE_CHATA\ReviveUSB_FWver007\main.c
            hid_report_in   0x000261       data     extern Z:\REVIVE_CHATA\ReviveUSB_FWver007\Microchip\USB\usb_device.c
           hid_report_out   0x000260       data     extern Z:\REVIVE_CHATA\ReviveUSB_FWver007\Microchip\USB\usb_device.c
      hid_report_out_flag   0x0000b5       data     extern Z:\REVIVE_CHATA\ReviveUSB_FWver007\main.c
                idle_rate   0x000174       data     extern Z:\REVIVE_CHATA\ReviveUSB_FWver007\Microchip\USB\HID Device Driver\usb_function_hid.c
                  inPipes   0x0000d3       data     extern Z:\REVIVE_CHATA\ReviveUSB_FWver007\Microchip\USB\usb_device.c
          joystick_buffer   0x000144       data     extern Z:\REVIVE_CHATA\ReviveUSB_FWver007\main.c
           joystick_input   0x000269       data     extern Z:\REVIVE_CHATA\ReviveUSB_FWver007\main.c
  joystick_input_out_flag   0x0000b3       data     extern Z:\REVIVE_CHATA\ReviveUSB_FWver007\main.c
          keyboard_buffer   0x000148       data     extern Z:\REVIVE_CHATA\ReviveUSB_FWver007\main.c
lastINTransmissionKeyboard   0x000154       data     extern Z:\REVIVE_CHATA\ReviveUSB_FWver007\main.c
lastOUTTransmissionKeyboard   0x000156       data     extern Z:\REVIVE_CHATA\ReviveUSB_FWver007\main.c
         lastTransmission   0x000150       data     extern Z:\REVIVE_CHATA\ReviveUSB_FWver007\main.c
        lastTransmission2   0x000152       data     extern Z:\REVIVE_CHATA\ReviveUSB_FWver007\main.c
             mouse_buffer   0x000140       data     extern Z:\REVIVE_CHATA\ReviveUSB_FWver007\main.c
              mouse_input   0x00026d       data     extern Z:\REVIVE_CHATA\ReviveUSB_FWver007\main.c
     mouse_input_out_flag   0x0000b4       data     extern Z:\REVIVE_CHATA\ReviveUSB_FWver007\main.c
          mouse_move_down   0x000167       data     extern Z:\REVIVE_CHATA\ReviveUSB_FWver007\main.c
          mouse_move_left   0x000168       data     extern Z:\REVIVE_CHATA\ReviveUSB_FWver007\main.c
         mouse_move_right   0x000169       data     extern Z:\REVIVE_CHATA\ReviveUSB_FWver007\main.c
            mouse_move_up   0x000166       data     extern Z:\REVIVE_CHATA\ReviveUSB_FWver007\main.c
         mouse_wheel_down   0x00016b       data     extern Z:\REVIVE_CHATA\ReviveUSB_FWver007\main.c
           mouse_wheel_up   0x00016a       data     extern Z:\REVIVE_CHATA\ReviveUSB_FWver007\main.c
                 outPipes   0x0000d8       data     extern Z:\REVIVE_CHATA\ReviveUSB_FWver007\Microchip\USB\usb_device.c
   pBDTEntryEP0OutCurrent   0x0000b9       data     extern Z:\REVIVE_CHATA\ReviveUSB_FWver007\Microchip\USB\usb_device.c
      pBDTEntryEP0OutNext   0x0000bb       data     extern Z:\REVIVE_CHATA\ReviveUSB_FWver007\Microchip\USB\usb_device.c
              pBDTEntryIn   0x0000c7       data     extern Z:\REVIVE_CHATA\ReviveUSB_FWver007\Microchip\USB\usb_device.c
             pBDTEntryOut   0x0000bd       data     extern Z:\REVIVE_CHATA\ReviveUSB_FWver007\Microchip\USB\usb_device.c
                     pDst   0x0000df       data     extern Z:\REVIVE_CHATA\ReviveUSB_FWver007\Microchip\USB\usb_device.c
                     prom   0x0000f6       data     static E:\3.46\pic18-lt\cxx-framework\src\traditional\startup\c018i.c
        shortPacketStatus   0x0000d1       data     extern Z:\REVIVE_CHATA\ReviveUSB_FWver007\Microchip\USB\usb_device.c
    speed_mouse_move_down   0x00016d       data     extern Z:\REVIVE_CHATA\ReviveUSB_FWver007\main.c
    speed_mouse_move_left   0x00016e       data     extern Z:\REVIVE_CHATA\ReviveUSB_FWver007\main.c
   speed_mouse_move_right   0x00016f       data     extern Z:\REVIVE_CHATA\ReviveUSB_FWver007\main.c
      speed_mouse_move_up   0x00016c       data     extern Z:\REVIVE_CHATA\ReviveUSB_FWver007\main.c
   speed_mouse_wheel_down   0x000171       data     extern Z:\REVIVE_CHATA\ReviveUSB_FWver007\main.c
     speed_mouse_wheel_up   0x000170       data     extern Z:\REVIVE_CHATA\ReviveUSB_FWver007\main.c
     temp_mouse_move_down   0x000083       data     extern Z:\REVIVE_CHATA\ReviveUSB_FWver007\main.c
     temp_mouse_move_left   0x000085       data     extern Z:\REVIVE_CHATA\ReviveUSB_FWver007\main.c
    temp_mouse_move_right   0x000087       data     extern Z:\REVIVE_CHATA\ReviveUSB_FWver007\main.c
       temp_mouse_move_up   0x000081       data     extern Z:\REVIVE_CHATA\ReviveUSB_FWver007\main.c
    temp_mouse_wheel_down   0x00008b       data     extern Z:\REVIVE_CHATA\ReviveUSB_FWver007\main.c
      temp_mouse_wheel_up   0x000089       data     extern Z:\REVIVE_CHATA\ReviveUSB_FWver007\main.c



                              Symbols - Sorted by Address
                     Name    Address   Location    Storage File                     
                ---------  ---------  ---------  --------- ---------                
                   _entry   0x000000    program     extern E:\3.46\pic18-lt\cxx-framework\src\traditional\startup\c018i.c
       ___return_lbl00000   0x000004    program     static                          
                 High_ISR   0x000008    program     extern Z:\REVIVE_CHATA\ReviveUSB_FWver007\main.c
       ___return_lbl00003   0x00000c    program     static                          
                  Low_ISR   0x000018    program     extern Z:\REVIVE_CHATA\ReviveUSB_FWver007\main.c
       ___return_lbl00004   0x00001c    program     static                          
                   _reset   0x001000    program     extern Z:\REVIVE_CHATA\ReviveUSB_FWver007\main.c
       ___return_lbl00000   0x001004    program     static                          
                   __init   0x001006    program     extern E:\3.46\pic18-lt\cxx-framework\src\traditional\stdclib\__init.c
        Remapped_High_ISR   0x001008    program     extern Z:\REVIVE_CHATA\ReviveUSB_FWver007\main.c
       ___return_lbl00001   0x00100c    program     static                          
         Remapped_Low_ISR   0x001018    program     extern Z:\REVIVE_CHATA\ReviveUSB_FWver007\main.c
       ___return_lbl00002   0x00101c    program     static                          
  YourHighPriorityISRCode   0x00102c    program     extern Z:\REVIVE_CHATA\ReviveUSB_FWver007\main.c
   YourLowPriorityISRCode   0x00103a    program     extern Z:\REVIVE_CHATA\ReviveUSB_FWver007\main.c
          ___for_lbl00014   0x00120e    program     static                          
              __tmplbl_21   0x001222    program     static                          
           ___?:_lbl00010   0x001262    program     static                          
           ___?:_lbl00009   0x001264    program     static                          
           ___if_lbl00011   0x00129e    program     static                          
         ___else_lbl00013   0x0012a0    program     static                          
           ___if_lbl00012   0x0012b6    program     static                          
          ___for_lbl00007   0x0012b6    program     static                          
       ___return_lbl00006   0x0012bc    program     static                          
           ___if_lbl00015   0x0012bc    program     static                          
          ___for_lbl00008   0x0012bc    program     static                          
                     main   0x00130c    program     extern Z:\REVIVE_CHATA\ReviveUSB_FWver007\main.c
         InitializeSystem   0x001316    program     static Z:\REVIVE_CHATA\ReviveUSB_FWver007\main.c
                 UserInit   0x001320    program     extern Z:\REVIVE_CHATA\ReviveUSB_FWver007\main.c
                ProcessIO   0x0015d8    program     extern Z:\REVIVE_CHATA\ReviveUSB_FWver007\main.c
              __tmplbl_28   0x001e4c    program     static                          
              __tmplbl_27   0x001e4c    program     static                          
             USBCBSuspend   0x001e60    program     extern Z:\REVIVE_CHATA\ReviveUSB_FWver007\main.c
     USBCBWakeFromSuspend   0x001e62    program     extern Z:\REVIVE_CHATA\ReviveUSB_FWver007\main.c
        USBCB_SOF_Handler   0x001e64    program     extern Z:\REVIVE_CHATA\ReviveUSB_FWver007\main.c
        USBCBErrorHandler   0x001e66    program     extern Z:\REVIVE_CHATA\ReviveUSB_FWver007\main.c
       USBCBCheckOtherReq   0x001e68    program     extern Z:\REVIVE_CHATA\ReviveUSB_FWver007\main.c
    USBCBStdSetDscHandler   0x001e6c    program     extern Z:\REVIVE_CHATA\ReviveUSB_FWver007\main.c
              USBCBInitEP   0x001e6e    program     extern Z:\REVIVE_CHATA\ReviveUSB_FWver007\main.c
          USBCBSendResume   0x001e8c    program     extern Z:\REVIVE_CHATA\ReviveUSB_FWver007\main.c
USER_USB_CALLBACK_EVENT_HANDLER   0x001ea8    program     extern Z:\REVIVE_CHATA\ReviveUSB_FWver007\main.c
              __tmplbl_13   0x001ec4    program     static                          
              __tmplbl_14   0x001ed0    program     static                          
              __tmplbl_15   0x001eda    program     static                          
              __tmplbl_16   0x001ee4    program     static                          
              __tmplbl_17   0x001eee    program     static                          
              __tmplbl_18   0x001ef8    program     static                          
              __tmplbl_19   0x001f02    program     static                          
              __tmplbl_20   0x001f0c    program     static                          
       ___case_1_lbl00155   0x001f10    program     static                          
       ___case_2_lbl00156   0x001f14    program     static                          
       ___case_3_lbl00157   0x001f18    program     static                          
     ___case_115_lbl00158   0x001f1c    program     static                          
     ___case_117_lbl00159   0x001f20    program     static                          
     ___case_116_lbl00160   0x001f24    program     static                          
   ___case_32767_lbl00161   0x001f28    program     static                          
     ___case_114_lbl00162   0x001f2c    program     static                          
      ___default_lbl00163   0x001f30    program     static                          
   ___switchexit_lbl00154   0x001f32    program     static                          
       ___return_lbl00153   0x001f36    program     static                          
                   __pa_0   0x001f3e    program     static Z:\REVIVE_CHATA\ReviveUSB_FWver007\main.c
                   __pa_1   0x001f5a    program     static Z:\REVIVE_CHATA\ReviveUSB_FWver007\main.c
                   __pa_2   0x001f7e    program     static Z:\REVIVE_CHATA\ReviveUSB_FWver007\main.c
                   __pa_3   0x001f8e    program     static Z:\REVIVE_CHATA\ReviveUSB_FWver007\main.c
                   __pa_4   0x001faa    program     static Z:\REVIVE_CHATA\ReviveUSB_FWver007\main.c
                   __pa_5   0x001fb2    program     static Z:\REVIVE_CHATA\ReviveUSB_FWver007\main.c
                   __pa_6   0x001fc2    program     static Z:\REVIVE_CHATA\ReviveUSB_FWver007\main.c
                   __pa_7   0x001fcc    program     static Z:\REVIVE_CHATA\ReviveUSB_FWver007\main.c
                   __pa_8   0x001fd4    program     static Z:\REVIVE_CHATA\ReviveUSB_FWver007\main.c
                   __pa_9   0x001fe0    program     static Z:\REVIVE_CHATA\ReviveUSB_FWver007\main.c
[...]
                 DDRAbits   0x000f92       data     extern E:\3.46\pic18-lt\cxx-framework\src\traditional\proc\p18f14k50.asm
                     DDRA   0x000f92       data     extern E:\3.46\pic18-lt\cxx-framework\src\traditional\proc\p18f14k50.asm
                    TRISB   0x000f93       data     extern E:\3.46\pic18-lt\cxx-framework\src\traditional\proc\p18f14k50.asm
                TRISBbits   0x000f93       data     extern E:\3.46\pic18-lt\cxx-framework\src\traditional\proc\p18f14k50.asm
                 DDRBbits   0x000f93       data     extern E:\3.46\pic18-lt\cxx-framework\src\traditional\proc\p18f14k50.asm
                     DDRB   0x000f93       data     extern E:\3.46\pic18-lt\cxx-framework\src\traditional\proc\p18f14k50.asm
                 DDRCbits   0x000f94       data     extern E:\3.46\pic18-lt\cxx-framework\src\traditional\proc\p18f14k50.asm
                     DDRC   0x000f94       data     extern E:\3.46\pic18-lt\cxx-framework\src\traditional\proc\p18f14k50.asm
                    TRISC   0x000f94       data     extern E:\3.46\pic18-lt\cxx-framework\src\traditional\proc\p18f14k50.asm
                TRISCbits   0x000f94       data     extern E:\3.46\pic18-lt\cxx-framework\src\traditional\proc\p18f14k50.asm
                  OSCTUNE   0x000f9b       data     extern E:\3.46\pic18-lt\cxx-framework\src\traditional\proc\p18f14k50.asm
              OSCTUNEbits   0x000f9b       data     extern E:\3.46\pic18-lt\cxx-framework\src\traditional\proc\p18f14k50.asm
                 PIE1bits   0x000f9d       data     extern E:\3.46\pic18-lt\cxx-framework\src\traditional\proc\p18f14k50.asm
                     PIE1   0x000f9d       data     extern E:\3.46\pic18-lt\cxx-framework\src\traditional\proc\p18f14k50.asm
                 PIR1bits   0x000f9e       data     extern E:\3.46\pic18-lt\cxx-framework\src\traditional\proc\p18f14k50.asm
                     PIR1   0x000f9e       data     extern E:\3.46\pic18-lt\cxx-framework\src\traditional\proc\p18f14k50.asm
                     IPR1   0x000f9f       data     extern E:\3.46\pic18-lt\cxx-framework\src\traditional\proc\p18f14k50.asm
                 IPR1bits   0x000f9f       data     extern E:\3.46\pic18-lt\cxx-framework\src\traditional\proc\p18f14k50.asm
                 PIE2bits   0x000fa0       data     extern E:\3.46\pic18-lt\cxx-framework\src\traditional\proc\p18f14k50.asm
                     PIE2   0x000fa0       data     extern E:\3.46\pic18-lt\cxx-framework\src\traditional\proc\p18f14k50.asm
                 PIR2bits   0x000fa1       data     extern E:\3.46\pic18-lt\cxx-framework\src\traditional\proc\p18f14k50.asm
                     PIR2   0x000fa1       data     extern E:\3.46\pic18-lt\cxx-framework\src\traditional\proc\p18f14k50.asm
                 IPR2bits   0x000fa2       data     extern E:\3.46\pic18-lt\cxx-framework\src\traditional\proc\p18f14k50.asm
                     IPR2   0x000fa2       data     extern E:\3.46\pic18-lt\cxx-framework\src\traditional\proc\p18f14k50.asm
                   EECON1   0x000fa6       data     extern E:\3.46\pic18-lt\cxx-framework\src\traditional\proc\p18f14k50.asm
               EECON1bits   0x000fa6       data     extern E:\3.46\pic18-lt\cxx-framework\src\traditional\proc\p18f14k50.asm
                   EECON2   0x000fa7       data     extern E:\3.46\pic18-lt\cxx-framework\src\traditional\proc\p18f14k50.asm
                   EEDATA   0x000fa8       data     extern E:\3.46\pic18-lt\cxx-framework\src\traditional\proc\p18f14k50.asm
                    EEADR   0x000fa9       data     extern E:\3.46\pic18-lt\cxx-framework\src\traditional\proc\p18f14k50.asm
                EEADRbits   0x000fa9       data     extern E:\3.46\pic18-lt\cxx-framework\src\traditional\proc\p18f14k50.asm
                    RCSTA   0x000fab       data     extern E:\3.46\pic18-lt\cxx-framework\src\traditional\proc\p18f14k50.asm
                RCSTAbits   0x000fab       data     extern E:\3.46\pic18-lt\cxx-framework\src\traditional\proc\p18f14k50.asm
                    TXSTA   0x000fac       data     extern E:\3.46\pic18-lt\cxx-framework\src\traditional\proc\p18f14k50.asm
                TXSTAbits   0x000fac       data     extern E:\3.46\pic18-lt\cxx-framework\src\traditional\proc\p18f14k50.asm
                    TXREG   0x000fad       data     extern E:\3.46\pic18-lt\cxx-framework\src\traditional\proc\p18f14k50.asm
                    RCREG   0x000fae       data     extern E:\3.46\pic18-lt\cxx-framework\src\traditional\proc\p18f14k50.asm
                    SPBRG   0x000faf       data     extern E:\3.46\pic18-lt\cxx-framework\src\traditional\proc\p18f14k50.asm
                   SPBRGH   0x000fb0       data     extern E:\3.46\pic18-lt\cxx-framework\src\traditional\proc\p18f14k50.asm
                T3CONbits   0x000fb1       data     extern E:\3.46\pic18-lt\cxx-framework\src\traditional\proc\p18f14k50.asm
                    T3CON   0x000fb1       data     extern E:\3.46\pic18-lt\cxx-framework\src\traditional\proc\p18f14k50.asm
                    TMR3L   0x000fb2       data     extern E:\3.46\pic18-lt\cxx-framework\src\traditional\proc\p18f14k50.asm
                    TMR3H   0x000fb3       data     extern E:\3.46\pic18-lt\cxx-framework\src\traditional\proc\p18f14k50.asm
              ECCP1ASbits   0x000fb6       data     extern E:\3.46\pic18-lt\cxx-framework\src\traditional\proc\p18f14k50.asm
                  ECCP1AS   0x000fb6       data     extern E:\3.46\pic18-lt\cxx-framework\src\traditional\proc\p18f14k50.asm
              PWM1CONbits   0x000fb7       data     extern E:\3.46\pic18-lt\cxx-framework\src\traditional\proc\p18f14k50.asm
                  PWM1CON   0x000fb7       data     extern E:\3.46\pic18-lt\cxx-framework\src\traditional\proc\p18f14k50.asm
                  BAUDCON   0x000fb8       data     extern E:\3.46\pic18-lt\cxx-framework\src\traditional\proc\p18f14k50.asm
              BAUDCONbits   0x000fb8       data     extern E:\3.46\pic18-lt\cxx-framework\src\traditional\proc\p18f14k50.asm
                  BAUDCTL   0x000fb8       data     extern E:\3.46\pic18-lt\cxx-framework\src\traditional\proc\p18f14k50.asm
              BAUDCTLbits   0x000fb8       data     extern E:\3.46\pic18-lt\cxx-framework\src\traditional\proc\p18f14k50.asm
                  PSTRCON   0x000fb9       data     extern E:\3.46\pic18-lt\cxx-framework\src\traditional\proc\p18f14k50.asm
              PSTRCONbits   0x000fb9       data     extern E:\3.46\pic18-lt\cxx-framework\src\traditional\proc\p18f14k50.asm
                  REFCON0   0x000fba       data     extern E:\3.46\pic18-lt\cxx-framework\src\traditional\proc\p18f14k50.asm
             VREFCON0bits   0x000fba       data     extern E:\3.46\pic18-lt\cxx-framework\src\traditional\proc\p18f14k50.asm
                 VREFCON0   0x000fba       data     extern E:\3.46\pic18-lt\cxx-framework\src\traditional\proc\p18f14k50.asm
              REFCON0bits   0x000fba       data     extern E:\3.46\pic18-lt\cxx-framework\src\traditional\proc\p18f14k50.asm
                  REFCON1   0x000fbb       data     extern E:\3.46\pic18-lt\cxx-framework\src\traditional\proc\p18f14k50.asm
              REFCON1bits   0x000fbb       data     extern E:\3.46\pic18-lt\cxx-framework\src\traditional\proc\p18f14k50.asm
                 VREFCON1   0x000fbb       data     extern E:\3.46\pic18-lt\cxx-framework\src\traditional\proc\p18f14k50.asm
             VREFCON1bits   0x000fbb       data     extern E:\3.46\pic18-lt\cxx-framework\src\traditional\proc\p18f14k50.asm
             VREFCON2bits   0x000fbc       data     extern E:\3.46\pic18-lt\cxx-framework\src\traditional\proc\p18f14k50.asm
                 VREFCON2   0x000fbc       data     extern E:\3.46\pic18-lt\cxx-framework\src\traditional\proc\p18f14k50.asm
                  REFCON2   0x000fbc       data     extern E:\3.46\pic18-lt\cxx-framework\src\traditional\proc\p18f14k50.asm
              REFCON2bits   0x000fbc       data     extern E:\3.46\pic18-lt\cxx-framework\src\traditional\proc\p18f14k50.asm
              CCP1CONbits   0x000fbd       data     extern E:\3.46\pic18-lt\cxx-framework\src\traditional\proc\p18f14k50.asm
                  CCP1CON   0x000fbd       data     extern E:\3.46\pic18-lt\cxx-framework\src\traditional\proc\p18f14k50.asm
                    CCPR1   0x000fbe       data     extern E:\3.46\pic18-lt\cxx-framework\src\traditional\proc\p18f14k50.asm
                   CCPR1L   0x000fbe       data     extern E:\3.46\pic18-lt\cxx-framework\src\traditional\proc\p18f14k50.asm
                   CCPR1H   0x000fbf       data     extern E:\3.46\pic18-lt\cxx-framework\src\traditional\proc\p18f14k50.asm
                   ADCON2   0x000fc0       data     extern E:\3.46\pic18-lt\cxx-framework\src\traditional\proc\p18f14k50.asm
               ADCON2bits   0x000fc0       data     extern E:\3.46\pic18-lt\cxx-framework\src\traditional\proc\p18f14k50.asm
               ADCON1bits   0x000fc1       data     extern E:\3.46\pic18-lt\cxx-framework\src\traditional\proc\p18f14k50.asm
                   ADCON1   0x000fc1       data     extern E:\3.46\pic18-lt\cxx-framework\src\traditional\proc\p18f14k50.asm
                   ADCON0   0x000fc2       data     extern E:\3.46\pic18-lt\cxx-framework\src\traditional\proc\p18f14k50.asm
               ADCON0bits   0x000fc2       data     extern E:\3.46\pic18-lt\cxx-framework\src\traditional\proc\p18f14k50.asm
                    ADRES   0x000fc3       data     extern E:\3.46\pic18-lt\cxx-framework\src\traditional\proc\p18f14k50.asm
                   ADRESL   0x000fc3       data     extern E:\3.46\pic18-lt\cxx-framework\src\traditional\proc\p18f14k50.asm
                   ADRESH   0x000fc4       data     extern E:\3.46\pic18-lt\cxx-framework\src\traditional\proc\p18f14k50.asm
                  SSPCON2   0x000fc5       data     extern E:\3.46\pic18-lt\cxx-framework\src\traditional\proc\p18f14k50.asm
              SSPCON2bits   0x000fc5       data     extern E:\3.46\pic18-lt\cxx-framework\src\traditional\proc\p18f14k50.asm
              SSPCON1bits   0x000fc6       data     extern E:\3.46\pic18-lt\cxx-framework\src\traditional\proc\p18f14k50.asm
                  SSPCON1   0x000fc6       data     extern E:\3.46\pic18-lt\cxx-framework\src\traditional\proc\p18f14k50.asm
                  SSPSTAT   0x000fc7       data     extern E:\3.46\pic18-lt\cxx-framework\src\traditional\proc\p18f14k50.asm
              SSPSTATbits   0x000fc7       data     extern E:\3.46\pic18-lt\cxx-framework\src\traditional\proc\p18f14k50.asm
                   SSPADD   0x000fc8       data     extern E:\3.46\pic18-lt\cxx-framework\src\traditional\proc\p18f14k50.asm
                   SSPBUF   0x000fc9       data     extern E:\3.46\pic18-lt\cxx-framework\src\traditional\proc\p18f14k50.asm
                    T2CON   0x000fca       data     extern E:\3.46\pic18-lt\cxx-framework\src\traditional\proc\p18f14k50.asm
                T2CONbits   0x000fca       data     extern E:\3.46\pic18-lt\cxx-framework\src\traditional\proc\p18f14k50.asm
                      PR2   0x000fcb       data     extern E:\3.46\pic18-lt\cxx-framework\src\traditional\proc\p18f14k50.asm
                     TMR2   0x000fcc       data     extern E:\3.46\pic18-lt\cxx-framework\src\traditional\proc\p18f14k50.asm
                    T1CON   0x000fcd       data     extern E:\3.46\pic18-lt\cxx-framework\src\traditional\proc\p18f14k50.asm
                T1CONbits   0x000fcd       data     extern E:\3.46\pic18-lt\cxx-framework\src\traditional\proc\p18f14k50.asm
                    TMR1L   0x000fce       data     extern E:\3.46\pic18-lt\cxx-framework\src\traditional\proc\p18f14k50.asm
                    TMR1H   0x000fcf       data     extern E:\3.46\pic18-lt\cxx-framework\src\traditional\proc\p18f14k50.asm
                     RCON   0x000fd0       data     extern E:\3.46\pic18-lt\cxx-framework\src\traditional\proc\p18f14k50.asm
                 RCONbits   0x000fd0       data     extern E:\3.46\pic18-lt\cxx-framework\src\traditional\proc\p18f14k50.asm
                   WDTCON   0x000fd1       data     extern E:\3.46\pic18-lt\cxx-framework\src\traditional\proc\p18f14k50.asm
               WDTCONbits   0x000fd1       data     extern E:\3.46\pic18-lt\cxx-framework\src\traditional\proc\p18f14k50.asm
                  OSCCON2   0x000fd2       data     extern E:\3.46\pic18-lt\cxx-framework\src\traditional\proc\p18f14k50.asm
              OSCCON2bits   0x000fd2       data     extern E:\3.46\pic18-lt\cxx-framework\src\traditional\proc\p18f14k50.asm
                   OSCCON   0x000fd3       data     extern E:\3.46\pic18-lt\cxx-framework\src\traditional\proc\p18f14k50.asm
               OSCCONbits   0x000fd3       data     extern E:\3.46\pic18-lt\cxx-framework\src\traditional\proc\p18f14k50.asm
                T0CONbits   0x000fd5       data     extern E:\3.46\pic18-lt\cxx-framework\src\traditional\proc\p18f14k50.asm
                    T0CON   0x000fd5       data     extern E:\3.46\pic18-lt\cxx-framework\src\traditional\proc\p18f14k50.asm
                    TMR0L   0x000fd6       data     extern E:\3.46\pic18-lt\cxx-framework\src\traditional\proc\p18f14k50.asm
                    TMR0H   0x000fd7       data     extern E:\3.46\pic18-lt\cxx-framework\src\traditional\proc\p18f14k50.asm
                   STATUS   0x000fd8       data     extern E:\3.46\pic18-lt\cxx-framework\src\traditional\proc\p18f14k50.asm
               STATUSbits   0x000fd8       data     extern E:\3.46\pic18-lt\cxx-framework\src\traditional\proc\p18f14k50.asm
                    FSR2L   0x000fd9       data     extern E:\3.46\pic18-lt\cxx-framework\src\traditional\proc\p18f14k50.asm
                     FSR2   0x000fd9       data     extern E:\3.46\pic18-lt\cxx-framework\src\traditional\proc\p18f14k50.asm
                    FSR2H   0x000fda       data     extern E:\3.46\pic18-lt\cxx-framework\src\traditional\proc\p18f14k50.asm
                   PLUSW2   0x000fdb       data     extern E:\3.46\pic18-lt\cxx-framework\src\traditional\proc\p18f14k50.asm
                  PREINC2   0x000fdc       data     extern E:\3.46\pic18-lt\cxx-framework\src\traditional\proc\p18f14k50.asm
                 POSTDEC2   0x000fdd       data     extern E:\3.46\pic18-lt\cxx-framework\src\traditional\proc\p18f14k50.asm
                 POSTINC2   0x000fde       data     extern E:\3.46\pic18-lt\cxx-framework\src\traditional\proc\p18f14k50.asm
                    INDF2   0x000fdf       data     extern E:\3.46\pic18-lt\cxx-framework\src\traditional\proc\p18f14k50.asm
                      BSR   0x000fe0       data     extern E:\3.46\pic18-lt\cxx-framework\src\traditional\proc\p18f14k50.asm
                    FSR1L   0x000fe1       data     extern E:\3.46\pic18-lt\cxx-framework\src\traditional\proc\p18f14k50.asm
                     FSR1   0x000fe1       data     extern E:\3.46\pic18-lt\cxx-framework\src\traditional\proc\p18f14k50.asm
                    FSR1H   0x000fe2       data     extern E:\3.46\pic18-lt\cxx-framework\src\traditional\proc\p18f14k50.asm
                   PLUSW1   0x000fe3       data     extern E:\3.46\pic18-lt\cxx-framework\src\traditional\proc\p18f14k50.asm
                  PREINC1   0x000fe4       data     extern E:\3.46\pic18-lt\cxx-framework\src\traditional\proc\p18f14k50.asm
                 POSTDEC1   0x000fe5       data     extern E:\3.46\pic18-lt\cxx-framework\src\traditional\proc\p18f14k50.asm
                 POSTINC1   0x000fe6       data     extern E:\3.46\pic18-lt\cxx-framework\src\traditional\proc\p18f14k50.asm
                    INDF1   0x000fe7       data     extern E:\3.46\pic18-lt\cxx-framework\src\traditional\proc\p18f14k50.asm
                     WREG   0x000fe8       data     extern E:\3.46\pic18-lt\cxx-framework\src\traditional\proc\p18f14k50.asm
                        W   0x000fe8       data     extern E:\3.46\pic18-lt\cxx-framework\src\traditional\proc\p18f14k50.asm
                     FSR0   0x000fe9       data     extern E:\3.46\pic18-lt\cxx-framework\src\traditional\proc\p18f14k50.asm
                    FSR0L   0x000fe9       data     extern E:\3.46\pic18-lt\cxx-framework\src\traditional\proc\p18f14k50.asm
                    FSR0H   0x000fea       data     extern E:\3.46\pic18-lt\cxx-framework\src\traditional\proc\p18f14k50.asm
                   PLUSW0   0x000feb       data     extern E:\3.46\pic18-lt\cxx-framework\src\traditional\proc\p18f14k50.asm
                  PREINC0   0x000fec       data     extern E:\3.46\pic18-lt\cxx-framework\src\traditional\proc\p18f14k50.asm
                 POSTDEC0   0x000fed       data     extern E:\3.46\pic18-lt\cxx-framework\src\traditional\proc\p18f14k50.asm
                 POSTINC0   0x000fee       data     extern E:\3.46\pic18-lt\cxx-framework\src\traditional\proc\p18f14k50.asm
                    INDF0   0x000fef       data     extern E:\3.46\pic18-lt\cxx-framework\src\traditional\proc\p18f14k50.asm
              INTCON3bits   0x000ff0       data     extern E:\3.46\pic18-lt\cxx-framework\src\traditional\proc\p18f14k50.asm
                  INTCON3   0x000ff0       data     extern E:\3.46\pic18-lt\cxx-framework\src\traditional\proc\p18f14k50.asm
              INTCON2bits   0x000ff1       data     extern E:\3.46\pic18-lt\cxx-framework\src\traditional\proc\p18f14k50.asm
                  INTCON2   0x000ff1       data     extern E:\3.46\pic18-lt\cxx-framework\src\traditional\proc\p18f14k50.asm
               INTCONbits   0x000ff2       data     extern E:\3.46\pic18-lt\cxx-framework\src\traditional\proc\p18f14k50.asm
                   INTCON   0x000ff2       data     extern E:\3.46\pic18-lt\cxx-framework\src\traditional\proc\p18f14k50.asm
                     PROD   0x000ff3       data     extern E:\3.46\pic18-lt\cxx-framework\src\traditional\proc\p18f14k50.asm
                    PRODL   0x000ff3       data     extern E:\3.46\pic18-lt\cxx-framework\src\traditional\proc\p18f14k50.asm
                    PRODH   0x000ff4       data     extern E:\3.46\pic18-lt\cxx-framework\src\traditional\proc\p18f14k50.asm
                   TABLAT   0x000ff5       data     extern E:\3.46\pic18-lt\cxx-framework\src\traditional\proc\p18f14k50.asm
                   TBLPTR   0x000ff6       data     extern E:\3.46\pic18-lt\cxx-framework\src\traditional\proc\p18f14k50.asm
                  TBLPTRL   0x000ff6       data     extern E:\3.46\pic18-lt\cxx-framework\src\traditional\proc\p18f14k50.asm
                  TBLPTRH   0x000ff7       data     extern E:\3.46\pic18-lt\cxx-framework\src\traditional\proc\p18f14k50.asm
                  TBLPTRU   0x000ff8       data     extern E:\3.46\pic18-lt\cxx-framework\src\traditional\proc\p18f14k50.asm
                      PCL   0x000ff9       data     extern E:\3.46\pic18-lt\cxx-framework\src\traditional\proc\p18f14k50.asm
                       PC   0x000ff9       data     extern E:\3.46\pic18-lt\cxx-framework\src\traditional\proc\p18f14k50.asm
                   PCLATH   0x000ffa       data     extern E:\3.46\pic18-lt\cxx-framework\src\traditional\proc\p18f14k50.asm
                   PCLATU   0x000ffb       data     extern E:\3.46\pic18-lt\cxx-framework\src\traditional\proc\p18f14k50.asm
               STKPTRbits   0x000ffc       data     extern E:\3.46\pic18-lt\cxx-framework\src\traditional\proc\p18f14k50.asm
                   STKPTR   0x000ffc       data     extern E:\3.46\pic18-lt\cxx-framework\src\traditional\proc\p18f14k50.asm
                      TOS   0x000ffd       data     extern E:\3.46\pic18-lt\cxx-framework\src\traditional\proc\p18f14k50.asm
                     TOSL   0x000ffd       data     extern E:\3.46\pic18-lt\cxx-framework\src\traditional\proc\p18f14k50.asm
                     TOSH   0x000ffe       data     extern E:\3.46\pic18-lt\cxx-framework\src\traditional\proc\p18f14k50.asm
                     TOSU   0x000fff       data     extern E:\3.46\pic18-lt\cxx-framework\src\traditional\proc\p18f14k50.asm


